============================= test session starts =============================
platform win32 -- Python 3.12.10, pytest-9.0.2, pluggy-1.6.0
rootdir: C:\Users\Kaue_Martins\Desktop\saka-delivery-kds\backend
plugins: anyio-4.12.1, asyncio-1.3.0
asyncio: mode=Mode.STRICT, debug=False, asyncio_default_fixture_loop_scope=None, asyncio_default_test_loop_scope=function
collected 36 items

tests\test_auth.py FFF.F.                                                [ 16%]
tests\test_credito.py FFFF                                               [ 27%]
tests\test_repasse.py FFF                                                [ 36%]
tests\test_webhook.py .........F.F.......F.FF                            [100%]

================================== FAILURES ===================================
_____________________________ test_register_user ______________________________

self = <sqlalchemy.engine.base.Connection object at 0x000001A19E9B8560>
dialect = <sqlalchemy.dialects.sqlite.aiosqlite.SQLiteDialect_aiosqlite object at 0x000001A19E9726C0>
constructor = <bound method DefaultExecutionContext._init_compiled of <class 'sqlalchemy.dialects.sqlite.aiosqlite.SQLiteExecutionContext_aiosqlite'>>
statement = <sqlalchemy.dialects.sqlite.base.SQLiteCompiler object at 0x000001A19E947560>
parameters = [{'created_at': '2026-03-19T14:44:39.554955', 'email': 'test@example.com', 'full_name': 'Test User', 'is_active': True, ...}]
execution_options = immutabledict({'compiled_cache': <sqlalchemy.util._collections.LRUCache object at 0x000001A19EA22FC0>})
args = (<sqlalchemy.dialects.sqlite.base.SQLiteCompiler object at 0x000001A19E947560>, [{'created_at': '2026-03-19T14:44:39.5...com', 'full_name': 'Test User', 'is_active': True, ...}], <sqlalchemy.sql.dml.Insert object at 0x000001A19E946E40>, [])
kw = {'cache_hit': <CacheStats.CACHE_MISS: 1>}, yp = None
conn = <sqlalchemy.pool.base._ConnectionFairy object at 0x000001A19E6E1A30>

    def _execute_context(
        self,
        dialect: Dialect,
        constructor: Callable[..., ExecutionContext],
        statement: Union[str, Compiled],
        parameters: Optional[_AnyMultiExecuteParams],
        execution_options: _ExecuteOptions,
        *args: Any,
        **kw: Any,
    ) -> CursorResult[Any]:
        """Create an :class:`.ExecutionContext` and execute, returning
        a :class:`_engine.CursorResult`."""
    
        if execution_options:
            yp = execution_options.get("yield_per", None)
            if yp:
                execution_options = execution_options.union(
                    {"stream_results": True, "max_row_buffer": yp}
                )
        try:
            conn = self._dbapi_connection
            if conn is None:
                conn = self._revalidate_connection()
    
>           context = constructor(
                dialect, self, conn, execution_options, *args, **kw
            )

venv\Lib\site-packages\sqlalchemy\engine\base.py:1814: 
_ _ _ _ _ _ _ _ _ _ _ _ _ _ _ _ _ _ _ _ _ _ _ _ _ _ _ _ _ _ _ _ _ _ _ _ _ _ _ _
venv\Lib\site-packages\sqlalchemy\engine\default.py:1456: in _init_compiled
    flattened_processors[key](compiled_params[key])
_ _ _ _ _ _ _ _ _ _ _ _ _ _ _ _ _ _ _ _ _ _ _ _ _ _ _ _ _ _ _ _ _ _ _ _ _ _ _ _

value = '2026-03-19T14:44:39.554955'

    def process(value):
        if value is None:
            return None
        elif isinstance(value, datetime_datetime):
            return format_ % {
                "year": value.year,
                "month": value.month,
                "day": value.day,
                "hour": value.hour,
                "minute": value.minute,
                "second": value.second,
                "microsecond": value.microsecond,
            }
        elif isinstance(value, datetime_date):
            return format_ % {
                "year": value.year,
                "month": value.month,
                "day": value.day,
                "hour": 0,
                "minute": 0,
                "second": 0,
                "microsecond": 0,
            }
        else:
>           raise TypeError(
                "SQLite DateTime type only accepts Python "
                "datetime and date objects as input."
            )
E           TypeError: SQLite DateTime type only accepts Python datetime and date objects as input.

venv\Lib\site-packages\sqlalchemy\dialects\sqlite\base.py:1068: TypeError

The above exception was the direct cause of the following exception:

client = <httpx.AsyncClient object at 0x000001A19E8B7A40>

    @pytest.mark.asyncio
    async def test_register_user(client: AsyncClient):
        """Testa registro de novo usuário."""
>       response = await client.post("/auth/register", json={
            "username": "testuser",
            "full_name": "Test User",
            "password": "test123",
            "email": "test@example.com",
        })

tests\test_auth.py:12: 
_ _ _ _ _ _ _ _ _ _ _ _ _ _ _ _ _ _ _ _ _ _ _ _ _ _ _ _ _ _ _ _ _ _ _ _ _ _ _ _
venv\Lib\site-packages\httpx\_client.py:1877: in post
    return await self.request(
venv\Lib\site-packages\httpx\_client.py:1559: in request
    return await self.send(request, auth=auth, follow_redirects=follow_redirects)
           ^^^^^^^^^^^^^^^^^^^^^^^^^^^^^^^^^^^^^^^^^^^^^^^^^^^^^^^^^^^^^^^^^^^^^^
venv\Lib\site-packages\httpx\_client.py:1646: in send
    response = await self._send_handling_auth(
venv\Lib\site-packages\httpx\_client.py:1674: in _send_handling_auth
    response = await self._send_handling_redirects(
venv\Lib\site-packages\httpx\_client.py:1711: in _send_handling_redirects
    response = await self._send_single_request(request)
               ^^^^^^^^^^^^^^^^^^^^^^^^^^^^^^^^^^^^^^^^
venv\Lib\site-packages\httpx\_client.py:1748: in _send_single_request
    response = await transport.handle_async_request(request)
               ^^^^^^^^^^^^^^^^^^^^^^^^^^^^^^^^^^^^^^^^^^^^^
venv\Lib\site-packages\httpx\_transports\asgi.py:162: in handle_async_request
    await self.app(scope, receive, send)
venv\Lib\site-packages\fastapi\applications.py:1054: in __call__
    await super().__call__(scope, receive, send)
venv\Lib\site-packages\starlette\applications.py:123: in __call__
    await self.middleware_stack(scope, receive, send)
venv\Lib\site-packages\starlette\middleware\errors.py:186: in __call__
    raise exc
venv\Lib\site-packages\starlette\middleware\errors.py:164: in __call__
    await self.app(scope, receive, _send)
venv\Lib\site-packages\starlette\middleware\cors.py:83: in __call__
    await self.app(scope, receive, send)
venv\Lib\site-packages\starlette\middleware\exceptions.py:62: in __call__
    await wrap_app_handling_exceptions(self.app, conn)(scope, receive, send)
venv\Lib\site-packages\starlette\_exception_handler.py:64: in wrapped_app
    raise exc
venv\Lib\site-packages\starlette\_exception_handler.py:53: in wrapped_app
    await app(scope, receive, sender)
venv\Lib\site-packages\starlette\routing.py:762: in __call__
    await self.middleware_stack(scope, receive, send)
venv\Lib\site-packages\starlette\routing.py:782: in app
    await route.handle(scope, receive, send)
venv\Lib\site-packages\starlette\routing.py:297: in handle
    await self.app(scope, receive, send)
venv\Lib\site-packages\starlette\routing.py:77: in app
    await wrap_app_handling_exceptions(app, request)(scope, receive, send)
venv\Lib\site-packages\starlette\_exception_handler.py:64: in wrapped_app
    raise exc
venv\Lib\site-packages\starlette\_exception_handler.py:53: in wrapped_app
    await app(scope, receive, sender)
venv\Lib\site-packages\starlette\routing.py:72: in app
    response = await func(request)
               ^^^^^^^^^^^^^^^^^^^
venv\Lib\site-packages\fastapi\routing.py:299: in app
    raise e
venv\Lib\site-packages\fastapi\routing.py:294: in app
    raw_response = await run_endpoint_function(
venv\Lib\site-packages\fastapi\routing.py:191: in run_endpoint_function
    return await dependant.call(**values)
           ^^^^^^^^^^^^^^^^^^^^^^^^^^^^^^
app\routers\auth.py:60: in register
    user = await user_service.create_user(
app\services\user_service.py:81: in create_user
    user = await user_repo.create(db, obj_in=user_in)
           ^^^^^^^^^^^^^^^^^^^^^^^^^^^^^^^^^^^^^^^^^^
app\repositories\base.py:60: in create
    await db.commit()
venv\Lib\site-packages\sqlalchemy\ext\asyncio\session.py:1011: in commit
    await greenlet_spawn(self.sync_session.commit)
venv\Lib\site-packages\sqlalchemy\util\_concurrency_py3k.py:202: in greenlet_spawn
    result = context.switch(value)
             ^^^^^^^^^^^^^^^^^^^^^
venv\Lib\site-packages\sqlalchemy\orm\session.py:1969: in commit
    trans.commit(_to_root=True)
<string>:2: in commit
    ???
venv\Lib\site-packages\sqlalchemy\orm\state_changes.py:139: in _go
    ret_value = fn(self, *arg, **kw)
                ^^^^^^^^^^^^^^^^^^^^
venv\Lib\site-packages\sqlalchemy\orm\session.py:1256: in commit
    self._prepare_impl()
<string>:2: in _prepare_impl
    ???
venv\Lib\site-packages\sqlalchemy\orm\state_changes.py:139: in _go
    ret_value = fn(self, *arg, **kw)
                ^^^^^^^^^^^^^^^^^^^^
venv\Lib\site-packages\sqlalchemy\orm\session.py:1231: in _prepare_impl
    self.session.flush()
venv\Lib\site-packages\sqlalchemy\orm\session.py:4312: in flush
    self._flush(objects)
venv\Lib\site-packages\sqlalchemy\orm\session.py:4447: in _flush
    with util.safe_reraise():
         ^^^^^^^^^^^^^^^^^^^
venv\Lib\site-packages\sqlalchemy\util\langhelpers.py:146: in __exit__
    raise exc_value.with_traceback(exc_tb)
venv\Lib\site-packages\sqlalchemy\orm\session.py:4408: in _flush
    flush_context.execute()
venv\Lib\site-packages\sqlalchemy\orm\unitofwork.py:466: in execute
    rec.execute(self)
venv\Lib\site-packages\sqlalchemy\orm\unitofwork.py:642: in execute
    util.preloaded.orm_persistence.save_obj(
venv\Lib\site-packages\sqlalchemy\orm\persistence.py:93: in save_obj
    _emit_insert_statements(
venv\Lib\site-packages\sqlalchemy\orm\persistence.py:1227: in _emit_insert_statements
    result = connection.execute(
venv\Lib\site-packages\sqlalchemy\engine\base.py:1416: in execute
    return meth(
venv\Lib\site-packages\sqlalchemy\sql\elements.py:517: in _execute_on_connection
    return connection._execute_clauseelement(
venv\Lib\site-packages\sqlalchemy\engine\base.py:1639: in _execute_clauseelement
    ret = self._execute_context(
venv\Lib\site-packages\sqlalchemy\engine\base.py:1820: in _execute_context
    self._handle_dbapi_exception(
venv\Lib\site-packages\sqlalchemy\engine\base.py:2344: in _handle_dbapi_exception
    raise sqlalchemy_exception.with_traceback(exc_info[2]) from e
venv\Lib\site-packages\sqlalchemy\engine\base.py:1814: in _execute_context
    context = constructor(
venv\Lib\site-packages\sqlalchemy\engine\default.py:1456: in _init_compiled
    flattened_processors[key](compiled_params[key])
_ _ _ _ _ _ _ _ _ _ _ _ _ _ _ _ _ _ _ _ _ _ _ _ _ _ _ _ _ _ _ _ _ _ _ _ _ _ _ _

value = '2026-03-19T14:44:39.554955'

    def process(value):
        if value is None:
            return None
        elif isinstance(value, datetime_datetime):
            return format_ % {
                "year": value.year,
                "month": value.month,
                "day": value.day,
                "hour": value.hour,
                "minute": value.minute,
                "second": value.second,
                "microsecond": value.microsecond,
            }
        elif isinstance(value, datetime_date):
            return format_ % {
                "year": value.year,
                "month": value.month,
                "day": value.day,
                "hour": 0,
                "minute": 0,
                "second": 0,
                "microsecond": 0,
            }
        else:
>           raise TypeError(
                "SQLite DateTime type only accepts Python "
                "datetime and date objects as input."
            )
E           sqlalchemy.exc.StatementError: (builtins.TypeError) SQLite DateTime type only accepts Python datetime and date objects as input.
E           [SQL: INSERT INTO users (tenant_id, username, email, full_name, password_hash, role, saldo_credito, is_active, created_at, last_login) VALUES (?, ?, ?, ?, ?, ?, ?, ?, ?, ?)]
E           [parameters: [{'email': 'test@example.com', 'username': 'testuser', 'full_name': 'Test User', 'is_active': True, 'created_at': '2026-03-19T14:44:39.554955', 'saldo_ ... (7 characters truncated) ... ': 0.0, 'password_hash': 'f6d9f2113215503556c05651ee275cb386869e5d7286beb103f20bc390633d8e', 'role': 'KITCHEN', 'last_login': None, 'tenant_id': None}]]

venv\Lib\site-packages\sqlalchemy\dialects\sqlite\base.py:1068: StatementError
---------------------------- Captured stderr call -----------------------------
2026-03-19 11:44:39,560 - app.main - ERROR - Unhandled exception on POST /auth/register: (builtins.TypeError) SQLite DateTime type only accepts Python datetime and date objects as input.
[SQL: INSERT INTO users (tenant_id, username, email, full_name, password_hash, role, saldo_credito, is_active, created_at, last_login) VALUES (?, ?, ?, ?, ?, ?, ?, ?, ?, ?)]
[parameters: [{'email': 'test@example.com', 'username': 'testuser', 'full_name': 'Test User', 'is_active': True, 'created_at': '2026-03-19T14:44:39.554955', 'saldo_ ... (7 characters truncated) ... ': 0.0, 'password_hash': 'f6d9f2113215503556c05651ee275cb386869e5d7286beb103f20bc390633d8e', 'role': 'KITCHEN', 'last_login': None, 'tenant_id': None}]]
Traceback (most recent call last):
  File "C:\Users\Kaue_Martins\Desktop\saka-delivery-kds\backend\venv\Lib\site-packages\sqlalchemy\engine\base.py", line 1814, in _execute_context
    context = constructor(
              ^^^^^^^^^^^^
  File "C:\Users\Kaue_Martins\Desktop\saka-delivery-kds\backend\venv\Lib\site-packages\sqlalchemy\engine\default.py", line 1456, in _init_compiled
    flattened_processors[key](compiled_params[key])
  File "C:\Users\Kaue_Martins\Desktop\saka-delivery-kds\backend\venv\Lib\site-packages\sqlalchemy\dialects\sqlite\base.py", line 1068, in process
    raise TypeError(
TypeError: SQLite DateTime type only accepts Python datetime and date objects as input.

The above exception was the direct cause of the following exception:

Traceback (most recent call last):
  File "C:\Users\Kaue_Martins\Desktop\saka-delivery-kds\backend\venv\Lib\site-packages\starlette\middleware\errors.py", line 164, in __call__
    await self.app(scope, receive, _send)
  File "C:\Users\Kaue_Martins\Desktop\saka-delivery-kds\backend\venv\Lib\site-packages\starlette\middleware\cors.py", line 83, in __call__
    await self.app(scope, receive, send)
  File "C:\Users\Kaue_Martins\Desktop\saka-delivery-kds\backend\venv\Lib\site-packages\starlette\middleware\exceptions.py", line 62, in __call__
    await wrap_app_handling_exceptions(self.app, conn)(scope, receive, send)
  File "C:\Users\Kaue_Martins\Desktop\saka-delivery-kds\backend\venv\Lib\site-packages\starlette\_exception_handler.py", line 64, in wrapped_app
    raise exc
  File "C:\Users\Kaue_Martins\Desktop\saka-delivery-kds\backend\venv\Lib\site-packages\starlette\_exception_handler.py", line 53, in wrapped_app
    await app(scope, receive, sender)
  File "C:\Users\Kaue_Martins\Desktop\saka-delivery-kds\backend\venv\Lib\site-packages\starlette\routing.py", line 762, in __call__
    await self.middleware_stack(scope, receive, send)
  File "C:\Users\Kaue_Martins\Desktop\saka-delivery-kds\backend\venv\Lib\site-packages\starlette\routing.py", line 782, in app
    await route.handle(scope, receive, send)
  File "C:\Users\Kaue_Martins\Desktop\saka-delivery-kds\backend\venv\Lib\site-packages\starlette\routing.py", line 297, in handle
    await self.app(scope, receive, send)
  File "C:\Users\Kaue_Martins\Desktop\saka-delivery-kds\backend\venv\Lib\site-packages\starlette\routing.py", line 77, in app
    await wrap_app_handling_exceptions(app, request)(scope, receive, send)
  File "C:\Users\Kaue_Martins\Desktop\saka-delivery-kds\backend\venv\Lib\site-packages\starlette\_exception_handler.py", line 64, in wrapped_app
    raise exc
  File "C:\Users\Kaue_Martins\Desktop\saka-delivery-kds\backend\venv\Lib\site-packages\starlette\_exception_handler.py", line 53, in wrapped_app
    await app(scope, receive, sender)
  File "C:\Users\Kaue_Martins\Desktop\saka-delivery-kds\backend\venv\Lib\site-packages\starlette\routing.py", line 72, in app
    response = await func(request)
               ^^^^^^^^^^^^^^^^^^^
  File "C:\Users\Kaue_Martins\Desktop\saka-delivery-kds\backend\venv\Lib\site-packages\fastapi\routing.py", line 299, in app
    raise e
  File "C:\Users\Kaue_Martins\Desktop\saka-delivery-kds\backend\venv\Lib\site-packages\fastapi\routing.py", line 294, in app
    raw_response = await run_endpoint_function(
                   ^^^^^^^^^^^^^^^^^^^^^^^^^^^^
  File "C:\Users\Kaue_Martins\Desktop\saka-delivery-kds\backend\venv\Lib\site-packages\fastapi\routing.py", line 191, in run_endpoint_function
    return await dependant.call(**values)
           ^^^^^^^^^^^^^^^^^^^^^^^^^^^^^^
  File "C:\Users\Kaue_Martins\Desktop\saka-delivery-kds\backend\app\routers\auth.py", line 60, in register
    user = await user_service.create_user(
           ^^^^^^^^^^^^^^^^^^^^^^^^^^^^^^^
  File "C:\Users\Kaue_Martins\Desktop\saka-delivery-kds\backend\app\services\user_service.py", line 81, in create_user
    user = await user_repo.create(db, obj_in=user_in)
           ^^^^^^^^^^^^^^^^^^^^^^^^^^^^^^^^^^^^^^^^^^
  File "C:\Users\Kaue_Martins\Desktop\saka-delivery-kds\backend\app\repositories\base.py", line 60, in create
    await db.commit()
  File "C:\Users\Kaue_Martins\Desktop\saka-delivery-kds\backend\venv\Lib\site-packages\sqlalchemy\ext\asyncio\session.py", line 1011, in commit
    await greenlet_spawn(self.sync_session.commit)
  File "C:\Users\Kaue_Martins\Desktop\saka-delivery-kds\backend\venv\Lib\site-packages\sqlalchemy\util\_concurrency_py3k.py", line 202, in greenlet_spawn
    result = context.switch(value)
             ^^^^^^^^^^^^^^^^^^^^^
  File "C:\Users\Kaue_Martins\Desktop\saka-delivery-kds\backend\venv\Lib\site-packages\sqlalchemy\orm\session.py", line 1969, in commit
    trans.commit(_to_root=True)
  File "<string>", line 2, in commit
  File "C:\Users\Kaue_Martins\Desktop\saka-delivery-kds\backend\venv\Lib\site-packages\sqlalchemy\orm\state_changes.py", line 139, in _go
    ret_value = fn(self, *arg, **kw)
                ^^^^^^^^^^^^^^^^^^^^
  File "C:\Users\Kaue_Martins\Desktop\saka-delivery-kds\backend\venv\Lib\site-packages\sqlalchemy\orm\session.py", line 1256, in commit
    self._prepare_impl()
  File "<string>", line 2, in _prepare_impl
  File "C:\Users\Kaue_Martins\Desktop\saka-delivery-kds\backend\venv\Lib\site-packages\sqlalchemy\orm\state_changes.py", line 139, in _go
    ret_value = fn(self, *arg, **kw)
                ^^^^^^^^^^^^^^^^^^^^
  File "C:\Users\Kaue_Martins\Desktop\saka-delivery-kds\backend\venv\Lib\site-packages\sqlalchemy\orm\session.py", line 1231, in _prepare_impl
    self.session.flush()
  File "C:\Users\Kaue_Martins\Desktop\saka-delivery-kds\backend\venv\Lib\site-packages\sqlalchemy\orm\session.py", line 4312, in flush
    self._flush(objects)
  File "C:\Users\Kaue_Martins\Desktop\saka-delivery-kds\backend\venv\Lib\site-packages\sqlalchemy\orm\session.py", line 4447, in _flush
    with util.safe_reraise():
         ^^^^^^^^^^^^^^^^^^^
  File "C:\Users\Kaue_Martins\Desktop\saka-delivery-kds\backend\venv\Lib\site-packages\sqlalchemy\util\langhelpers.py", line 146, in __exit__
    raise exc_value.with_traceback(exc_tb)
  File "C:\Users\Kaue_Martins\Desktop\saka-delivery-kds\backend\venv\Lib\site-packages\sqlalchemy\orm\session.py", line 4408, in _flush
    flush_context.execute()
  File "C:\Users\Kaue_Martins\Desktop\saka-delivery-kds\backend\venv\Lib\site-packages\sqlalchemy\orm\unitofwork.py", line 466, in execute
    rec.execute(self)
  File "C:\Users\Kaue_Martins\Desktop\saka-delivery-kds\backend\venv\Lib\site-packages\sqlalchemy\orm\unitofwork.py", line 642, in execute
    util.preloaded.orm_persistence.save_obj(
  File "C:\Users\Kaue_Martins\Desktop\saka-delivery-kds\backend\venv\Lib\site-packages\sqlalchemy\orm\persistence.py", line 93, in save_obj
    _emit_insert_statements(
  File "C:\Users\Kaue_Martins\Desktop\saka-delivery-kds\backend\venv\Lib\site-packages\sqlalchemy\orm\persistence.py", line 1227, in _emit_insert_statements
    result = connection.execute(
             ^^^^^^^^^^^^^^^^^^^
  File "C:\Users\Kaue_Martins\Desktop\saka-delivery-kds\backend\venv\Lib\site-packages\sqlalchemy\engine\base.py", line 1416, in execute
    return meth(
           ^^^^^
  File "C:\Users\Kaue_Martins\Desktop\saka-delivery-kds\backend\venv\Lib\site-packages\sqlalchemy\sql\elements.py", line 517, in _execute_on_connection
    return connection._execute_clauseelement(
           ^^^^^^^^^^^^^^^^^^^^^^^^^^^^^^^^^^
  File "C:\Users\Kaue_Martins\Desktop\saka-delivery-kds\backend\venv\Lib\site-packages\sqlalchemy\engine\base.py", line 1639, in _execute_clauseelement
    ret = self._execute_context(
          ^^^^^^^^^^^^^^^^^^^^^^
  File "C:\Users\Kaue_Martins\Desktop\saka-delivery-kds\backend\venv\Lib\site-packages\sqlalchemy\engine\base.py", line 1820, in _execute_context
    self._handle_dbapi_exception(
  File "C:\Users\Kaue_Martins\Desktop\saka-delivery-kds\backend\venv\Lib\site-packages\sqlalchemy\engine\base.py", line 2344, in _handle_dbapi_exception
    raise sqlalchemy_exception.with_traceback(exc_info[2]) from e
  File "C:\Users\Kaue_Martins\Desktop\saka-delivery-kds\backend\venv\Lib\site-packages\sqlalchemy\engine\base.py", line 1814, in _execute_context
    context = constructor(
              ^^^^^^^^^^^^
  File "C:\Users\Kaue_Martins\Desktop\saka-delivery-kds\backend\venv\Lib\site-packages\sqlalchemy\engine\default.py", line 1456, in _init_compiled
    flattened_processors[key](compiled_params[key])
  File "C:\Users\Kaue_Martins\Desktop\saka-delivery-kds\backend\venv\Lib\site-packages\sqlalchemy\dialects\sqlite\base.py", line 1068, in process
    raise TypeError(
sqlalchemy.exc.StatementError: (builtins.TypeError) SQLite DateTime type only accepts Python datetime and date objects as input.
[SQL: INSERT INTO users (tenant_id, username, email, full_name, password_hash, role, saldo_credito, is_active, created_at, last_login) VALUES (?, ?, ?, ?, ?, ?, ?, ?, ?, ?)]
[parameters: [{'email': 'test@example.com', 'username': 'testuser', 'full_name': 'Test User', 'is_active': True, 'created_at': '2026-03-19T14:44:39.554955', 'saldo_ ... (7 characters truncated) ... ': 0.0, 'password_hash': 'f6d9f2113215503556c05651ee275cb386869e5d7286beb103f20bc390633d8e', 'role': 'KITCHEN', 'last_login': None, 'tenant_id': None}]]
------------------------------ Captured log call ------------------------------
ERROR    app.main:main.py:101 Unhandled exception on POST /auth/register: (builtins.TypeError) SQLite DateTime type only accepts Python datetime and date objects as input.
[SQL: INSERT INTO users (tenant_id, username, email, full_name, password_hash, role, saldo_credito, is_active, created_at, last_login) VALUES (?, ?, ?, ?, ?, ?, ?, ?, ?, ?)]
[parameters: [{'email': 'test@example.com', 'username': 'testuser', 'full_name': 'Test User', 'is_active': True, 'created_at': '2026-03-19T14:44:39.554955', 'saldo_ ... (7 characters truncated) ... ': 0.0, 'password_hash': 'f6d9f2113215503556c05651ee275cb386869e5d7286beb103f20bc390633d8e', 'role': 'KITCHEN', 'last_login': None, 'tenant_id': None}]]
Traceback (most recent call last):
  File "C:\Users\Kaue_Martins\Desktop\saka-delivery-kds\backend\venv\Lib\site-packages\sqlalchemy\engine\base.py", line 1814, in _execute_context
    context = constructor(
              ^^^^^^^^^^^^
  File "C:\Users\Kaue_Martins\Desktop\saka-delivery-kds\backend\venv\Lib\site-packages\sqlalchemy\engine\default.py", line 1456, in _init_compiled
    flattened_processors[key](compiled_params[key])
  File "C:\Users\Kaue_Martins\Desktop\saka-delivery-kds\backend\venv\Lib\site-packages\sqlalchemy\dialects\sqlite\base.py", line 1068, in process
    raise TypeError(
TypeError: SQLite DateTime type only accepts Python datetime and date objects as input.

The above exception was the direct cause of the following exception:

Traceback (most recent call last):
  File "C:\Users\Kaue_Martins\Desktop\saka-delivery-kds\backend\venv\Lib\site-packages\starlette\middleware\errors.py", line 164, in __call__
    await self.app(scope, receive, _send)
  File "C:\Users\Kaue_Martins\Desktop\saka-delivery-kds\backend\venv\Lib\site-packages\starlette\middleware\cors.py", line 83, in __call__
    await self.app(scope, receive, send)
  File "C:\Users\Kaue_Martins\Desktop\saka-delivery-kds\backend\venv\Lib\site-packages\starlette\middleware\exceptions.py", line 62, in __call__
    await wrap_app_handling_exceptions(self.app, conn)(scope, receive, send)
  File "C:\Users\Kaue_Martins\Desktop\saka-delivery-kds\backend\venv\Lib\site-packages\starlette\_exception_handler.py", line 64, in wrapped_app
    raise exc
  File "C:\Users\Kaue_Martins\Desktop\saka-delivery-kds\backend\venv\Lib\site-packages\starlette\_exception_handler.py", line 53, in wrapped_app
    await app(scope, receive, sender)
  File "C:\Users\Kaue_Martins\Desktop\saka-delivery-kds\backend\venv\Lib\site-packages\starlette\routing.py", line 762, in __call__
    await self.middleware_stack(scope, receive, send)
  File "C:\Users\Kaue_Martins\Desktop\saka-delivery-kds\backend\venv\Lib\site-packages\starlette\routing.py", line 782, in app
    await route.handle(scope, receive, send)
  File "C:\Users\Kaue_Martins\Desktop\saka-delivery-kds\backend\venv\Lib\site-packages\starlette\routing.py", line 297, in handle
    await self.app(scope, receive, send)
  File "C:\Users\Kaue_Martins\Desktop\saka-delivery-kds\backend\venv\Lib\site-packages\starlette\routing.py", line 77, in app
    await wrap_app_handling_exceptions(app, request)(scope, receive, send)
  File "C:\Users\Kaue_Martins\Desktop\saka-delivery-kds\backend\venv\Lib\site-packages\starlette\_exception_handler.py", line 64, in wrapped_app
    raise exc
  File "C:\Users\Kaue_Martins\Desktop\saka-delivery-kds\backend\venv\Lib\site-packages\starlette\_exception_handler.py", line 53, in wrapped_app
    await app(scope, receive, sender)
  File "C:\Users\Kaue_Martins\Desktop\saka-delivery-kds\backend\venv\Lib\site-packages\starlette\routing.py", line 72, in app
    response = await func(request)
               ^^^^^^^^^^^^^^^^^^^
  File "C:\Users\Kaue_Martins\Desktop\saka-delivery-kds\backend\venv\Lib\site-packages\fastapi\routing.py", line 299, in app
    raise e
  File "C:\Users\Kaue_Martins\Desktop\saka-delivery-kds\backend\venv\Lib\site-packages\fastapi\routing.py", line 294, in app
    raw_response = await run_endpoint_function(
                   ^^^^^^^^^^^^^^^^^^^^^^^^^^^^
  File "C:\Users\Kaue_Martins\Desktop\saka-delivery-kds\backend\venv\Lib\site-packages\fastapi\routing.py", line 191, in run_endpoint_function
    return await dependant.call(**values)
           ^^^^^^^^^^^^^^^^^^^^^^^^^^^^^^
  File "C:\Users\Kaue_Martins\Desktop\saka-delivery-kds\backend\app\routers\auth.py", line 60, in register
    user = await user_service.create_user(
           ^^^^^^^^^^^^^^^^^^^^^^^^^^^^^^^
  File "C:\Users\Kaue_Martins\Desktop\saka-delivery-kds\backend\app\services\user_service.py", line 81, in create_user
    user = await user_repo.create(db, obj_in=user_in)
           ^^^^^^^^^^^^^^^^^^^^^^^^^^^^^^^^^^^^^^^^^^
  File "C:\Users\Kaue_Martins\Desktop\saka-delivery-kds\backend\app\repositories\base.py", line 60, in create
    await db.commit()
  File "C:\Users\Kaue_Martins\Desktop\saka-delivery-kds\backend\venv\Lib\site-packages\sqlalchemy\ext\asyncio\session.py", line 1011, in commit
    await greenlet_spawn(self.sync_session.commit)
  File "C:\Users\Kaue_Martins\Desktop\saka-delivery-kds\backend\venv\Lib\site-packages\sqlalchemy\util\_concurrency_py3k.py", line 202, in greenlet_spawn
    result = context.switch(value)
             ^^^^^^^^^^^^^^^^^^^^^
  File "C:\Users\Kaue_Martins\Desktop\saka-delivery-kds\backend\venv\Lib\site-packages\sqlalchemy\orm\session.py", line 1969, in commit
    trans.commit(_to_root=True)
  File "<string>", line 2, in commit
  File "C:\Users\Kaue_Martins\Desktop\saka-delivery-kds\backend\venv\Lib\site-packages\sqlalchemy\orm\state_changes.py", line 139, in _go
    ret_value = fn(self, *arg, **kw)
                ^^^^^^^^^^^^^^^^^^^^
  File "C:\Users\Kaue_Martins\Desktop\saka-delivery-kds\backend\venv\Lib\site-packages\sqlalchemy\orm\session.py", line 1256, in commit
    self._prepare_impl()
  File "<string>", line 2, in _prepare_impl
  File "C:\Users\Kaue_Martins\Desktop\saka-delivery-kds\backend\venv\Lib\site-packages\sqlalchemy\orm\state_changes.py", line 139, in _go
    ret_value = fn(self, *arg, **kw)
                ^^^^^^^^^^^^^^^^^^^^
  File "C:\Users\Kaue_Martins\Desktop\saka-delivery-kds\backend\venv\Lib\site-packages\sqlalchemy\orm\session.py", line 1231, in _prepare_impl
    self.session.flush()
  File "C:\Users\Kaue_Martins\Desktop\saka-delivery-kds\backend\venv\Lib\site-packages\sqlalchemy\orm\session.py", line 4312, in flush
    self._flush(objects)
  File "C:\Users\Kaue_Martins\Desktop\saka-delivery-kds\backend\venv\Lib\site-packages\sqlalchemy\orm\session.py", line 4447, in _flush
    with util.safe_reraise():
         ^^^^^^^^^^^^^^^^^^^
  File "C:\Users\Kaue_Martins\Desktop\saka-delivery-kds\backend\venv\Lib\site-packages\sqlalchemy\util\langhelpers.py", line 146, in __exit__
    raise exc_value.with_traceback(exc_tb)
  File "C:\Users\Kaue_Martins\Desktop\saka-delivery-kds\backend\venv\Lib\site-packages\sqlalchemy\orm\session.py", line 4408, in _flush
    flush_context.execute()
  File "C:\Users\Kaue_Martins\Desktop\saka-delivery-kds\backend\venv\Lib\site-packages\sqlalchemy\orm\unitofwork.py", line 466, in execute
    rec.execute(self)
  File "C:\Users\Kaue_Martins\Desktop\saka-delivery-kds\backend\venv\Lib\site-packages\sqlalchemy\orm\unitofwork.py", line 642, in execute
    util.preloaded.orm_persistence.save_obj(
  File "C:\Users\Kaue_Martins\Desktop\saka-delivery-kds\backend\venv\Lib\site-packages\sqlalchemy\orm\persistence.py", line 93, in save_obj
    _emit_insert_statements(
  File "C:\Users\Kaue_Martins\Desktop\saka-delivery-kds\backend\venv\Lib\site-packages\sqlalchemy\orm\persistence.py", line 1227, in _emit_insert_statements
    result = connection.execute(
             ^^^^^^^^^^^^^^^^^^^
  File "C:\Users\Kaue_Martins\Desktop\saka-delivery-kds\backend\venv\Lib\site-packages\sqlalchemy\engine\base.py", line 1416, in execute
    return meth(
           ^^^^^
  File "C:\Users\Kaue_Martins\Desktop\saka-delivery-kds\backend\venv\Lib\site-packages\sqlalchemy\sql\elements.py", line 517, in _execute_on_connection
    return connection._execute_clauseelement(
           ^^^^^^^^^^^^^^^^^^^^^^^^^^^^^^^^^^
  File "C:\Users\Kaue_Martins\Desktop\saka-delivery-kds\backend\venv\Lib\site-packages\sqlalchemy\engine\base.py", line 1639, in _execute_clauseelement
    ret = self._execute_context(
          ^^^^^^^^^^^^^^^^^^^^^^
  File "C:\Users\Kaue_Martins\Desktop\saka-delivery-kds\backend\venv\Lib\site-packages\sqlalchemy\engine\base.py", line 1820, in _execute_context
    self._handle_dbapi_exception(
  File "C:\Users\Kaue_Martins\Desktop\saka-delivery-kds\backend\venv\Lib\site-packages\sqlalchemy\engine\base.py", line 2344, in _handle_dbapi_exception
    raise sqlalchemy_exception.with_traceback(exc_info[2]) from e
  File "C:\Users\Kaue_Martins\Desktop\saka-delivery-kds\backend\venv\Lib\site-packages\sqlalchemy\engine\base.py", line 1814, in _execute_context
    context = constructor(
              ^^^^^^^^^^^^
  File "C:\Users\Kaue_Martins\Desktop\saka-delivery-kds\backend\venv\Lib\site-packages\sqlalchemy\engine\default.py", line 1456, in _init_compiled
    flattened_processors[key](compiled_params[key])
  File "C:\Users\Kaue_Martins\Desktop\saka-delivery-kds\backend\venv\Lib\site-packages\sqlalchemy\dialects\sqlite\base.py", line 1068, in process
    raise TypeError(
sqlalchemy.exc.StatementError: (builtins.TypeError) SQLite DateTime type only accepts Python datetime and date objects as input.
[SQL: INSERT INTO users (tenant_id, username, email, full_name, password_hash, role, saldo_credito, is_active, created_at, last_login) VALUES (?, ?, ?, ?, ?, ?, ?, ?, ?, ?)]
[parameters: [{'email': 'test@example.com', 'username': 'testuser', 'full_name': 'Test User', 'is_active': True, 'created_at': '2026-03-19T14:44:39.554955', 'saldo_ ... (7 characters truncated) ... ': 0.0, 'password_hash': 'f6d9f2113215503556c05651ee275cb386869e5d7286beb103f20bc390633d8e', 'role': 'KITCHEN', 'last_login': None, 'tenant_id': None}]]
______________________ test_register_duplicate_username _______________________

self = <sqlalchemy.engine.base.Connection object at 0x000001A19ED1D820>
dialect = <sqlalchemy.dialects.sqlite.aiosqlite.SQLiteDialect_aiosqlite object at 0x000001A19EC66000>
constructor = <bound method DefaultExecutionContext._init_compiled of <class 'sqlalchemy.dialects.sqlite.aiosqlite.SQLiteExecutionContext_aiosqlite'>>
statement = <sqlalchemy.dialects.sqlite.base.SQLiteCompiler object at 0x000001A19EC67080>
parameters = [{'created_at': '2026-03-19T14:44:41.237911', 'email': None, 'full_name': 'User', 'is_active': True, ...}]
execution_options = immutabledict({'compiled_cache': <sqlalchemy.util._collections.LRUCache object at 0x000001A19EA22FC0>})
args = (<sqlalchemy.dialects.sqlite.base.SQLiteCompiler object at 0x000001A19EC67080>, [{'created_at': '2026-03-19T14:44:41.2...il': None, 'full_name': 'User', 'is_active': True, ...}], <sqlalchemy.sql.dml.Insert object at 0x000001A19E946E40>, [])
kw = {'cache_hit': <CacheStats.CACHE_MISS: 1>}, yp = None
conn = <sqlalchemy.pool.base._ConnectionFairy object at 0x000001A19E6E0350>

    def _execute_context(
        self,
        dialect: Dialect,
        constructor: Callable[..., ExecutionContext],
        statement: Union[str, Compiled],
        parameters: Optional[_AnyMultiExecuteParams],
        execution_options: _ExecuteOptions,
        *args: Any,
        **kw: Any,
    ) -> CursorResult[Any]:
        """Create an :class:`.ExecutionContext` and execute, returning
        a :class:`_engine.CursorResult`."""
    
        if execution_options:
            yp = execution_options.get("yield_per", None)
            if yp:
                execution_options = execution_options.union(
                    {"stream_results": True, "max_row_buffer": yp}
                )
        try:
            conn = self._dbapi_connection
            if conn is None:
                conn = self._revalidate_connection()
    
>           context = constructor(
                dialect, self, conn, execution_options, *args, **kw
            )

venv\Lib\site-packages\sqlalchemy\engine\base.py:1814: 
_ _ _ _ _ _ _ _ _ _ _ _ _ _ _ _ _ _ _ _ _ _ _ _ _ _ _ _ _ _ _ _ _ _ _ _ _ _ _ _
venv\Lib\site-packages\sqlalchemy\engine\default.py:1456: in _init_compiled
    flattened_processors[key](compiled_params[key])
_ _ _ _ _ _ _ _ _ _ _ _ _ _ _ _ _ _ _ _ _ _ _ _ _ _ _ _ _ _ _ _ _ _ _ _ _ _ _ _

value = '2026-03-19T14:44:41.237911'

    def process(value):
        if value is None:
            return None
        elif isinstance(value, datetime_datetime):
            return format_ % {
                "year": value.year,
                "month": value.month,
                "day": value.day,
                "hour": value.hour,
                "minute": value.minute,
                "second": value.second,
                "microsecond": value.microsecond,
            }
        elif isinstance(value, datetime_date):
            return format_ % {
                "year": value.year,
                "month": value.month,
                "day": value.day,
                "hour": 0,
                "minute": 0,
                "second": 0,
                "microsecond": 0,
            }
        else:
>           raise TypeError(
                "SQLite DateTime type only accepts Python "
                "datetime and date objects as input."
            )
E           TypeError: SQLite DateTime type only accepts Python datetime and date objects as input.

venv\Lib\site-packages\sqlalchemy\dialects\sqlite\base.py:1068: TypeError

The above exception was the direct cause of the following exception:

client = <httpx.AsyncClient object at 0x000001A19EC67A70>

    @pytest.mark.asyncio
    async def test_register_duplicate_username(client: AsyncClient):
        """Testa registro com username duplicado."""
>       await client.post("/auth/register", json={
            "username": "duplicate",
            "full_name": "User",
            "password": "pass123",
        })

tests\test_auth.py:28: 
_ _ _ _ _ _ _ _ _ _ _ _ _ _ _ _ _ _ _ _ _ _ _ _ _ _ _ _ _ _ _ _ _ _ _ _ _ _ _ _
venv\Lib\site-packages\httpx\_client.py:1877: in post
    return await self.request(
venv\Lib\site-packages\httpx\_client.py:1559: in request
    return await self.send(request, auth=auth, follow_redirects=follow_redirects)
           ^^^^^^^^^^^^^^^^^^^^^^^^^^^^^^^^^^^^^^^^^^^^^^^^^^^^^^^^^^^^^^^^^^^^^^
venv\Lib\site-packages\httpx\_client.py:1646: in send
    response = await self._send_handling_auth(
venv\Lib\site-packages\httpx\_client.py:1674: in _send_handling_auth
    response = await self._send_handling_redirects(
venv\Lib\site-packages\httpx\_client.py:1711: in _send_handling_redirects
    response = await self._send_single_request(request)
               ^^^^^^^^^^^^^^^^^^^^^^^^^^^^^^^^^^^^^^^^
venv\Lib\site-packages\httpx\_client.py:1748: in _send_single_request
    response = await transport.handle_async_request(request)
               ^^^^^^^^^^^^^^^^^^^^^^^^^^^^^^^^^^^^^^^^^^^^^
venv\Lib\site-packages\httpx\_transports\asgi.py:162: in handle_async_request
    await self.app(scope, receive, send)
venv\Lib\site-packages\fastapi\applications.py:1054: in __call__
    await super().__call__(scope, receive, send)
venv\Lib\site-packages\starlette\applications.py:123: in __call__
    await self.middleware_stack(scope, receive, send)
venv\Lib\site-packages\starlette\middleware\errors.py:186: in __call__
    raise exc
venv\Lib\site-packages\starlette\middleware\errors.py:164: in __call__
    await self.app(scope, receive, _send)
venv\Lib\site-packages\starlette\middleware\cors.py:83: in __call__
    await self.app(scope, receive, send)
venv\Lib\site-packages\starlette\middleware\exceptions.py:62: in __call__
    await wrap_app_handling_exceptions(self.app, conn)(scope, receive, send)
venv\Lib\site-packages\starlette\_exception_handler.py:64: in wrapped_app
    raise exc
venv\Lib\site-packages\starlette\_exception_handler.py:53: in wrapped_app
    await app(scope, receive, sender)
venv\Lib\site-packages\starlette\routing.py:762: in __call__
    await self.middleware_stack(scope, receive, send)
venv\Lib\site-packages\starlette\routing.py:782: in app
    await route.handle(scope, receive, send)
venv\Lib\site-packages\starlette\routing.py:297: in handle
    await self.app(scope, receive, send)
venv\Lib\site-packages\starlette\routing.py:77: in app
    await wrap_app_handling_exceptions(app, request)(scope, receive, send)
venv\Lib\site-packages\starlette\_exception_handler.py:64: in wrapped_app
    raise exc
venv\Lib\site-packages\starlette\_exception_handler.py:53: in wrapped_app
    await app(scope, receive, sender)
venv\Lib\site-packages\starlette\routing.py:72: in app
    response = await func(request)
               ^^^^^^^^^^^^^^^^^^^
venv\Lib\site-packages\fastapi\routing.py:299: in app
    raise e
venv\Lib\site-packages\fastapi\routing.py:294: in app
    raw_response = await run_endpoint_function(
venv\Lib\site-packages\fastapi\routing.py:191: in run_endpoint_function
    return await dependant.call(**values)
           ^^^^^^^^^^^^^^^^^^^^^^^^^^^^^^
app\routers\auth.py:60: in register
    user = await user_service.create_user(
app\services\user_service.py:81: in create_user
    user = await user_repo.create(db, obj_in=user_in)
           ^^^^^^^^^^^^^^^^^^^^^^^^^^^^^^^^^^^^^^^^^^
app\repositories\base.py:60: in create
    await db.commit()
venv\Lib\site-packages\sqlalchemy\ext\asyncio\session.py:1011: in commit
    await greenlet_spawn(self.sync_session.commit)
venv\Lib\site-packages\sqlalchemy\util\_concurrency_py3k.py:202: in greenlet_spawn
    result = context.switch(value)
             ^^^^^^^^^^^^^^^^^^^^^
venv\Lib\site-packages\sqlalchemy\orm\session.py:1969: in commit
    trans.commit(_to_root=True)
<string>:2: in commit
    ???
venv\Lib\site-packages\sqlalchemy\orm\state_changes.py:139: in _go
    ret_value = fn(self, *arg, **kw)
                ^^^^^^^^^^^^^^^^^^^^
venv\Lib\site-packages\sqlalchemy\orm\session.py:1256: in commit
    self._prepare_impl()
<string>:2: in _prepare_impl
    ???
venv\Lib\site-packages\sqlalchemy\orm\state_changes.py:139: in _go
    ret_value = fn(self, *arg, **kw)
                ^^^^^^^^^^^^^^^^^^^^
venv\Lib\site-packages\sqlalchemy\orm\session.py:1231: in _prepare_impl
    self.session.flush()
venv\Lib\site-packages\sqlalchemy\orm\session.py:4312: in flush
    self._flush(objects)
venv\Lib\site-packages\sqlalchemy\orm\session.py:4447: in _flush
    with util.safe_reraise():
         ^^^^^^^^^^^^^^^^^^^
venv\Lib\site-packages\sqlalchemy\util\langhelpers.py:146: in __exit__
    raise exc_value.with_traceback(exc_tb)
venv\Lib\site-packages\sqlalchemy\orm\session.py:4408: in _flush
    flush_context.execute()
venv\Lib\site-packages\sqlalchemy\orm\unitofwork.py:466: in execute
    rec.execute(self)
venv\Lib\site-packages\sqlalchemy\orm\unitofwork.py:642: in execute
    util.preloaded.orm_persistence.save_obj(
venv\Lib\site-packages\sqlalchemy\orm\persistence.py:93: in save_obj
    _emit_insert_statements(
venv\Lib\site-packages\sqlalchemy\orm\persistence.py:1227: in _emit_insert_statements
    result = connection.execute(
venv\Lib\site-packages\sqlalchemy\engine\base.py:1416: in execute
    return meth(
venv\Lib\site-packages\sqlalchemy\sql\elements.py:517: in _execute_on_connection
    return connection._execute_clauseelement(
venv\Lib\site-packages\sqlalchemy\engine\base.py:1639: in _execute_clauseelement
    ret = self._execute_context(
venv\Lib\site-packages\sqlalchemy\engine\base.py:1820: in _execute_context
    self._handle_dbapi_exception(
venv\Lib\site-packages\sqlalchemy\engine\base.py:2344: in _handle_dbapi_exception
    raise sqlalchemy_exception.with_traceback(exc_info[2]) from e
venv\Lib\site-packages\sqlalchemy\engine\base.py:1814: in _execute_context
    context = constructor(
venv\Lib\site-packages\sqlalchemy\engine\default.py:1456: in _init_compiled
    flattened_processors[key](compiled_params[key])
_ _ _ _ _ _ _ _ _ _ _ _ _ _ _ _ _ _ _ _ _ _ _ _ _ _ _ _ _ _ _ _ _ _ _ _ _ _ _ _

value = '2026-03-19T14:44:41.237911'

    def process(value):
        if value is None:
            return None
        elif isinstance(value, datetime_datetime):
            return format_ % {
                "year": value.year,
                "month": value.month,
                "day": value.day,
                "hour": value.hour,
                "minute": value.minute,
                "second": value.second,
                "microsecond": value.microsecond,
            }
        elif isinstance(value, datetime_date):
            return format_ % {
                "year": value.year,
                "month": value.month,
                "day": value.day,
                "hour": 0,
                "minute": 0,
                "second": 0,
                "microsecond": 0,
            }
        else:
>           raise TypeError(
                "SQLite DateTime type only accepts Python "
                "datetime and date objects as input."
            )
E           sqlalchemy.exc.StatementError: (builtins.TypeError) SQLite DateTime type only accepts Python datetime and date objects as input.
E           [SQL: INSERT INTO users (tenant_id, username, email, full_name, password_hash, role, saldo_credito, is_active, created_at, last_login) VALUES (?, ?, ?, ?, ?, ?, ?, ?, ?, ?)]
E           [parameters: [{'username': 'duplicate', 'full_name': 'User', 'is_active': True, 'created_at': '2026-03-19T14:44:41.237911', 'saldo_credito': 0.0, 'password_hash': 'd39a6873c5339852236b547656b948fc8fed48d0aeb4f09b84603d56b3c7a3a6', 'role': 'KITCHEN', 'email': None, 'last_login': None, 'tenant_id': None}]]

venv\Lib\site-packages\sqlalchemy\dialects\sqlite\base.py:1068: StatementError
---------------------------- Captured stderr call -----------------------------
2026-03-19 11:44:41,239 - app.main - ERROR - Unhandled exception on POST /auth/register: (builtins.TypeError) SQLite DateTime type only accepts Python datetime and date objects as input.
[SQL: INSERT INTO users (tenant_id, username, email, full_name, password_hash, role, saldo_credito, is_active, created_at, last_login) VALUES (?, ?, ?, ?, ?, ?, ?, ?, ?, ?)]
[parameters: [{'username': 'duplicate', 'full_name': 'User', 'is_active': True, 'created_at': '2026-03-19T14:44:41.237911', 'saldo_credito': 0.0, 'password_hash': 'd39a6873c5339852236b547656b948fc8fed48d0aeb4f09b84603d56b3c7a3a6', 'role': 'KITCHEN', 'email': None, 'last_login': None, 'tenant_id': None}]]
Traceback (most recent call last):
  File "C:\Users\Kaue_Martins\Desktop\saka-delivery-kds\backend\venv\Lib\site-packages\sqlalchemy\engine\base.py", line 1814, in _execute_context
    context = constructor(
              ^^^^^^^^^^^^
  File "C:\Users\Kaue_Martins\Desktop\saka-delivery-kds\backend\venv\Lib\site-packages\sqlalchemy\engine\default.py", line 1456, in _init_compiled
    flattened_processors[key](compiled_params[key])
  File "C:\Users\Kaue_Martins\Desktop\saka-delivery-kds\backend\venv\Lib\site-packages\sqlalchemy\dialects\sqlite\base.py", line 1068, in process
    raise TypeError(
TypeError: SQLite DateTime type only accepts Python datetime and date objects as input.

The above exception was the direct cause of the following exception:

Traceback (most recent call last):
  File "C:\Users\Kaue_Martins\Desktop\saka-delivery-kds\backend\venv\Lib\site-packages\starlette\middleware\errors.py", line 164, in __call__
    await self.app(scope, receive, _send)
  File "C:\Users\Kaue_Martins\Desktop\saka-delivery-kds\backend\venv\Lib\site-packages\starlette\middleware\cors.py", line 83, in __call__
    await self.app(scope, receive, send)
  File "C:\Users\Kaue_Martins\Desktop\saka-delivery-kds\backend\venv\Lib\site-packages\starlette\middleware\exceptions.py", line 62, in __call__
    await wrap_app_handling_exceptions(self.app, conn)(scope, receive, send)
  File "C:\Users\Kaue_Martins\Desktop\saka-delivery-kds\backend\venv\Lib\site-packages\starlette\_exception_handler.py", line 64, in wrapped_app
    raise exc
  File "C:\Users\Kaue_Martins\Desktop\saka-delivery-kds\backend\venv\Lib\site-packages\starlette\_exception_handler.py", line 53, in wrapped_app
    await app(scope, receive, sender)
  File "C:\Users\Kaue_Martins\Desktop\saka-delivery-kds\backend\venv\Lib\site-packages\starlette\routing.py", line 762, in __call__
    await self.middleware_stack(scope, receive, send)
  File "C:\Users\Kaue_Martins\Desktop\saka-delivery-kds\backend\venv\Lib\site-packages\starlette\routing.py", line 782, in app
    await route.handle(scope, receive, send)
  File "C:\Users\Kaue_Martins\Desktop\saka-delivery-kds\backend\venv\Lib\site-packages\starlette\routing.py", line 297, in handle
    await self.app(scope, receive, send)
  File "C:\Users\Kaue_Martins\Desktop\saka-delivery-kds\backend\venv\Lib\site-packages\starlette\routing.py", line 77, in app
    await wrap_app_handling_exceptions(app, request)(scope, receive, send)
  File "C:\Users\Kaue_Martins\Desktop\saka-delivery-kds\backend\venv\Lib\site-packages\starlette\_exception_handler.py", line 64, in wrapped_app
    raise exc
  File "C:\Users\Kaue_Martins\Desktop\saka-delivery-kds\backend\venv\Lib\site-packages\starlette\_exception_handler.py", line 53, in wrapped_app
    await app(scope, receive, sender)
  File "C:\Users\Kaue_Martins\Desktop\saka-delivery-kds\backend\venv\Lib\site-packages\starlette\routing.py", line 72, in app
    response = await func(request)
               ^^^^^^^^^^^^^^^^^^^
  File "C:\Users\Kaue_Martins\Desktop\saka-delivery-kds\backend\venv\Lib\site-packages\fastapi\routing.py", line 299, in app
    raise e
  File "C:\Users\Kaue_Martins\Desktop\saka-delivery-kds\backend\venv\Lib\site-packages\fastapi\routing.py", line 294, in app
    raw_response = await run_endpoint_function(
                   ^^^^^^^^^^^^^^^^^^^^^^^^^^^^
  File "C:\Users\Kaue_Martins\Desktop\saka-delivery-kds\backend\venv\Lib\site-packages\fastapi\routing.py", line 191, in run_endpoint_function
    return await dependant.call(**values)
           ^^^^^^^^^^^^^^^^^^^^^^^^^^^^^^
  File "C:\Users\Kaue_Martins\Desktop\saka-delivery-kds\backend\app\routers\auth.py", line 60, in register
    user = await user_service.create_user(
           ^^^^^^^^^^^^^^^^^^^^^^^^^^^^^^^
  File "C:\Users\Kaue_Martins\Desktop\saka-delivery-kds\backend\app\services\user_service.py", line 81, in create_user
    user = await user_repo.create(db, obj_in=user_in)
           ^^^^^^^^^^^^^^^^^^^^^^^^^^^^^^^^^^^^^^^^^^
  File "C:\Users\Kaue_Martins\Desktop\saka-delivery-kds\backend\app\repositories\base.py", line 60, in create
    await db.commit()
  File "C:\Users\Kaue_Martins\Desktop\saka-delivery-kds\backend\venv\Lib\site-packages\sqlalchemy\ext\asyncio\session.py", line 1011, in commit
    await greenlet_spawn(self.sync_session.commit)
  File "C:\Users\Kaue_Martins\Desktop\saka-delivery-kds\backend\venv\Lib\site-packages\sqlalchemy\util\_concurrency_py3k.py", line 202, in greenlet_spawn
    result = context.switch(value)
             ^^^^^^^^^^^^^^^^^^^^^
  File "C:\Users\Kaue_Martins\Desktop\saka-delivery-kds\backend\venv\Lib\site-packages\sqlalchemy\orm\session.py", line 1969, in commit
    trans.commit(_to_root=True)
  File "<string>", line 2, in commit
  File "C:\Users\Kaue_Martins\Desktop\saka-delivery-kds\backend\venv\Lib\site-packages\sqlalchemy\orm\state_changes.py", line 139, in _go
    ret_value = fn(self, *arg, **kw)
                ^^^^^^^^^^^^^^^^^^^^
  File "C:\Users\Kaue_Martins\Desktop\saka-delivery-kds\backend\venv\Lib\site-packages\sqlalchemy\orm\session.py", line 1256, in commit
    self._prepare_impl()
  File "<string>", line 2, in _prepare_impl
  File "C:\Users\Kaue_Martins\Desktop\saka-delivery-kds\backend\venv\Lib\site-packages\sqlalchemy\orm\state_changes.py", line 139, in _go
    ret_value = fn(self, *arg, **kw)
                ^^^^^^^^^^^^^^^^^^^^
  File "C:\Users\Kaue_Martins\Desktop\saka-delivery-kds\backend\venv\Lib\site-packages\sqlalchemy\orm\session.py", line 1231, in _prepare_impl
    self.session.flush()
  File "C:\Users\Kaue_Martins\Desktop\saka-delivery-kds\backend\venv\Lib\site-packages\sqlalchemy\orm\session.py", line 4312, in flush
    self._flush(objects)
  File "C:\Users\Kaue_Martins\Desktop\saka-delivery-kds\backend\venv\Lib\site-packages\sqlalchemy\orm\session.py", line 4447, in _flush
    with util.safe_reraise():
         ^^^^^^^^^^^^^^^^^^^
  File "C:\Users\Kaue_Martins\Desktop\saka-delivery-kds\backend\venv\Lib\site-packages\sqlalchemy\util\langhelpers.py", line 146, in __exit__
    raise exc_value.with_traceback(exc_tb)
  File "C:\Users\Kaue_Martins\Desktop\saka-delivery-kds\backend\venv\Lib\site-packages\sqlalchemy\orm\session.py", line 4408, in _flush
    flush_context.execute()
  File "C:\Users\Kaue_Martins\Desktop\saka-delivery-kds\backend\venv\Lib\site-packages\sqlalchemy\orm\unitofwork.py", line 466, in execute
    rec.execute(self)
  File "C:\Users\Kaue_Martins\Desktop\saka-delivery-kds\backend\venv\Lib\site-packages\sqlalchemy\orm\unitofwork.py", line 642, in execute
    util.preloaded.orm_persistence.save_obj(
  File "C:\Users\Kaue_Martins\Desktop\saka-delivery-kds\backend\venv\Lib\site-packages\sqlalchemy\orm\persistence.py", line 93, in save_obj
    _emit_insert_statements(
  File "C:\Users\Kaue_Martins\Desktop\saka-delivery-kds\backend\venv\Lib\site-packages\sqlalchemy\orm\persistence.py", line 1227, in _emit_insert_statements
    result = connection.execute(
             ^^^^^^^^^^^^^^^^^^^
  File "C:\Users\Kaue_Martins\Desktop\saka-delivery-kds\backend\venv\Lib\site-packages\sqlalchemy\engine\base.py", line 1416, in execute
    return meth(
           ^^^^^
  File "C:\Users\Kaue_Martins\Desktop\saka-delivery-kds\backend\venv\Lib\site-packages\sqlalchemy\sql\elements.py", line 517, in _execute_on_connection
    return connection._execute_clauseelement(
           ^^^^^^^^^^^^^^^^^^^^^^^^^^^^^^^^^^
  File "C:\Users\Kaue_Martins\Desktop\saka-delivery-kds\backend\venv\Lib\site-packages\sqlalchemy\engine\base.py", line 1639, in _execute_clauseelement
    ret = self._execute_context(
          ^^^^^^^^^^^^^^^^^^^^^^
  File "C:\Users\Kaue_Martins\Desktop\saka-delivery-kds\backend\venv\Lib\site-packages\sqlalchemy\engine\base.py", line 1820, in _execute_context
    self._handle_dbapi_exception(
  File "C:\Users\Kaue_Martins\Desktop\saka-delivery-kds\backend\venv\Lib\site-packages\sqlalchemy\engine\base.py", line 2344, in _handle_dbapi_exception
    raise sqlalchemy_exception.with_traceback(exc_info[2]) from e
  File "C:\Users\Kaue_Martins\Desktop\saka-delivery-kds\backend\venv\Lib\site-packages\sqlalchemy\engine\base.py", line 1814, in _execute_context
    context = constructor(
              ^^^^^^^^^^^^
  File "C:\Users\Kaue_Martins\Desktop\saka-delivery-kds\backend\venv\Lib\site-packages\sqlalchemy\engine\default.py", line 1456, in _init_compiled
    flattened_processors[key](compiled_params[key])
  File "C:\Users\Kaue_Martins\Desktop\saka-delivery-kds\backend\venv\Lib\site-packages\sqlalchemy\dialects\sqlite\base.py", line 1068, in process
    raise TypeError(
sqlalchemy.exc.StatementError: (builtins.TypeError) SQLite DateTime type only accepts Python datetime and date objects as input.
[SQL: INSERT INTO users (tenant_id, username, email, full_name, password_hash, role, saldo_credito, is_active, created_at, last_login) VALUES (?, ?, ?, ?, ?, ?, ?, ?, ?, ?)]
[parameters: [{'username': 'duplicate', 'full_name': 'User', 'is_active': True, 'created_at': '2026-03-19T14:44:41.237911', 'saldo_credito': 0.0, 'password_hash': 'd39a6873c5339852236b547656b948fc8fed48d0aeb4f09b84603d56b3c7a3a6', 'role': 'KITCHEN', 'email': None, 'last_login': None, 'tenant_id': None}]]
------------------------------ Captured log call ------------------------------
ERROR    app.main:main.py:101 Unhandled exception on POST /auth/register: (builtins.TypeError) SQLite DateTime type only accepts Python datetime and date objects as input.
[SQL: INSERT INTO users (tenant_id, username, email, full_name, password_hash, role, saldo_credito, is_active, created_at, last_login) VALUES (?, ?, ?, ?, ?, ?, ?, ?, ?, ?)]
[parameters: [{'username': 'duplicate', 'full_name': 'User', 'is_active': True, 'created_at': '2026-03-19T14:44:41.237911', 'saldo_credito': 0.0, 'password_hash': 'd39a6873c5339852236b547656b948fc8fed48d0aeb4f09b84603d56b3c7a3a6', 'role': 'KITCHEN', 'email': None, 'last_login': None, 'tenant_id': None}]]
Traceback (most recent call last):
  File "C:\Users\Kaue_Martins\Desktop\saka-delivery-kds\backend\venv\Lib\site-packages\sqlalchemy\engine\base.py", line 1814, in _execute_context
    context = constructor(
              ^^^^^^^^^^^^
  File "C:\Users\Kaue_Martins\Desktop\saka-delivery-kds\backend\venv\Lib\site-packages\sqlalchemy\engine\default.py", line 1456, in _init_compiled
    flattened_processors[key](compiled_params[key])
  File "C:\Users\Kaue_Martins\Desktop\saka-delivery-kds\backend\venv\Lib\site-packages\sqlalchemy\dialects\sqlite\base.py", line 1068, in process
    raise TypeError(
TypeError: SQLite DateTime type only accepts Python datetime and date objects as input.

The above exception was the direct cause of the following exception:

Traceback (most recent call last):
  File "C:\Users\Kaue_Martins\Desktop\saka-delivery-kds\backend\venv\Lib\site-packages\starlette\middleware\errors.py", line 164, in __call__
    await self.app(scope, receive, _send)
  File "C:\Users\Kaue_Martins\Desktop\saka-delivery-kds\backend\venv\Lib\site-packages\starlette\middleware\cors.py", line 83, in __call__
    await self.app(scope, receive, send)
  File "C:\Users\Kaue_Martins\Desktop\saka-delivery-kds\backend\venv\Lib\site-packages\starlette\middleware\exceptions.py", line 62, in __call__
    await wrap_app_handling_exceptions(self.app, conn)(scope, receive, send)
  File "C:\Users\Kaue_Martins\Desktop\saka-delivery-kds\backend\venv\Lib\site-packages\starlette\_exception_handler.py", line 64, in wrapped_app
    raise exc
  File "C:\Users\Kaue_Martins\Desktop\saka-delivery-kds\backend\venv\Lib\site-packages\starlette\_exception_handler.py", line 53, in wrapped_app
    await app(scope, receive, sender)
  File "C:\Users\Kaue_Martins\Desktop\saka-delivery-kds\backend\venv\Lib\site-packages\starlette\routing.py", line 762, in __call__
    await self.middleware_stack(scope, receive, send)
  File "C:\Users\Kaue_Martins\Desktop\saka-delivery-kds\backend\venv\Lib\site-packages\starlette\routing.py", line 782, in app
    await route.handle(scope, receive, send)
  File "C:\Users\Kaue_Martins\Desktop\saka-delivery-kds\backend\venv\Lib\site-packages\starlette\routing.py", line 297, in handle
    await self.app(scope, receive, send)
  File "C:\Users\Kaue_Martins\Desktop\saka-delivery-kds\backend\venv\Lib\site-packages\starlette\routing.py", line 77, in app
    await wrap_app_handling_exceptions(app, request)(scope, receive, send)
  File "C:\Users\Kaue_Martins\Desktop\saka-delivery-kds\backend\venv\Lib\site-packages\starlette\_exception_handler.py", line 64, in wrapped_app
    raise exc
  File "C:\Users\Kaue_Martins\Desktop\saka-delivery-kds\backend\venv\Lib\site-packages\starlette\_exception_handler.py", line 53, in wrapped_app
    await app(scope, receive, sender)
  File "C:\Users\Kaue_Martins\Desktop\saka-delivery-kds\backend\venv\Lib\site-packages\starlette\routing.py", line 72, in app
    response = await func(request)
               ^^^^^^^^^^^^^^^^^^^
  File "C:\Users\Kaue_Martins\Desktop\saka-delivery-kds\backend\venv\Lib\site-packages\fastapi\routing.py", line 299, in app
    raise e
  File "C:\Users\Kaue_Martins\Desktop\saka-delivery-kds\backend\venv\Lib\site-packages\fastapi\routing.py", line 294, in app
    raw_response = await run_endpoint_function(
                   ^^^^^^^^^^^^^^^^^^^^^^^^^^^^
  File "C:\Users\Kaue_Martins\Desktop\saka-delivery-kds\backend\venv\Lib\site-packages\fastapi\routing.py", line 191, in run_endpoint_function
    return await dependant.call(**values)
           ^^^^^^^^^^^^^^^^^^^^^^^^^^^^^^
  File "C:\Users\Kaue_Martins\Desktop\saka-delivery-kds\backend\app\routers\auth.py", line 60, in register
    user = await user_service.create_user(
           ^^^^^^^^^^^^^^^^^^^^^^^^^^^^^^^
  File "C:\Users\Kaue_Martins\Desktop\saka-delivery-kds\backend\app\services\user_service.py", line 81, in create_user
    user = await user_repo.create(db, obj_in=user_in)
           ^^^^^^^^^^^^^^^^^^^^^^^^^^^^^^^^^^^^^^^^^^
  File "C:\Users\Kaue_Martins\Desktop\saka-delivery-kds\backend\app\repositories\base.py", line 60, in create
    await db.commit()
  File "C:\Users\Kaue_Martins\Desktop\saka-delivery-kds\backend\venv\Lib\site-packages\sqlalchemy\ext\asyncio\session.py", line 1011, in commit
    await greenlet_spawn(self.sync_session.commit)
  File "C:\Users\Kaue_Martins\Desktop\saka-delivery-kds\backend\venv\Lib\site-packages\sqlalchemy\util\_concurrency_py3k.py", line 202, in greenlet_spawn
    result = context.switch(value)
             ^^^^^^^^^^^^^^^^^^^^^
  File "C:\Users\Kaue_Martins\Desktop\saka-delivery-kds\backend\venv\Lib\site-packages\sqlalchemy\orm\session.py", line 1969, in commit
    trans.commit(_to_root=True)
  File "<string>", line 2, in commit
  File "C:\Users\Kaue_Martins\Desktop\saka-delivery-kds\backend\venv\Lib\site-packages\sqlalchemy\orm\state_changes.py", line 139, in _go
    ret_value = fn(self, *arg, **kw)
                ^^^^^^^^^^^^^^^^^^^^
  File "C:\Users\Kaue_Martins\Desktop\saka-delivery-kds\backend\venv\Lib\site-packages\sqlalchemy\orm\session.py", line 1256, in commit
    self._prepare_impl()
  File "<string>", line 2, in _prepare_impl
  File "C:\Users\Kaue_Martins\Desktop\saka-delivery-kds\backend\venv\Lib\site-packages\sqlalchemy\orm\state_changes.py", line 139, in _go
    ret_value = fn(self, *arg, **kw)
                ^^^^^^^^^^^^^^^^^^^^
  File "C:\Users\Kaue_Martins\Desktop\saka-delivery-kds\backend\venv\Lib\site-packages\sqlalchemy\orm\session.py", line 1231, in _prepare_impl
    self.session.flush()
  File "C:\Users\Kaue_Martins\Desktop\saka-delivery-kds\backend\venv\Lib\site-packages\sqlalchemy\orm\session.py", line 4312, in flush
    self._flush(objects)
  File "C:\Users\Kaue_Martins\Desktop\saka-delivery-kds\backend\venv\Lib\site-packages\sqlalchemy\orm\session.py", line 4447, in _flush
    with util.safe_reraise():
         ^^^^^^^^^^^^^^^^^^^
  File "C:\Users\Kaue_Martins\Desktop\saka-delivery-kds\backend\venv\Lib\site-packages\sqlalchemy\util\langhelpers.py", line 146, in __exit__
    raise exc_value.with_traceback(exc_tb)
  File "C:\Users\Kaue_Martins\Desktop\saka-delivery-kds\backend\venv\Lib\site-packages\sqlalchemy\orm\session.py", line 4408, in _flush
    flush_context.execute()
  File "C:\Users\Kaue_Martins\Desktop\saka-delivery-kds\backend\venv\Lib\site-packages\sqlalchemy\orm\unitofwork.py", line 466, in execute
    rec.execute(self)
  File "C:\Users\Kaue_Martins\Desktop\saka-delivery-kds\backend\venv\Lib\site-packages\sqlalchemy\orm\unitofwork.py", line 642, in execute
    util.preloaded.orm_persistence.save_obj(
  File "C:\Users\Kaue_Martins\Desktop\saka-delivery-kds\backend\venv\Lib\site-packages\sqlalchemy\orm\persistence.py", line 93, in save_obj
    _emit_insert_statements(
  File "C:\Users\Kaue_Martins\Desktop\saka-delivery-kds\backend\venv\Lib\site-packages\sqlalchemy\orm\persistence.py", line 1227, in _emit_insert_statements
    result = connection.execute(
             ^^^^^^^^^^^^^^^^^^^
  File "C:\Users\Kaue_Martins\Desktop\saka-delivery-kds\backend\venv\Lib\site-packages\sqlalchemy\engine\base.py", line 1416, in execute
    return meth(
           ^^^^^
  File "C:\Users\Kaue_Martins\Desktop\saka-delivery-kds\backend\venv\Lib\site-packages\sqlalchemy\sql\elements.py", line 517, in _execute_on_connection
    return connection._execute_clauseelement(
           ^^^^^^^^^^^^^^^^^^^^^^^^^^^^^^^^^^
  File "C:\Users\Kaue_Martins\Desktop\saka-delivery-kds\backend\venv\Lib\site-packages\sqlalchemy\engine\base.py", line 1639, in _execute_clauseelement
    ret = self._execute_context(
          ^^^^^^^^^^^^^^^^^^^^^^
  File "C:\Users\Kaue_Martins\Desktop\saka-delivery-kds\backend\venv\Lib\site-packages\sqlalchemy\engine\base.py", line 1820, in _execute_context
    self._handle_dbapi_exception(
  File "C:\Users\Kaue_Martins\Desktop\saka-delivery-kds\backend\venv\Lib\site-packages\sqlalchemy\engine\base.py", line 2344, in _handle_dbapi_exception
    raise sqlalchemy_exception.with_traceback(exc_info[2]) from e
  File "C:\Users\Kaue_Martins\Desktop\saka-delivery-kds\backend\venv\Lib\site-packages\sqlalchemy\engine\base.py", line 1814, in _execute_context
    context = constructor(
              ^^^^^^^^^^^^
  File "C:\Users\Kaue_Martins\Desktop\saka-delivery-kds\backend\venv\Lib\site-packages\sqlalchemy\engine\default.py", line 1456, in _init_compiled
    flattened_processors[key](compiled_params[key])
  File "C:\Users\Kaue_Martins\Desktop\saka-delivery-kds\backend\venv\Lib\site-packages\sqlalchemy\dialects\sqlite\base.py", line 1068, in process
    raise TypeError(
sqlalchemy.exc.StatementError: (builtins.TypeError) SQLite DateTime type only accepts Python datetime and date objects as input.
[SQL: INSERT INTO users (tenant_id, username, email, full_name, password_hash, role, saldo_credito, is_active, created_at, last_login) VALUES (?, ?, ?, ?, ?, ?, ?, ?, ?, ?)]
[parameters: [{'username': 'duplicate', 'full_name': 'User', 'is_active': True, 'created_at': '2026-03-19T14:44:41.237911', 'saldo_credito': 0.0, 'password_hash': 'd39a6873c5339852236b547656b948fc8fed48d0aeb4f09b84603d56b3c7a3a6', 'role': 'KITCHEN', 'email': None, 'last_login': None, 'tenant_id': None}]]
_____________________________ test_login_success ______________________________

self = <sqlalchemy.engine.base.Connection object at 0x000001A19EE25DF0>
dialect = <sqlalchemy.dialects.sqlite.aiosqlite.SQLiteDialect_aiosqlite object at 0x000001A19EE24350>
constructor = <bound method DefaultExecutionContext._init_compiled of <class 'sqlalchemy.dialects.sqlite.aiosqlite.SQLiteExecutionContext_aiosqlite'>>
statement = <sqlalchemy.dialects.sqlite.base.SQLiteCompiler object at 0x000001A19EE25B80>
parameters = [{'created_at': '2026-03-19T14:44:42.775377', 'email': None, 'full_name': 'Admin User', 'is_active': True, ...}]
execution_options = immutabledict({'compiled_cache': <sqlalchemy.util._collections.LRUCache object at 0x000001A19EA22FC0>})
args = (<sqlalchemy.dialects.sqlite.base.SQLiteCompiler object at 0x000001A19EE25B80>, [{'created_at': '2026-03-19T14:44:42.7...one, 'full_name': 'Admin User', 'is_active': True, ...}], <sqlalchemy.sql.dml.Insert object at 0x000001A19E946E40>, [])
kw = {'cache_hit': <CacheStats.CACHE_MISS: 1>}, yp = None
conn = <sqlalchemy.pool.base._ConnectionFairy object at 0x000001A19FFF5550>

    def _execute_context(
        self,
        dialect: Dialect,
        constructor: Callable[..., ExecutionContext],
        statement: Union[str, Compiled],
        parameters: Optional[_AnyMultiExecuteParams],
        execution_options: _ExecuteOptions,
        *args: Any,
        **kw: Any,
    ) -> CursorResult[Any]:
        """Create an :class:`.ExecutionContext` and execute, returning
        a :class:`_engine.CursorResult`."""
    
        if execution_options:
            yp = execution_options.get("yield_per", None)
            if yp:
                execution_options = execution_options.union(
                    {"stream_results": True, "max_row_buffer": yp}
                )
        try:
            conn = self._dbapi_connection
            if conn is None:
                conn = self._revalidate_connection()
    
>           context = constructor(
                dialect, self, conn, execution_options, *args, **kw
            )

venv\Lib\site-packages\sqlalchemy\engine\base.py:1814: 
_ _ _ _ _ _ _ _ _ _ _ _ _ _ _ _ _ _ _ _ _ _ _ _ _ _ _ _ _ _ _ _ _ _ _ _ _ _ _ _
venv\Lib\site-packages\sqlalchemy\engine\default.py:1456: in _init_compiled
    flattened_processors[key](compiled_params[key])
_ _ _ _ _ _ _ _ _ _ _ _ _ _ _ _ _ _ _ _ _ _ _ _ _ _ _ _ _ _ _ _ _ _ _ _ _ _ _ _

value = '2026-03-19T14:44:42.775377'

    def process(value):
        if value is None:
            return None
        elif isinstance(value, datetime_datetime):
            return format_ % {
                "year": value.year,
                "month": value.month,
                "day": value.day,
                "hour": value.hour,
                "minute": value.minute,
                "second": value.second,
                "microsecond": value.microsecond,
            }
        elif isinstance(value, datetime_date):
            return format_ % {
                "year": value.year,
                "month": value.month,
                "day": value.day,
                "hour": 0,
                "minute": 0,
                "second": 0,
                "microsecond": 0,
            }
        else:
>           raise TypeError(
                "SQLite DateTime type only accepts Python "
                "datetime and date objects as input."
            )
E           TypeError: SQLite DateTime type only accepts Python datetime and date objects as input.

venv\Lib\site-packages\sqlalchemy\dialects\sqlite\base.py:1068: TypeError

The above exception was the direct cause of the following exception:

client = <httpx.AsyncClient object at 0x000001A19ED1FE30>

    @pytest.mark.asyncio
    async def test_login_success(client: AsyncClient):
        """Testa login com credenciais válidas (admin padrão)."""
>       response = await client.post("/auth/login", json={
            "username": "admin",
            "password": "admin123",
        })

tests\test_auth.py:44: 
_ _ _ _ _ _ _ _ _ _ _ _ _ _ _ _ _ _ _ _ _ _ _ _ _ _ _ _ _ _ _ _ _ _ _ _ _ _ _ _
venv\Lib\site-packages\httpx\_client.py:1877: in post
    return await self.request(
venv\Lib\site-packages\httpx\_client.py:1559: in request
    return await self.send(request, auth=auth, follow_redirects=follow_redirects)
           ^^^^^^^^^^^^^^^^^^^^^^^^^^^^^^^^^^^^^^^^^^^^^^^^^^^^^^^^^^^^^^^^^^^^^^
venv\Lib\site-packages\httpx\_client.py:1646: in send
    response = await self._send_handling_auth(
venv\Lib\site-packages\httpx\_client.py:1674: in _send_handling_auth
    response = await self._send_handling_redirects(
venv\Lib\site-packages\httpx\_client.py:1711: in _send_handling_redirects
    response = await self._send_single_request(request)
               ^^^^^^^^^^^^^^^^^^^^^^^^^^^^^^^^^^^^^^^^
venv\Lib\site-packages\httpx\_client.py:1748: in _send_single_request
    response = await transport.handle_async_request(request)
               ^^^^^^^^^^^^^^^^^^^^^^^^^^^^^^^^^^^^^^^^^^^^^
venv\Lib\site-packages\httpx\_transports\asgi.py:162: in handle_async_request
    await self.app(scope, receive, send)
venv\Lib\site-packages\fastapi\applications.py:1054: in __call__
    await super().__call__(scope, receive, send)
venv\Lib\site-packages\starlette\applications.py:123: in __call__
    await self.middleware_stack(scope, receive, send)
venv\Lib\site-packages\starlette\middleware\errors.py:186: in __call__
    raise exc
venv\Lib\site-packages\starlette\middleware\errors.py:164: in __call__
    await self.app(scope, receive, _send)
venv\Lib\site-packages\starlette\middleware\cors.py:83: in __call__
    await self.app(scope, receive, send)
venv\Lib\site-packages\starlette\middleware\exceptions.py:62: in __call__
    await wrap_app_handling_exceptions(self.app, conn)(scope, receive, send)
venv\Lib\site-packages\starlette\_exception_handler.py:64: in wrapped_app
    raise exc
venv\Lib\site-packages\starlette\_exception_handler.py:53: in wrapped_app
    await app(scope, receive, sender)
venv\Lib\site-packages\starlette\routing.py:762: in __call__
    await self.middleware_stack(scope, receive, send)
venv\Lib\site-packages\starlette\routing.py:782: in app
    await route.handle(scope, receive, send)
venv\Lib\site-packages\starlette\routing.py:297: in handle
    await self.app(scope, receive, send)
venv\Lib\site-packages\starlette\routing.py:77: in app
    await wrap_app_handling_exceptions(app, request)(scope, receive, send)
venv\Lib\site-packages\starlette\_exception_handler.py:64: in wrapped_app
    raise exc
venv\Lib\site-packages\starlette\_exception_handler.py:53: in wrapped_app
    await app(scope, receive, sender)
venv\Lib\site-packages\starlette\routing.py:72: in app
    response = await func(request)
               ^^^^^^^^^^^^^^^^^^^
venv\Lib\site-packages\fastapi\routing.py:299: in app
    raise e
venv\Lib\site-packages\fastapi\routing.py:294: in app
    raw_response = await run_endpoint_function(
venv\Lib\site-packages\fastapi\routing.py:191: in run_endpoint_function
    return await dependant.call(**values)
           ^^^^^^^^^^^^^^^^^^^^^^^^^^^^^^
app\routers\auth.py:39: in login
    user = await user_service.authenticate_user(db, credentials.username, credentials.password)
           ^^^^^^^^^^^^^^^^^^^^^^^^^^^^^^^^^^^^^^^^^^^^^^^^^^^^^^^^^^^^^^^^^^^^^^^^^^^^^^^^^^^^
app\services\user_service.py:103: in authenticate_user
    user = await create_user(db, username, full_name, pwd, role, user_repo=user_repo)
           ^^^^^^^^^^^^^^^^^^^^^^^^^^^^^^^^^^^^^^^^^^^^^^^^^^^^^^^^^^^^^^^^^^^^^^^^^^
app\services\user_service.py:81: in create_user
    user = await user_repo.create(db, obj_in=user_in)
           ^^^^^^^^^^^^^^^^^^^^^^^^^^^^^^^^^^^^^^^^^^
app\repositories\base.py:60: in create
    await db.commit()
venv\Lib\site-packages\sqlalchemy\ext\asyncio\session.py:1011: in commit
    await greenlet_spawn(self.sync_session.commit)
venv\Lib\site-packages\sqlalchemy\util\_concurrency_py3k.py:202: in greenlet_spawn
    result = context.switch(value)
             ^^^^^^^^^^^^^^^^^^^^^
venv\Lib\site-packages\sqlalchemy\orm\session.py:1969: in commit
    trans.commit(_to_root=True)
<string>:2: in commit
    ???
venv\Lib\site-packages\sqlalchemy\orm\state_changes.py:139: in _go
    ret_value = fn(self, *arg, **kw)
                ^^^^^^^^^^^^^^^^^^^^
venv\Lib\site-packages\sqlalchemy\orm\session.py:1256: in commit
    self._prepare_impl()
<string>:2: in _prepare_impl
    ???
venv\Lib\site-packages\sqlalchemy\orm\state_changes.py:139: in _go
    ret_value = fn(self, *arg, **kw)
                ^^^^^^^^^^^^^^^^^^^^
venv\Lib\site-packages\sqlalchemy\orm\session.py:1231: in _prepare_impl
    self.session.flush()
venv\Lib\site-packages\sqlalchemy\orm\session.py:4312: in flush
    self._flush(objects)
venv\Lib\site-packages\sqlalchemy\orm\session.py:4447: in _flush
    with util.safe_reraise():
         ^^^^^^^^^^^^^^^^^^^
venv\Lib\site-packages\sqlalchemy\util\langhelpers.py:146: in __exit__
    raise exc_value.with_traceback(exc_tb)
venv\Lib\site-packages\sqlalchemy\orm\session.py:4408: in _flush
    flush_context.execute()
venv\Lib\site-packages\sqlalchemy\orm\unitofwork.py:466: in execute
    rec.execute(self)
venv\Lib\site-packages\sqlalchemy\orm\unitofwork.py:642: in execute
    util.preloaded.orm_persistence.save_obj(
venv\Lib\site-packages\sqlalchemy\orm\persistence.py:93: in save_obj
    _emit_insert_statements(
venv\Lib\site-packages\sqlalchemy\orm\persistence.py:1227: in _emit_insert_statements
    result = connection.execute(
venv\Lib\site-packages\sqlalchemy\engine\base.py:1416: in execute
    return meth(
venv\Lib\site-packages\sqlalchemy\sql\elements.py:517: in _execute_on_connection
    return connection._execute_clauseelement(
venv\Lib\site-packages\sqlalchemy\engine\base.py:1639: in _execute_clauseelement
    ret = self._execute_context(
venv\Lib\site-packages\sqlalchemy\engine\base.py:1820: in _execute_context
    self._handle_dbapi_exception(
venv\Lib\site-packages\sqlalchemy\engine\base.py:2344: in _handle_dbapi_exception
    raise sqlalchemy_exception.with_traceback(exc_info[2]) from e
venv\Lib\site-packages\sqlalchemy\engine\base.py:1814: in _execute_context
    context = constructor(
venv\Lib\site-packages\sqlalchemy\engine\default.py:1456: in _init_compiled
    flattened_processors[key](compiled_params[key])
_ _ _ _ _ _ _ _ _ _ _ _ _ _ _ _ _ _ _ _ _ _ _ _ _ _ _ _ _ _ _ _ _ _ _ _ _ _ _ _

value = '2026-03-19T14:44:42.775377'

    def process(value):
        if value is None:
            return None
        elif isinstance(value, datetime_datetime):
            return format_ % {
                "year": value.year,
                "month": value.month,
                "day": value.day,
                "hour": value.hour,
                "minute": value.minute,
                "second": value.second,
                "microsecond": value.microsecond,
            }
        elif isinstance(value, datetime_date):
            return format_ % {
                "year": value.year,
                "month": value.month,
                "day": value.day,
                "hour": 0,
                "minute": 0,
                "second": 0,
                "microsecond": 0,
            }
        else:
>           raise TypeError(
                "SQLite DateTime type only accepts Python "
                "datetime and date objects as input."
            )
E           sqlalchemy.exc.StatementError: (builtins.TypeError) SQLite DateTime type only accepts Python datetime and date objects as input.
E           [SQL: INSERT INTO users (tenant_id, username, email, full_name, password_hash, role, saldo_credito, is_active, created_at, last_login) VALUES (?, ?, ?, ?, ?, ?, ?, ?, ?, ?)]
E           [parameters: [{'username': 'admin', 'full_name': 'Admin User', 'is_active': True, 'created_at': '2026-03-19T14:44:42.775377', 'saldo_credito': 0.0, 'password_hash': 'ea6b7c5213dc0b5e814d03a6b24095c4277e583d2d08dbdbf153313e91172a12', 'role': 'ADMIN', 'email': None, 'last_login': None, 'tenant_id': None}]]

venv\Lib\site-packages\sqlalchemy\dialects\sqlite\base.py:1068: StatementError
---------------------------- Captured stderr call -----------------------------
2026-03-19 11:44:42,777 - app.main - ERROR - Unhandled exception on POST /auth/login: (builtins.TypeError) SQLite DateTime type only accepts Python datetime and date objects as input.
[SQL: INSERT INTO users (tenant_id, username, email, full_name, password_hash, role, saldo_credito, is_active, created_at, last_login) VALUES (?, ?, ?, ?, ?, ?, ?, ?, ?, ?)]
[parameters: [{'username': 'admin', 'full_name': 'Admin User', 'is_active': True, 'created_at': '2026-03-19T14:44:42.775377', 'saldo_credito': 0.0, 'password_hash': 'ea6b7c5213dc0b5e814d03a6b24095c4277e583d2d08dbdbf153313e91172a12', 'role': 'ADMIN', 'email': None, 'last_login': None, 'tenant_id': None}]]
Traceback (most recent call last):
  File "C:\Users\Kaue_Martins\Desktop\saka-delivery-kds\backend\venv\Lib\site-packages\sqlalchemy\engine\base.py", line 1814, in _execute_context
    context = constructor(
              ^^^^^^^^^^^^
  File "C:\Users\Kaue_Martins\Desktop\saka-delivery-kds\backend\venv\Lib\site-packages\sqlalchemy\engine\default.py", line 1456, in _init_compiled
    flattened_processors[key](compiled_params[key])
  File "C:\Users\Kaue_Martins\Desktop\saka-delivery-kds\backend\venv\Lib\site-packages\sqlalchemy\dialects\sqlite\base.py", line 1068, in process
    raise TypeError(
TypeError: SQLite DateTime type only accepts Python datetime and date objects as input.

The above exception was the direct cause of the following exception:

Traceback (most recent call last):
  File "C:\Users\Kaue_Martins\Desktop\saka-delivery-kds\backend\venv\Lib\site-packages\starlette\middleware\errors.py", line 164, in __call__
    await self.app(scope, receive, _send)
  File "C:\Users\Kaue_Martins\Desktop\saka-delivery-kds\backend\venv\Lib\site-packages\starlette\middleware\cors.py", line 83, in __call__
    await self.app(scope, receive, send)
  File "C:\Users\Kaue_Martins\Desktop\saka-delivery-kds\backend\venv\Lib\site-packages\starlette\middleware\exceptions.py", line 62, in __call__
    await wrap_app_handling_exceptions(self.app, conn)(scope, receive, send)
  File "C:\Users\Kaue_Martins\Desktop\saka-delivery-kds\backend\venv\Lib\site-packages\starlette\_exception_handler.py", line 64, in wrapped_app
    raise exc
  File "C:\Users\Kaue_Martins\Desktop\saka-delivery-kds\backend\venv\Lib\site-packages\starlette\_exception_handler.py", line 53, in wrapped_app
    await app(scope, receive, sender)
  File "C:\Users\Kaue_Martins\Desktop\saka-delivery-kds\backend\venv\Lib\site-packages\starlette\routing.py", line 762, in __call__
    await self.middleware_stack(scope, receive, send)
  File "C:\Users\Kaue_Martins\Desktop\saka-delivery-kds\backend\venv\Lib\site-packages\starlette\routing.py", line 782, in app
    await route.handle(scope, receive, send)
  File "C:\Users\Kaue_Martins\Desktop\saka-delivery-kds\backend\venv\Lib\site-packages\starlette\routing.py", line 297, in handle
    await self.app(scope, receive, send)
  File "C:\Users\Kaue_Martins\Desktop\saka-delivery-kds\backend\venv\Lib\site-packages\starlette\routing.py", line 77, in app
    await wrap_app_handling_exceptions(app, request)(scope, receive, send)
  File "C:\Users\Kaue_Martins\Desktop\saka-delivery-kds\backend\venv\Lib\site-packages\starlette\_exception_handler.py", line 64, in wrapped_app
    raise exc
  File "C:\Users\Kaue_Martins\Desktop\saka-delivery-kds\backend\venv\Lib\site-packages\starlette\_exception_handler.py", line 53, in wrapped_app
    await app(scope, receive, sender)
  File "C:\Users\Kaue_Martins\Desktop\saka-delivery-kds\backend\venv\Lib\site-packages\starlette\routing.py", line 72, in app
    response = await func(request)
               ^^^^^^^^^^^^^^^^^^^
  File "C:\Users\Kaue_Martins\Desktop\saka-delivery-kds\backend\venv\Lib\site-packages\fastapi\routing.py", line 299, in app
    raise e
  File "C:\Users\Kaue_Martins\Desktop\saka-delivery-kds\backend\venv\Lib\site-packages\fastapi\routing.py", line 294, in app
    raw_response = await run_endpoint_function(
                   ^^^^^^^^^^^^^^^^^^^^^^^^^^^^
  File "C:\Users\Kaue_Martins\Desktop\saka-delivery-kds\backend\venv\Lib\site-packages\fastapi\routing.py", line 191, in run_endpoint_function
    return await dependant.call(**values)
           ^^^^^^^^^^^^^^^^^^^^^^^^^^^^^^
  File "C:\Users\Kaue_Martins\Desktop\saka-delivery-kds\backend\app\routers\auth.py", line 39, in login
    user = await user_service.authenticate_user(db, credentials.username, credentials.password)
           ^^^^^^^^^^^^^^^^^^^^^^^^^^^^^^^^^^^^^^^^^^^^^^^^^^^^^^^^^^^^^^^^^^^^^^^^^^^^^^^^^^^^
  File "C:\Users\Kaue_Martins\Desktop\saka-delivery-kds\backend\app\services\user_service.py", line 103, in authenticate_user
    user = await create_user(db, username, full_name, pwd, role, user_repo=user_repo)
           ^^^^^^^^^^^^^^^^^^^^^^^^^^^^^^^^^^^^^^^^^^^^^^^^^^^^^^^^^^^^^^^^^^^^^^^^^^
  File "C:\Users\Kaue_Martins\Desktop\saka-delivery-kds\backend\app\services\user_service.py", line 81, in create_user
    user = await user_repo.create(db, obj_in=user_in)
           ^^^^^^^^^^^^^^^^^^^^^^^^^^^^^^^^^^^^^^^^^^
  File "C:\Users\Kaue_Martins\Desktop\saka-delivery-kds\backend\app\repositories\base.py", line 60, in create
    await db.commit()
  File "C:\Users\Kaue_Martins\Desktop\saka-delivery-kds\backend\venv\Lib\site-packages\sqlalchemy\ext\asyncio\session.py", line 1011, in commit
    await greenlet_spawn(self.sync_session.commit)
  File "C:\Users\Kaue_Martins\Desktop\saka-delivery-kds\backend\venv\Lib\site-packages\sqlalchemy\util\_concurrency_py3k.py", line 202, in greenlet_spawn
    result = context.switch(value)
             ^^^^^^^^^^^^^^^^^^^^^
  File "C:\Users\Kaue_Martins\Desktop\saka-delivery-kds\backend\venv\Lib\site-packages\sqlalchemy\orm\session.py", line 1969, in commit
    trans.commit(_to_root=True)
  File "<string>", line 2, in commit
  File "C:\Users\Kaue_Martins\Desktop\saka-delivery-kds\backend\venv\Lib\site-packages\sqlalchemy\orm\state_changes.py", line 139, in _go
    ret_value = fn(self, *arg, **kw)
                ^^^^^^^^^^^^^^^^^^^^
  File "C:\Users\Kaue_Martins\Desktop\saka-delivery-kds\backend\venv\Lib\site-packages\sqlalchemy\orm\session.py", line 1256, in commit
    self._prepare_impl()
  File "<string>", line 2, in _prepare_impl
  File "C:\Users\Kaue_Martins\Desktop\saka-delivery-kds\backend\venv\Lib\site-packages\sqlalchemy\orm\state_changes.py", line 139, in _go
    ret_value = fn(self, *arg, **kw)
                ^^^^^^^^^^^^^^^^^^^^
  File "C:\Users\Kaue_Martins\Desktop\saka-delivery-kds\backend\venv\Lib\site-packages\sqlalchemy\orm\session.py", line 1231, in _prepare_impl
    self.session.flush()
  File "C:\Users\Kaue_Martins\Desktop\saka-delivery-kds\backend\venv\Lib\site-packages\sqlalchemy\orm\session.py", line 4312, in flush
    self._flush(objects)
  File "C:\Users\Kaue_Martins\Desktop\saka-delivery-kds\backend\venv\Lib\site-packages\sqlalchemy\orm\session.py", line 4447, in _flush
    with util.safe_reraise():
         ^^^^^^^^^^^^^^^^^^^
  File "C:\Users\Kaue_Martins\Desktop\saka-delivery-kds\backend\venv\Lib\site-packages\sqlalchemy\util\langhelpers.py", line 146, in __exit__
    raise exc_value.with_traceback(exc_tb)
  File "C:\Users\Kaue_Martins\Desktop\saka-delivery-kds\backend\venv\Lib\site-packages\sqlalchemy\orm\session.py", line 4408, in _flush
    flush_context.execute()
  File "C:\Users\Kaue_Martins\Desktop\saka-delivery-kds\backend\venv\Lib\site-packages\sqlalchemy\orm\unitofwork.py", line 466, in execute
    rec.execute(self)
  File "C:\Users\Kaue_Martins\Desktop\saka-delivery-kds\backend\venv\Lib\site-packages\sqlalchemy\orm\unitofwork.py", line 642, in execute
    util.preloaded.orm_persistence.save_obj(
  File "C:\Users\Kaue_Martins\Desktop\saka-delivery-kds\backend\venv\Lib\site-packages\sqlalchemy\orm\persistence.py", line 93, in save_obj
    _emit_insert_statements(
  File "C:\Users\Kaue_Martins\Desktop\saka-delivery-kds\backend\venv\Lib\site-packages\sqlalchemy\orm\persistence.py", line 1227, in _emit_insert_statements
    result = connection.execute(
             ^^^^^^^^^^^^^^^^^^^
  File "C:\Users\Kaue_Martins\Desktop\saka-delivery-kds\backend\venv\Lib\site-packages\sqlalchemy\engine\base.py", line 1416, in execute
    return meth(
           ^^^^^
  File "C:\Users\Kaue_Martins\Desktop\saka-delivery-kds\backend\venv\Lib\site-packages\sqlalchemy\sql\elements.py", line 517, in _execute_on_connection
    return connection._execute_clauseelement(
           ^^^^^^^^^^^^^^^^^^^^^^^^^^^^^^^^^^
  File "C:\Users\Kaue_Martins\Desktop\saka-delivery-kds\backend\venv\Lib\site-packages\sqlalchemy\engine\base.py", line 1639, in _execute_clauseelement
    ret = self._execute_context(
          ^^^^^^^^^^^^^^^^^^^^^^
  File "C:\Users\Kaue_Martins\Desktop\saka-delivery-kds\backend\venv\Lib\site-packages\sqlalchemy\engine\base.py", line 1820, in _execute_context
    self._handle_dbapi_exception(
  File "C:\Users\Kaue_Martins\Desktop\saka-delivery-kds\backend\venv\Lib\site-packages\sqlalchemy\engine\base.py", line 2344, in _handle_dbapi_exception
    raise sqlalchemy_exception.with_traceback(exc_info[2]) from e
  File "C:\Users\Kaue_Martins\Desktop\saka-delivery-kds\backend\venv\Lib\site-packages\sqlalchemy\engine\base.py", line 1814, in _execute_context
    context = constructor(
              ^^^^^^^^^^^^
  File "C:\Users\Kaue_Martins\Desktop\saka-delivery-kds\backend\venv\Lib\site-packages\sqlalchemy\engine\default.py", line 1456, in _init_compiled
    flattened_processors[key](compiled_params[key])
  File "C:\Users\Kaue_Martins\Desktop\saka-delivery-kds\backend\venv\Lib\site-packages\sqlalchemy\dialects\sqlite\base.py", line 1068, in process
    raise TypeError(
sqlalchemy.exc.StatementError: (builtins.TypeError) SQLite DateTime type only accepts Python datetime and date objects as input.
[SQL: INSERT INTO users (tenant_id, username, email, full_name, password_hash, role, saldo_credito, is_active, created_at, last_login) VALUES (?, ?, ?, ?, ?, ?, ?, ?, ?, ?)]
[parameters: [{'username': 'admin', 'full_name': 'Admin User', 'is_active': True, 'created_at': '2026-03-19T14:44:42.775377', 'saldo_credito': 0.0, 'password_hash': 'ea6b7c5213dc0b5e814d03a6b24095c4277e583d2d08dbdbf153313e91172a12', 'role': 'ADMIN', 'email': None, 'last_login': None, 'tenant_id': None}]]
------------------------------ Captured log call ------------------------------
ERROR    app.main:main.py:101 Unhandled exception on POST /auth/login: (builtins.TypeError) SQLite DateTime type only accepts Python datetime and date objects as input.
[SQL: INSERT INTO users (tenant_id, username, email, full_name, password_hash, role, saldo_credito, is_active, created_at, last_login) VALUES (?, ?, ?, ?, ?, ?, ?, ?, ?, ?)]
[parameters: [{'username': 'admin', 'full_name': 'Admin User', 'is_active': True, 'created_at': '2026-03-19T14:44:42.775377', 'saldo_credito': 0.0, 'password_hash': 'ea6b7c5213dc0b5e814d03a6b24095c4277e583d2d08dbdbf153313e91172a12', 'role': 'ADMIN', 'email': None, 'last_login': None, 'tenant_id': None}]]
Traceback (most recent call last):
  File "C:\Users\Kaue_Martins\Desktop\saka-delivery-kds\backend\venv\Lib\site-packages\sqlalchemy\engine\base.py", line 1814, in _execute_context
    context = constructor(
              ^^^^^^^^^^^^
  File "C:\Users\Kaue_Martins\Desktop\saka-delivery-kds\backend\venv\Lib\site-packages\sqlalchemy\engine\default.py", line 1456, in _init_compiled
    flattened_processors[key](compiled_params[key])
  File "C:\Users\Kaue_Martins\Desktop\saka-delivery-kds\backend\venv\Lib\site-packages\sqlalchemy\dialects\sqlite\base.py", line 1068, in process
    raise TypeError(
TypeError: SQLite DateTime type only accepts Python datetime and date objects as input.

The above exception was the direct cause of the following exception:

Traceback (most recent call last):
  File "C:\Users\Kaue_Martins\Desktop\saka-delivery-kds\backend\venv\Lib\site-packages\starlette\middleware\errors.py", line 164, in __call__
    await self.app(scope, receive, _send)
  File "C:\Users\Kaue_Martins\Desktop\saka-delivery-kds\backend\venv\Lib\site-packages\starlette\middleware\cors.py", line 83, in __call__
    await self.app(scope, receive, send)
  File "C:\Users\Kaue_Martins\Desktop\saka-delivery-kds\backend\venv\Lib\site-packages\starlette\middleware\exceptions.py", line 62, in __call__
    await wrap_app_handling_exceptions(self.app, conn)(scope, receive, send)
  File "C:\Users\Kaue_Martins\Desktop\saka-delivery-kds\backend\venv\Lib\site-packages\starlette\_exception_handler.py", line 64, in wrapped_app
    raise exc
  File "C:\Users\Kaue_Martins\Desktop\saka-delivery-kds\backend\venv\Lib\site-packages\starlette\_exception_handler.py", line 53, in wrapped_app
    await app(scope, receive, sender)
  File "C:\Users\Kaue_Martins\Desktop\saka-delivery-kds\backend\venv\Lib\site-packages\starlette\routing.py", line 762, in __call__
    await self.middleware_stack(scope, receive, send)
  File "C:\Users\Kaue_Martins\Desktop\saka-delivery-kds\backend\venv\Lib\site-packages\starlette\routing.py", line 782, in app
    await route.handle(scope, receive, send)
  File "C:\Users\Kaue_Martins\Desktop\saka-delivery-kds\backend\venv\Lib\site-packages\starlette\routing.py", line 297, in handle
    await self.app(scope, receive, send)
  File "C:\Users\Kaue_Martins\Desktop\saka-delivery-kds\backend\venv\Lib\site-packages\starlette\routing.py", line 77, in app
    await wrap_app_handling_exceptions(app, request)(scope, receive, send)
  File "C:\Users\Kaue_Martins\Desktop\saka-delivery-kds\backend\venv\Lib\site-packages\starlette\_exception_handler.py", line 64, in wrapped_app
    raise exc
  File "C:\Users\Kaue_Martins\Desktop\saka-delivery-kds\backend\venv\Lib\site-packages\starlette\_exception_handler.py", line 53, in wrapped_app
    await app(scope, receive, sender)
  File "C:\Users\Kaue_Martins\Desktop\saka-delivery-kds\backend\venv\Lib\site-packages\starlette\routing.py", line 72, in app
    response = await func(request)
               ^^^^^^^^^^^^^^^^^^^
  File "C:\Users\Kaue_Martins\Desktop\saka-delivery-kds\backend\venv\Lib\site-packages\fastapi\routing.py", line 299, in app
    raise e
  File "C:\Users\Kaue_Martins\Desktop\saka-delivery-kds\backend\venv\Lib\site-packages\fastapi\routing.py", line 294, in app
    raw_response = await run_endpoint_function(
                   ^^^^^^^^^^^^^^^^^^^^^^^^^^^^
  File "C:\Users\Kaue_Martins\Desktop\saka-delivery-kds\backend\venv\Lib\site-packages\fastapi\routing.py", line 191, in run_endpoint_function
    return await dependant.call(**values)
           ^^^^^^^^^^^^^^^^^^^^^^^^^^^^^^
  File "C:\Users\Kaue_Martins\Desktop\saka-delivery-kds\backend\app\routers\auth.py", line 39, in login
    user = await user_service.authenticate_user(db, credentials.username, credentials.password)
           ^^^^^^^^^^^^^^^^^^^^^^^^^^^^^^^^^^^^^^^^^^^^^^^^^^^^^^^^^^^^^^^^^^^^^^^^^^^^^^^^^^^^
  File "C:\Users\Kaue_Martins\Desktop\saka-delivery-kds\backend\app\services\user_service.py", line 103, in authenticate_user
    user = await create_user(db, username, full_name, pwd, role, user_repo=user_repo)
           ^^^^^^^^^^^^^^^^^^^^^^^^^^^^^^^^^^^^^^^^^^^^^^^^^^^^^^^^^^^^^^^^^^^^^^^^^^
  File "C:\Users\Kaue_Martins\Desktop\saka-delivery-kds\backend\app\services\user_service.py", line 81, in create_user
    user = await user_repo.create(db, obj_in=user_in)
           ^^^^^^^^^^^^^^^^^^^^^^^^^^^^^^^^^^^^^^^^^^
  File "C:\Users\Kaue_Martins\Desktop\saka-delivery-kds\backend\app\repositories\base.py", line 60, in create
    await db.commit()
  File "C:\Users\Kaue_Martins\Desktop\saka-delivery-kds\backend\venv\Lib\site-packages\sqlalchemy\ext\asyncio\session.py", line 1011, in commit
    await greenlet_spawn(self.sync_session.commit)
  File "C:\Users\Kaue_Martins\Desktop\saka-delivery-kds\backend\venv\Lib\site-packages\sqlalchemy\util\_concurrency_py3k.py", line 202, in greenlet_spawn
    result = context.switch(value)
             ^^^^^^^^^^^^^^^^^^^^^
  File "C:\Users\Kaue_Martins\Desktop\saka-delivery-kds\backend\venv\Lib\site-packages\sqlalchemy\orm\session.py", line 1969, in commit
    trans.commit(_to_root=True)
  File "<string>", line 2, in commit
  File "C:\Users\Kaue_Martins\Desktop\saka-delivery-kds\backend\venv\Lib\site-packages\sqlalchemy\orm\state_changes.py", line 139, in _go
    ret_value = fn(self, *arg, **kw)
                ^^^^^^^^^^^^^^^^^^^^
  File "C:\Users\Kaue_Martins\Desktop\saka-delivery-kds\backend\venv\Lib\site-packages\sqlalchemy\orm\session.py", line 1256, in commit
    self._prepare_impl()
  File "<string>", line 2, in _prepare_impl
  File "C:\Users\Kaue_Martins\Desktop\saka-delivery-kds\backend\venv\Lib\site-packages\sqlalchemy\orm\state_changes.py", line 139, in _go
    ret_value = fn(self, *arg, **kw)
                ^^^^^^^^^^^^^^^^^^^^
  File "C:\Users\Kaue_Martins\Desktop\saka-delivery-kds\backend\venv\Lib\site-packages\sqlalchemy\orm\session.py", line 1231, in _prepare_impl
    self.session.flush()
  File "C:\Users\Kaue_Martins\Desktop\saka-delivery-kds\backend\venv\Lib\site-packages\sqlalchemy\orm\session.py", line 4312, in flush
    self._flush(objects)
  File "C:\Users\Kaue_Martins\Desktop\saka-delivery-kds\backend\venv\Lib\site-packages\sqlalchemy\orm\session.py", line 4447, in _flush
    with util.safe_reraise():
         ^^^^^^^^^^^^^^^^^^^
  File "C:\Users\Kaue_Martins\Desktop\saka-delivery-kds\backend\venv\Lib\site-packages\sqlalchemy\util\langhelpers.py", line 146, in __exit__
    raise exc_value.with_traceback(exc_tb)
  File "C:\Users\Kaue_Martins\Desktop\saka-delivery-kds\backend\venv\Lib\site-packages\sqlalchemy\orm\session.py", line 4408, in _flush
    flush_context.execute()
  File "C:\Users\Kaue_Martins\Desktop\saka-delivery-kds\backend\venv\Lib\site-packages\sqlalchemy\orm\unitofwork.py", line 466, in execute
    rec.execute(self)
  File "C:\Users\Kaue_Martins\Desktop\saka-delivery-kds\backend\venv\Lib\site-packages\sqlalchemy\orm\unitofwork.py", line 642, in execute
    util.preloaded.orm_persistence.save_obj(
  File "C:\Users\Kaue_Martins\Desktop\saka-delivery-kds\backend\venv\Lib\site-packages\sqlalchemy\orm\persistence.py", line 93, in save_obj
    _emit_insert_statements(
  File "C:\Users\Kaue_Martins\Desktop\saka-delivery-kds\backend\venv\Lib\site-packages\sqlalchemy\orm\persistence.py", line 1227, in _emit_insert_statements
    result = connection.execute(
             ^^^^^^^^^^^^^^^^^^^
  File "C:\Users\Kaue_Martins\Desktop\saka-delivery-kds\backend\venv\Lib\site-packages\sqlalchemy\engine\base.py", line 1416, in execute
    return meth(
           ^^^^^
  File "C:\Users\Kaue_Martins\Desktop\saka-delivery-kds\backend\venv\Lib\site-packages\sqlalchemy\sql\elements.py", line 517, in _execute_on_connection
    return connection._execute_clauseelement(
           ^^^^^^^^^^^^^^^^^^^^^^^^^^^^^^^^^^
  File "C:\Users\Kaue_Martins\Desktop\saka-delivery-kds\backend\venv\Lib\site-packages\sqlalchemy\engine\base.py", line 1639, in _execute_clauseelement
    ret = self._execute_context(
          ^^^^^^^^^^^^^^^^^^^^^^
  File "C:\Users\Kaue_Martins\Desktop\saka-delivery-kds\backend\venv\Lib\site-packages\sqlalchemy\engine\base.py", line 1820, in _execute_context
    self._handle_dbapi_exception(
  File "C:\Users\Kaue_Martins\Desktop\saka-delivery-kds\backend\venv\Lib\site-packages\sqlalchemy\engine\base.py", line 2344, in _handle_dbapi_exception
    raise sqlalchemy_exception.with_traceback(exc_info[2]) from e
  File "C:\Users\Kaue_Martins\Desktop\saka-delivery-kds\backend\venv\Lib\site-packages\sqlalchemy\engine\base.py", line 1814, in _execute_context
    context = constructor(
              ^^^^^^^^^^^^
  File "C:\Users\Kaue_Martins\Desktop\saka-delivery-kds\backend\venv\Lib\site-packages\sqlalchemy\engine\default.py", line 1456, in _init_compiled
    flattened_processors[key](compiled_params[key])
  File "C:\Users\Kaue_Martins\Desktop\saka-delivery-kds\backend\venv\Lib\site-packages\sqlalchemy\dialects\sqlite\base.py", line 1068, in process
    raise TypeError(
sqlalchemy.exc.StatementError: (builtins.TypeError) SQLite DateTime type only accepts Python datetime and date objects as input.
[SQL: INSERT INTO users (tenant_id, username, email, full_name, password_hash, role, saldo_credito, is_active, created_at, last_login) VALUES (?, ?, ?, ?, ?, ?, ?, ?, ?, ?)]
[parameters: [{'username': 'admin', 'full_name': 'Admin User', 'is_active': True, 'created_at': '2026-03-19T14:44:42.775377', 'saldo_credito': 0.0, 'password_hash': 'ea6b7c5213dc0b5e814d03a6b24095c4277e583d2d08dbdbf153313e91172a12', 'role': 'ADMIN', 'email': None, 'last_login': None, 'tenant_id': None}]]
__________________________ test_get_me_authenticated __________________________

self = <sqlalchemy.engine.base.Connection object at 0x000001A19ED63D10>
dialect = <sqlalchemy.dialects.sqlite.aiosqlite.SQLiteDialect_aiosqlite object at 0x000001A19ED61F40>
constructor = <bound method DefaultExecutionContext._init_compiled of <class 'sqlalchemy.dialects.sqlite.aiosqlite.SQLiteExecutionContext_aiosqlite'>>
statement = <sqlalchemy.dialects.sqlite.base.SQLiteCompiler object at 0x000001A19ED52960>
parameters = [{'created_at': '2026-03-19T14:44:44.543954', 'email': None, 'full_name': 'Admin User', 'is_active': True, ...}]
execution_options = immutabledict({'compiled_cache': <sqlalchemy.util._collections.LRUCache object at 0x000001A19EA22FC0>})
args = (<sqlalchemy.dialects.sqlite.base.SQLiteCompiler object at 0x000001A19ED52960>, [{'created_at': '2026-03-19T14:44:44.5...one, 'full_name': 'Admin User', 'is_active': True, ...}], <sqlalchemy.sql.dml.Insert object at 0x000001A19E946E40>, [])
kw = {'cache_hit': <CacheStats.CACHE_MISS: 1>}, yp = None
conn = <sqlalchemy.pool.base._ConnectionFairy object at 0x000001A1A00037D0>

    def _execute_context(
        self,
        dialect: Dialect,
        constructor: Callable[..., ExecutionContext],
        statement: Union[str, Compiled],
        parameters: Optional[_AnyMultiExecuteParams],
        execution_options: _ExecuteOptions,
        *args: Any,
        **kw: Any,
    ) -> CursorResult[Any]:
        """Create an :class:`.ExecutionContext` and execute, returning
        a :class:`_engine.CursorResult`."""
    
        if execution_options:
            yp = execution_options.get("yield_per", None)
            if yp:
                execution_options = execution_options.union(
                    {"stream_results": True, "max_row_buffer": yp}
                )
        try:
            conn = self._dbapi_connection
            if conn is None:
                conn = self._revalidate_connection()
    
>           context = constructor(
                dialect, self, conn, execution_options, *args, **kw
            )

venv\Lib\site-packages\sqlalchemy\engine\base.py:1814: 
_ _ _ _ _ _ _ _ _ _ _ _ _ _ _ _ _ _ _ _ _ _ _ _ _ _ _ _ _ _ _ _ _ _ _ _ _ _ _ _
venv\Lib\site-packages\sqlalchemy\engine\default.py:1456: in _init_compiled
    flattened_processors[key](compiled_params[key])
_ _ _ _ _ _ _ _ _ _ _ _ _ _ _ _ _ _ _ _ _ _ _ _ _ _ _ _ _ _ _ _ _ _ _ _ _ _ _ _

value = '2026-03-19T14:44:44.543954'

    def process(value):
        if value is None:
            return None
        elif isinstance(value, datetime_datetime):
            return format_ % {
                "year": value.year,
                "month": value.month,
                "day": value.day,
                "hour": value.hour,
                "minute": value.minute,
                "second": value.second,
                "microsecond": value.microsecond,
            }
        elif isinstance(value, datetime_date):
            return format_ % {
                "year": value.year,
                "month": value.month,
                "day": value.day,
                "hour": 0,
                "minute": 0,
                "second": 0,
                "microsecond": 0,
            }
        else:
>           raise TypeError(
                "SQLite DateTime type only accepts Python "
                "datetime and date objects as input."
            )
E           TypeError: SQLite DateTime type only accepts Python datetime and date objects as input.

venv\Lib\site-packages\sqlalchemy\dialects\sqlite\base.py:1068: TypeError

The above exception was the direct cause of the following exception:

client = <httpx.AsyncClient object at 0x000001A19ED61E80>

    @pytest.mark.asyncio
    async def test_get_me_authenticated(client: AsyncClient):
        """Testa endpoint /auth/me com token válido."""
        # Login first
>       login_resp = await client.post("/auth/login", json={
            "username": "admin",
            "password": "admin123",
        })

tests\test_auth.py:68: 
_ _ _ _ _ _ _ _ _ _ _ _ _ _ _ _ _ _ _ _ _ _ _ _ _ _ _ _ _ _ _ _ _ _ _ _ _ _ _ _
venv\Lib\site-packages\httpx\_client.py:1877: in post
    return await self.request(
venv\Lib\site-packages\httpx\_client.py:1559: in request
    return await self.send(request, auth=auth, follow_redirects=follow_redirects)
           ^^^^^^^^^^^^^^^^^^^^^^^^^^^^^^^^^^^^^^^^^^^^^^^^^^^^^^^^^^^^^^^^^^^^^^
venv\Lib\site-packages\httpx\_client.py:1646: in send
    response = await self._send_handling_auth(
venv\Lib\site-packages\httpx\_client.py:1674: in _send_handling_auth
    response = await self._send_handling_redirects(
venv\Lib\site-packages\httpx\_client.py:1711: in _send_handling_redirects
    response = await self._send_single_request(request)
               ^^^^^^^^^^^^^^^^^^^^^^^^^^^^^^^^^^^^^^^^
venv\Lib\site-packages\httpx\_client.py:1748: in _send_single_request
    response = await transport.handle_async_request(request)
               ^^^^^^^^^^^^^^^^^^^^^^^^^^^^^^^^^^^^^^^^^^^^^
venv\Lib\site-packages\httpx\_transports\asgi.py:162: in handle_async_request
    await self.app(scope, receive, send)
venv\Lib\site-packages\fastapi\applications.py:1054: in __call__
    await super().__call__(scope, receive, send)
venv\Lib\site-packages\starlette\applications.py:123: in __call__
    await self.middleware_stack(scope, receive, send)
venv\Lib\site-packages\starlette\middleware\errors.py:186: in __call__
    raise exc
venv\Lib\site-packages\starlette\middleware\errors.py:164: in __call__
    await self.app(scope, receive, _send)
venv\Lib\site-packages\starlette\middleware\cors.py:83: in __call__
    await self.app(scope, receive, send)
venv\Lib\site-packages\starlette\middleware\exceptions.py:62: in __call__
    await wrap_app_handling_exceptions(self.app, conn)(scope, receive, send)
venv\Lib\site-packages\starlette\_exception_handler.py:64: in wrapped_app
    raise exc
venv\Lib\site-packages\starlette\_exception_handler.py:53: in wrapped_app
    await app(scope, receive, sender)
venv\Lib\site-packages\starlette\routing.py:762: in __call__
    await self.middleware_stack(scope, receive, send)
venv\Lib\site-packages\starlette\routing.py:782: in app
    await route.handle(scope, receive, send)
venv\Lib\site-packages\starlette\routing.py:297: in handle
    await self.app(scope, receive, send)
venv\Lib\site-packages\starlette\routing.py:77: in app
    await wrap_app_handling_exceptions(app, request)(scope, receive, send)
venv\Lib\site-packages\starlette\_exception_handler.py:64: in wrapped_app
    raise exc
venv\Lib\site-packages\starlette\_exception_handler.py:53: in wrapped_app
    await app(scope, receive, sender)
venv\Lib\site-packages\starlette\routing.py:72: in app
    response = await func(request)
               ^^^^^^^^^^^^^^^^^^^
venv\Lib\site-packages\fastapi\routing.py:299: in app
    raise e
venv\Lib\site-packages\fastapi\routing.py:294: in app
    raw_response = await run_endpoint_function(
venv\Lib\site-packages\fastapi\routing.py:191: in run_endpoint_function
    return await dependant.call(**values)
           ^^^^^^^^^^^^^^^^^^^^^^^^^^^^^^
app\routers\auth.py:39: in login
    user = await user_service.authenticate_user(db, credentials.username, credentials.password)
           ^^^^^^^^^^^^^^^^^^^^^^^^^^^^^^^^^^^^^^^^^^^^^^^^^^^^^^^^^^^^^^^^^^^^^^^^^^^^^^^^^^^^
app\services\user_service.py:103: in authenticate_user
    user = await create_user(db, username, full_name, pwd, role, user_repo=user_repo)
           ^^^^^^^^^^^^^^^^^^^^^^^^^^^^^^^^^^^^^^^^^^^^^^^^^^^^^^^^^^^^^^^^^^^^^^^^^^
app\services\user_service.py:81: in create_user
    user = await user_repo.create(db, obj_in=user_in)
           ^^^^^^^^^^^^^^^^^^^^^^^^^^^^^^^^^^^^^^^^^^
app\repositories\base.py:60: in create
    await db.commit()
venv\Lib\site-packages\sqlalchemy\ext\asyncio\session.py:1011: in commit
    await greenlet_spawn(self.sync_session.commit)
venv\Lib\site-packages\sqlalchemy\util\_concurrency_py3k.py:202: in greenlet_spawn
    result = context.switch(value)
             ^^^^^^^^^^^^^^^^^^^^^
venv\Lib\site-packages\sqlalchemy\orm\session.py:1969: in commit
    trans.commit(_to_root=True)
<string>:2: in commit
    ???
venv\Lib\site-packages\sqlalchemy\orm\state_changes.py:139: in _go
    ret_value = fn(self, *arg, **kw)
                ^^^^^^^^^^^^^^^^^^^^
venv\Lib\site-packages\sqlalchemy\orm\session.py:1256: in commit
    self._prepare_impl()
<string>:2: in _prepare_impl
    ???
venv\Lib\site-packages\sqlalchemy\orm\state_changes.py:139: in _go
    ret_value = fn(self, *arg, **kw)
                ^^^^^^^^^^^^^^^^^^^^
venv\Lib\site-packages\sqlalchemy\orm\session.py:1231: in _prepare_impl
    self.session.flush()
venv\Lib\site-packages\sqlalchemy\orm\session.py:4312: in flush
    self._flush(objects)
venv\Lib\site-packages\sqlalchemy\orm\session.py:4447: in _flush
    with util.safe_reraise():
         ^^^^^^^^^^^^^^^^^^^
venv\Lib\site-packages\sqlalchemy\util\langhelpers.py:146: in __exit__
    raise exc_value.with_traceback(exc_tb)
venv\Lib\site-packages\sqlalchemy\orm\session.py:4408: in _flush
    flush_context.execute()
venv\Lib\site-packages\sqlalchemy\orm\unitofwork.py:466: in execute
    rec.execute(self)
venv\Lib\site-packages\sqlalchemy\orm\unitofwork.py:642: in execute
    util.preloaded.orm_persistence.save_obj(
venv\Lib\site-packages\sqlalchemy\orm\persistence.py:93: in save_obj
    _emit_insert_statements(
venv\Lib\site-packages\sqlalchemy\orm\persistence.py:1227: in _emit_insert_statements
    result = connection.execute(
venv\Lib\site-packages\sqlalchemy\engine\base.py:1416: in execute
    return meth(
venv\Lib\site-packages\sqlalchemy\sql\elements.py:517: in _execute_on_connection
    return connection._execute_clauseelement(
venv\Lib\site-packages\sqlalchemy\engine\base.py:1639: in _execute_clauseelement
    ret = self._execute_context(
venv\Lib\site-packages\sqlalchemy\engine\base.py:1820: in _execute_context
    self._handle_dbapi_exception(
venv\Lib\site-packages\sqlalchemy\engine\base.py:2344: in _handle_dbapi_exception
    raise sqlalchemy_exception.with_traceback(exc_info[2]) from e
venv\Lib\site-packages\sqlalchemy\engine\base.py:1814: in _execute_context
    context = constructor(
venv\Lib\site-packages\sqlalchemy\engine\default.py:1456: in _init_compiled
    flattened_processors[key](compiled_params[key])
_ _ _ _ _ _ _ _ _ _ _ _ _ _ _ _ _ _ _ _ _ _ _ _ _ _ _ _ _ _ _ _ _ _ _ _ _ _ _ _

value = '2026-03-19T14:44:44.543954'

    def process(value):
        if value is None:
            return None
        elif isinstance(value, datetime_datetime):
            return format_ % {
                "year": value.year,
                "month": value.month,
                "day": value.day,
                "hour": value.hour,
                "minute": value.minute,
                "second": value.second,
                "microsecond": value.microsecond,
            }
        elif isinstance(value, datetime_date):
            return format_ % {
                "year": value.year,
                "month": value.month,
                "day": value.day,
                "hour": 0,
                "minute": 0,
                "second": 0,
                "microsecond": 0,
            }
        else:
>           raise TypeError(
                "SQLite DateTime type only accepts Python "
                "datetime and date objects as input."
            )
E           sqlalchemy.exc.StatementError: (builtins.TypeError) SQLite DateTime type only accepts Python datetime and date objects as input.
E           [SQL: INSERT INTO users (tenant_id, username, email, full_name, password_hash, role, saldo_credito, is_active, created_at, last_login) VALUES (?, ?, ?, ?, ?, ?, ?, ?, ?, ?)]
E           [parameters: [{'username': 'admin', 'full_name': 'Admin User', 'is_active': True, 'created_at': '2026-03-19T14:44:44.543954', 'saldo_credito': 0.0, 'password_hash': 'ea6b7c5213dc0b5e814d03a6b24095c4277e583d2d08dbdbf153313e91172a12', 'role': 'ADMIN', 'email': None, 'last_login': None, 'tenant_id': None}]]

venv\Lib\site-packages\sqlalchemy\dialects\sqlite\base.py:1068: StatementError
---------------------------- Captured stderr call -----------------------------
2026-03-19 11:44:44,546 - app.main - ERROR - Unhandled exception on POST /auth/login: (builtins.TypeError) SQLite DateTime type only accepts Python datetime and date objects as input.
[SQL: INSERT INTO users (tenant_id, username, email, full_name, password_hash, role, saldo_credito, is_active, created_at, last_login) VALUES (?, ?, ?, ?, ?, ?, ?, ?, ?, ?)]
[parameters: [{'username': 'admin', 'full_name': 'Admin User', 'is_active': True, 'created_at': '2026-03-19T14:44:44.543954', 'saldo_credito': 0.0, 'password_hash': 'ea6b7c5213dc0b5e814d03a6b24095c4277e583d2d08dbdbf153313e91172a12', 'role': 'ADMIN', 'email': None, 'last_login': None, 'tenant_id': None}]]
Traceback (most recent call last):
  File "C:\Users\Kaue_Martins\Desktop\saka-delivery-kds\backend\venv\Lib\site-packages\sqlalchemy\engine\base.py", line 1814, in _execute_context
    context = constructor(
              ^^^^^^^^^^^^
  File "C:\Users\Kaue_Martins\Desktop\saka-delivery-kds\backend\venv\Lib\site-packages\sqlalchemy\engine\default.py", line 1456, in _init_compiled
    flattened_processors[key](compiled_params[key])
  File "C:\Users\Kaue_Martins\Desktop\saka-delivery-kds\backend\venv\Lib\site-packages\sqlalchemy\dialects\sqlite\base.py", line 1068, in process
    raise TypeError(
TypeError: SQLite DateTime type only accepts Python datetime and date objects as input.

The above exception was the direct cause of the following exception:

Traceback (most recent call last):
  File "C:\Users\Kaue_Martins\Desktop\saka-delivery-kds\backend\venv\Lib\site-packages\starlette\middleware\errors.py", line 164, in __call__
    await self.app(scope, receive, _send)
  File "C:\Users\Kaue_Martins\Desktop\saka-delivery-kds\backend\venv\Lib\site-packages\starlette\middleware\cors.py", line 83, in __call__
    await self.app(scope, receive, send)
  File "C:\Users\Kaue_Martins\Desktop\saka-delivery-kds\backend\venv\Lib\site-packages\starlette\middleware\exceptions.py", line 62, in __call__
    await wrap_app_handling_exceptions(self.app, conn)(scope, receive, send)
  File "C:\Users\Kaue_Martins\Desktop\saka-delivery-kds\backend\venv\Lib\site-packages\starlette\_exception_handler.py", line 64, in wrapped_app
    raise exc
  File "C:\Users\Kaue_Martins\Desktop\saka-delivery-kds\backend\venv\Lib\site-packages\starlette\_exception_handler.py", line 53, in wrapped_app
    await app(scope, receive, sender)
  File "C:\Users\Kaue_Martins\Desktop\saka-delivery-kds\backend\venv\Lib\site-packages\starlette\routing.py", line 762, in __call__
    await self.middleware_stack(scope, receive, send)
  File "C:\Users\Kaue_Martins\Desktop\saka-delivery-kds\backend\venv\Lib\site-packages\starlette\routing.py", line 782, in app
    await route.handle(scope, receive, send)
  File "C:\Users\Kaue_Martins\Desktop\saka-delivery-kds\backend\venv\Lib\site-packages\starlette\routing.py", line 297, in handle
    await self.app(scope, receive, send)
  File "C:\Users\Kaue_Martins\Desktop\saka-delivery-kds\backend\venv\Lib\site-packages\starlette\routing.py", line 77, in app
    await wrap_app_handling_exceptions(app, request)(scope, receive, send)
  File "C:\Users\Kaue_Martins\Desktop\saka-delivery-kds\backend\venv\Lib\site-packages\starlette\_exception_handler.py", line 64, in wrapped_app
    raise exc
  File "C:\Users\Kaue_Martins\Desktop\saka-delivery-kds\backend\venv\Lib\site-packages\starlette\_exception_handler.py", line 53, in wrapped_app
    await app(scope, receive, sender)
  File "C:\Users\Kaue_Martins\Desktop\saka-delivery-kds\backend\venv\Lib\site-packages\starlette\routing.py", line 72, in app
    response = await func(request)
               ^^^^^^^^^^^^^^^^^^^
  File "C:\Users\Kaue_Martins\Desktop\saka-delivery-kds\backend\venv\Lib\site-packages\fastapi\routing.py", line 299, in app
    raise e
  File "C:\Users\Kaue_Martins\Desktop\saka-delivery-kds\backend\venv\Lib\site-packages\fastapi\routing.py", line 294, in app
    raw_response = await run_endpoint_function(
                   ^^^^^^^^^^^^^^^^^^^^^^^^^^^^
  File "C:\Users\Kaue_Martins\Desktop\saka-delivery-kds\backend\venv\Lib\site-packages\fastapi\routing.py", line 191, in run_endpoint_function
    return await dependant.call(**values)
           ^^^^^^^^^^^^^^^^^^^^^^^^^^^^^^
  File "C:\Users\Kaue_Martins\Desktop\saka-delivery-kds\backend\app\routers\auth.py", line 39, in login
    user = await user_service.authenticate_user(db, credentials.username, credentials.password)
           ^^^^^^^^^^^^^^^^^^^^^^^^^^^^^^^^^^^^^^^^^^^^^^^^^^^^^^^^^^^^^^^^^^^^^^^^^^^^^^^^^^^^
  File "C:\Users\Kaue_Martins\Desktop\saka-delivery-kds\backend\app\services\user_service.py", line 103, in authenticate_user
    user = await create_user(db, username, full_name, pwd, role, user_repo=user_repo)
           ^^^^^^^^^^^^^^^^^^^^^^^^^^^^^^^^^^^^^^^^^^^^^^^^^^^^^^^^^^^^^^^^^^^^^^^^^^
  File "C:\Users\Kaue_Martins\Desktop\saka-delivery-kds\backend\app\services\user_service.py", line 81, in create_user
    user = await user_repo.create(db, obj_in=user_in)
           ^^^^^^^^^^^^^^^^^^^^^^^^^^^^^^^^^^^^^^^^^^
  File "C:\Users\Kaue_Martins\Desktop\saka-delivery-kds\backend\app\repositories\base.py", line 60, in create
    await db.commit()
  File "C:\Users\Kaue_Martins\Desktop\saka-delivery-kds\backend\venv\Lib\site-packages\sqlalchemy\ext\asyncio\session.py", line 1011, in commit
    await greenlet_spawn(self.sync_session.commit)
  File "C:\Users\Kaue_Martins\Desktop\saka-delivery-kds\backend\venv\Lib\site-packages\sqlalchemy\util\_concurrency_py3k.py", line 202, in greenlet_spawn
    result = context.switch(value)
             ^^^^^^^^^^^^^^^^^^^^^
  File "C:\Users\Kaue_Martins\Desktop\saka-delivery-kds\backend\venv\Lib\site-packages\sqlalchemy\orm\session.py", line 1969, in commit
    trans.commit(_to_root=True)
  File "<string>", line 2, in commit
  File "C:\Users\Kaue_Martins\Desktop\saka-delivery-kds\backend\venv\Lib\site-packages\sqlalchemy\orm\state_changes.py", line 139, in _go
    ret_value = fn(self, *arg, **kw)
                ^^^^^^^^^^^^^^^^^^^^
  File "C:\Users\Kaue_Martins\Desktop\saka-delivery-kds\backend\venv\Lib\site-packages\sqlalchemy\orm\session.py", line 1256, in commit
    self._prepare_impl()
  File "<string>", line 2, in _prepare_impl
  File "C:\Users\Kaue_Martins\Desktop\saka-delivery-kds\backend\venv\Lib\site-packages\sqlalchemy\orm\state_changes.py", line 139, in _go
    ret_value = fn(self, *arg, **kw)
                ^^^^^^^^^^^^^^^^^^^^
  File "C:\Users\Kaue_Martins\Desktop\saka-delivery-kds\backend\venv\Lib\site-packages\sqlalchemy\orm\session.py", line 1231, in _prepare_impl
    self.session.flush()
  File "C:\Users\Kaue_Martins\Desktop\saka-delivery-kds\backend\venv\Lib\site-packages\sqlalchemy\orm\session.py", line 4312, in flush
    self._flush(objects)
  File "C:\Users\Kaue_Martins\Desktop\saka-delivery-kds\backend\venv\Lib\site-packages\sqlalchemy\orm\session.py", line 4447, in _flush
    with util.safe_reraise():
         ^^^^^^^^^^^^^^^^^^^
  File "C:\Users\Kaue_Martins\Desktop\saka-delivery-kds\backend\venv\Lib\site-packages\sqlalchemy\util\langhelpers.py", line 146, in __exit__
    raise exc_value.with_traceback(exc_tb)
  File "C:\Users\Kaue_Martins\Desktop\saka-delivery-kds\backend\venv\Lib\site-packages\sqlalchemy\orm\session.py", line 4408, in _flush
    flush_context.execute()
  File "C:\Users\Kaue_Martins\Desktop\saka-delivery-kds\backend\venv\Lib\site-packages\sqlalchemy\orm\unitofwork.py", line 466, in execute
    rec.execute(self)
  File "C:\Users\Kaue_Martins\Desktop\saka-delivery-kds\backend\venv\Lib\site-packages\sqlalchemy\orm\unitofwork.py", line 642, in execute
    util.preloaded.orm_persistence.save_obj(
  File "C:\Users\Kaue_Martins\Desktop\saka-delivery-kds\backend\venv\Lib\site-packages\sqlalchemy\orm\persistence.py", line 93, in save_obj
    _emit_insert_statements(
  File "C:\Users\Kaue_Martins\Desktop\saka-delivery-kds\backend\venv\Lib\site-packages\sqlalchemy\orm\persistence.py", line 1227, in _emit_insert_statements
    result = connection.execute(
             ^^^^^^^^^^^^^^^^^^^
  File "C:\Users\Kaue_Martins\Desktop\saka-delivery-kds\backend\venv\Lib\site-packages\sqlalchemy\engine\base.py", line 1416, in execute
    return meth(
           ^^^^^
  File "C:\Users\Kaue_Martins\Desktop\saka-delivery-kds\backend\venv\Lib\site-packages\sqlalchemy\sql\elements.py", line 517, in _execute_on_connection
    return connection._execute_clauseelement(
           ^^^^^^^^^^^^^^^^^^^^^^^^^^^^^^^^^^
  File "C:\Users\Kaue_Martins\Desktop\saka-delivery-kds\backend\venv\Lib\site-packages\sqlalchemy\engine\base.py", line 1639, in _execute_clauseelement
    ret = self._execute_context(
          ^^^^^^^^^^^^^^^^^^^^^^
  File "C:\Users\Kaue_Martins\Desktop\saka-delivery-kds\backend\venv\Lib\site-packages\sqlalchemy\engine\base.py", line 1820, in _execute_context
    self._handle_dbapi_exception(
  File "C:\Users\Kaue_Martins\Desktop\saka-delivery-kds\backend\venv\Lib\site-packages\sqlalchemy\engine\base.py", line 2344, in _handle_dbapi_exception
    raise sqlalchemy_exception.with_traceback(exc_info[2]) from e
  File "C:\Users\Kaue_Martins\Desktop\saka-delivery-kds\backend\venv\Lib\site-packages\sqlalchemy\engine\base.py", line 1814, in _execute_context
    context = constructor(
              ^^^^^^^^^^^^
  File "C:\Users\Kaue_Martins\Desktop\saka-delivery-kds\backend\venv\Lib\site-packages\sqlalchemy\engine\default.py", line 1456, in _init_compiled
    flattened_processors[key](compiled_params[key])
  File "C:\Users\Kaue_Martins\Desktop\saka-delivery-kds\backend\venv\Lib\site-packages\sqlalchemy\dialects\sqlite\base.py", line 1068, in process
    raise TypeError(
sqlalchemy.exc.StatementError: (builtins.TypeError) SQLite DateTime type only accepts Python datetime and date objects as input.
[SQL: INSERT INTO users (tenant_id, username, email, full_name, password_hash, role, saldo_credito, is_active, created_at, last_login) VALUES (?, ?, ?, ?, ?, ?, ?, ?, ?, ?)]
[parameters: [{'username': 'admin', 'full_name': 'Admin User', 'is_active': True, 'created_at': '2026-03-19T14:44:44.543954', 'saldo_credito': 0.0, 'password_hash': 'ea6b7c5213dc0b5e814d03a6b24095c4277e583d2d08dbdbf153313e91172a12', 'role': 'ADMIN', 'email': None, 'last_login': None, 'tenant_id': None}]]
------------------------------ Captured log call ------------------------------
ERROR    app.main:main.py:101 Unhandled exception on POST /auth/login: (builtins.TypeError) SQLite DateTime type only accepts Python datetime and date objects as input.
[SQL: INSERT INTO users (tenant_id, username, email, full_name, password_hash, role, saldo_credito, is_active, created_at, last_login) VALUES (?, ?, ?, ?, ?, ?, ?, ?, ?, ?)]
[parameters: [{'username': 'admin', 'full_name': 'Admin User', 'is_active': True, 'created_at': '2026-03-19T14:44:44.543954', 'saldo_credito': 0.0, 'password_hash': 'ea6b7c5213dc0b5e814d03a6b24095c4277e583d2d08dbdbf153313e91172a12', 'role': 'ADMIN', 'email': None, 'last_login': None, 'tenant_id': None}]]
Traceback (most recent call last):
  File "C:\Users\Kaue_Martins\Desktop\saka-delivery-kds\backend\venv\Lib\site-packages\sqlalchemy\engine\base.py", line 1814, in _execute_context
    context = constructor(
              ^^^^^^^^^^^^
  File "C:\Users\Kaue_Martins\Desktop\saka-delivery-kds\backend\venv\Lib\site-packages\sqlalchemy\engine\default.py", line 1456, in _init_compiled
    flattened_processors[key](compiled_params[key])
  File "C:\Users\Kaue_Martins\Desktop\saka-delivery-kds\backend\venv\Lib\site-packages\sqlalchemy\dialects\sqlite\base.py", line 1068, in process
    raise TypeError(
TypeError: SQLite DateTime type only accepts Python datetime and date objects as input.

The above exception was the direct cause of the following exception:

Traceback (most recent call last):
  File "C:\Users\Kaue_Martins\Desktop\saka-delivery-kds\backend\venv\Lib\site-packages\starlette\middleware\errors.py", line 164, in __call__
    await self.app(scope, receive, _send)
  File "C:\Users\Kaue_Martins\Desktop\saka-delivery-kds\backend\venv\Lib\site-packages\starlette\middleware\cors.py", line 83, in __call__
    await self.app(scope, receive, send)
  File "C:\Users\Kaue_Martins\Desktop\saka-delivery-kds\backend\venv\Lib\site-packages\starlette\middleware\exceptions.py", line 62, in __call__
    await wrap_app_handling_exceptions(self.app, conn)(scope, receive, send)
  File "C:\Users\Kaue_Martins\Desktop\saka-delivery-kds\backend\venv\Lib\site-packages\starlette\_exception_handler.py", line 64, in wrapped_app
    raise exc
  File "C:\Users\Kaue_Martins\Desktop\saka-delivery-kds\backend\venv\Lib\site-packages\starlette\_exception_handler.py", line 53, in wrapped_app
    await app(scope, receive, sender)
  File "C:\Users\Kaue_Martins\Desktop\saka-delivery-kds\backend\venv\Lib\site-packages\starlette\routing.py", line 762, in __call__
    await self.middleware_stack(scope, receive, send)
  File "C:\Users\Kaue_Martins\Desktop\saka-delivery-kds\backend\venv\Lib\site-packages\starlette\routing.py", line 782, in app
    await route.handle(scope, receive, send)
  File "C:\Users\Kaue_Martins\Desktop\saka-delivery-kds\backend\venv\Lib\site-packages\starlette\routing.py", line 297, in handle
    await self.app(scope, receive, send)
  File "C:\Users\Kaue_Martins\Desktop\saka-delivery-kds\backend\venv\Lib\site-packages\starlette\routing.py", line 77, in app
    await wrap_app_handling_exceptions(app, request)(scope, receive, send)
  File "C:\Users\Kaue_Martins\Desktop\saka-delivery-kds\backend\venv\Lib\site-packages\starlette\_exception_handler.py", line 64, in wrapped_app
    raise exc
  File "C:\Users\Kaue_Martins\Desktop\saka-delivery-kds\backend\venv\Lib\site-packages\starlette\_exception_handler.py", line 53, in wrapped_app
    await app(scope, receive, sender)
  File "C:\Users\Kaue_Martins\Desktop\saka-delivery-kds\backend\venv\Lib\site-packages\starlette\routing.py", line 72, in app
    response = await func(request)
               ^^^^^^^^^^^^^^^^^^^
  File "C:\Users\Kaue_Martins\Desktop\saka-delivery-kds\backend\venv\Lib\site-packages\fastapi\routing.py", line 299, in app
    raise e
  File "C:\Users\Kaue_Martins\Desktop\saka-delivery-kds\backend\venv\Lib\site-packages\fastapi\routing.py", line 294, in app
    raw_response = await run_endpoint_function(
                   ^^^^^^^^^^^^^^^^^^^^^^^^^^^^
  File "C:\Users\Kaue_Martins\Desktop\saka-delivery-kds\backend\venv\Lib\site-packages\fastapi\routing.py", line 191, in run_endpoint_function
    return await dependant.call(**values)
           ^^^^^^^^^^^^^^^^^^^^^^^^^^^^^^
  File "C:\Users\Kaue_Martins\Desktop\saka-delivery-kds\backend\app\routers\auth.py", line 39, in login
    user = await user_service.authenticate_user(db, credentials.username, credentials.password)
           ^^^^^^^^^^^^^^^^^^^^^^^^^^^^^^^^^^^^^^^^^^^^^^^^^^^^^^^^^^^^^^^^^^^^^^^^^^^^^^^^^^^^
  File "C:\Users\Kaue_Martins\Desktop\saka-delivery-kds\backend\app\services\user_service.py", line 103, in authenticate_user
    user = await create_user(db, username, full_name, pwd, role, user_repo=user_repo)
           ^^^^^^^^^^^^^^^^^^^^^^^^^^^^^^^^^^^^^^^^^^^^^^^^^^^^^^^^^^^^^^^^^^^^^^^^^^
  File "C:\Users\Kaue_Martins\Desktop\saka-delivery-kds\backend\app\services\user_service.py", line 81, in create_user
    user = await user_repo.create(db, obj_in=user_in)
           ^^^^^^^^^^^^^^^^^^^^^^^^^^^^^^^^^^^^^^^^^^
  File "C:\Users\Kaue_Martins\Desktop\saka-delivery-kds\backend\app\repositories\base.py", line 60, in create
    await db.commit()
  File "C:\Users\Kaue_Martins\Desktop\saka-delivery-kds\backend\venv\Lib\site-packages\sqlalchemy\ext\asyncio\session.py", line 1011, in commit
    await greenlet_spawn(self.sync_session.commit)
  File "C:\Users\Kaue_Martins\Desktop\saka-delivery-kds\backend\venv\Lib\site-packages\sqlalchemy\util\_concurrency_py3k.py", line 202, in greenlet_spawn
    result = context.switch(value)
             ^^^^^^^^^^^^^^^^^^^^^
  File "C:\Users\Kaue_Martins\Desktop\saka-delivery-kds\backend\venv\Lib\site-packages\sqlalchemy\orm\session.py", line 1969, in commit
    trans.commit(_to_root=True)
  File "<string>", line 2, in commit
  File "C:\Users\Kaue_Martins\Desktop\saka-delivery-kds\backend\venv\Lib\site-packages\sqlalchemy\orm\state_changes.py", line 139, in _go
    ret_value = fn(self, *arg, **kw)
                ^^^^^^^^^^^^^^^^^^^^
  File "C:\Users\Kaue_Martins\Desktop\saka-delivery-kds\backend\venv\Lib\site-packages\sqlalchemy\orm\session.py", line 1256, in commit
    self._prepare_impl()
  File "<string>", line 2, in _prepare_impl
  File "C:\Users\Kaue_Martins\Desktop\saka-delivery-kds\backend\venv\Lib\site-packages\sqlalchemy\orm\state_changes.py", line 139, in _go
    ret_value = fn(self, *arg, **kw)
                ^^^^^^^^^^^^^^^^^^^^
  File "C:\Users\Kaue_Martins\Desktop\saka-delivery-kds\backend\venv\Lib\site-packages\sqlalchemy\orm\session.py", line 1231, in _prepare_impl
    self.session.flush()
  File "C:\Users\Kaue_Martins\Desktop\saka-delivery-kds\backend\venv\Lib\site-packages\sqlalchemy\orm\session.py", line 4312, in flush
    self._flush(objects)
  File "C:\Users\Kaue_Martins\Desktop\saka-delivery-kds\backend\venv\Lib\site-packages\sqlalchemy\orm\session.py", line 4447, in _flush
    with util.safe_reraise():
         ^^^^^^^^^^^^^^^^^^^
  File "C:\Users\Kaue_Martins\Desktop\saka-delivery-kds\backend\venv\Lib\site-packages\sqlalchemy\util\langhelpers.py", line 146, in __exit__
    raise exc_value.with_traceback(exc_tb)
  File "C:\Users\Kaue_Martins\Desktop\saka-delivery-kds\backend\venv\Lib\site-packages\sqlalchemy\orm\session.py", line 4408, in _flush
    flush_context.execute()
  File "C:\Users\Kaue_Martins\Desktop\saka-delivery-kds\backend\venv\Lib\site-packages\sqlalchemy\orm\unitofwork.py", line 466, in execute
    rec.execute(self)
  File "C:\Users\Kaue_Martins\Desktop\saka-delivery-kds\backend\venv\Lib\site-packages\sqlalchemy\orm\unitofwork.py", line 642, in execute
    util.preloaded.orm_persistence.save_obj(
  File "C:\Users\Kaue_Martins\Desktop\saka-delivery-kds\backend\venv\Lib\site-packages\sqlalchemy\orm\persistence.py", line 93, in save_obj
    _emit_insert_statements(
  File "C:\Users\Kaue_Martins\Desktop\saka-delivery-kds\backend\venv\Lib\site-packages\sqlalchemy\orm\persistence.py", line 1227, in _emit_insert_statements
    result = connection.execute(
             ^^^^^^^^^^^^^^^^^^^
  File "C:\Users\Kaue_Martins\Desktop\saka-delivery-kds\backend\venv\Lib\site-packages\sqlalchemy\engine\base.py", line 1416, in execute
    return meth(
           ^^^^^
  File "C:\Users\Kaue_Martins\Desktop\saka-delivery-kds\backend\venv\Lib\site-packages\sqlalchemy\sql\elements.py", line 517, in _execute_on_connection
    return connection._execute_clauseelement(
           ^^^^^^^^^^^^^^^^^^^^^^^^^^^^^^^^^^
  File "C:\Users\Kaue_Martins\Desktop\saka-delivery-kds\backend\venv\Lib\site-packages\sqlalchemy\engine\base.py", line 1639, in _execute_clauseelement
    ret = self._execute_context(
          ^^^^^^^^^^^^^^^^^^^^^^
  File "C:\Users\Kaue_Martins\Desktop\saka-delivery-kds\backend\venv\Lib\site-packages\sqlalchemy\engine\base.py", line 1820, in _execute_context
    self._handle_dbapi_exception(
  File "C:\Users\Kaue_Martins\Desktop\saka-delivery-kds\backend\venv\Lib\site-packages\sqlalchemy\engine\base.py", line 2344, in _handle_dbapi_exception
    raise sqlalchemy_exception.with_traceback(exc_info[2]) from e
  File "C:\Users\Kaue_Martins\Desktop\saka-delivery-kds\backend\venv\Lib\site-packages\sqlalchemy\engine\base.py", line 1814, in _execute_context
    context = constructor(
              ^^^^^^^^^^^^
  File "C:\Users\Kaue_Martins\Desktop\saka-delivery-kds\backend\venv\Lib\site-packages\sqlalchemy\engine\default.py", line 1456, in _init_compiled
    flattened_processors[key](compiled_params[key])
  File "C:\Users\Kaue_Martins\Desktop\saka-delivery-kds\backend\venv\Lib\site-packages\sqlalchemy\dialects\sqlite\base.py", line 1068, in process
    raise TypeError(
sqlalchemy.exc.StatementError: (builtins.TypeError) SQLite DateTime type only accepts Python datetime and date objects as input.
[SQL: INSERT INTO users (tenant_id, username, email, full_name, password_hash, role, saldo_credito, is_active, created_at, last_login) VALUES (?, ?, ?, ?, ?, ?, ?, ?, ?, ?)]
[parameters: [{'username': 'admin', 'full_name': 'Admin User', 'is_active': True, 'created_at': '2026-03-19T14:44:44.543954', 'saldo_credito': 0.0, 'password_hash': 'ea6b7c5213dc0b5e814d03a6b24095c4277e583d2d08dbdbf153313e91172a12', 'role': 'ADMIN', 'email': None, 'last_login': None, 'tenant_id': None}]]
__________________________ test_insufficient_credit ___________________________

self = <sqlalchemy.engine.base.Connection object at 0x000001A19EC67260>
dialect = <sqlalchemy.dialects.sqlite.aiosqlite.SQLiteDialect_aiosqlite object at 0x000001A19EC65D30>
constructor = <bound method DefaultExecutionContext._init_compiled of <class 'sqlalchemy.dialects.sqlite.aiosqlite.SQLiteExecutionContext_aiosqlite'>>
statement = <sqlalchemy.dialects.sqlite.base.SQLiteCompiler object at 0x000001A19EC65100>
parameters = [{'created_at': '2026-03-19T14:44:46.320585', 'email': None, 'full_name': 'Credit Test User', 'is_active': True, ...}]
execution_options = immutabledict({'compiled_cache': <sqlalchemy.util._collections.LRUCache object at 0x000001A19EA22FC0>})
args = (<sqlalchemy.dialects.sqlite.base.SQLiteCompiler object at 0x000001A19EC65100>, [{'created_at': '2026-03-19T14:44:46.3...full_name': 'Credit Test User', 'is_active': True, ...}], <sqlalchemy.sql.dml.Insert object at 0x000001A19E946E40>, [])
kw = {'cache_hit': <CacheStats.CACHE_MISS: 1>}, yp = None
conn = <sqlalchemy.pool.base._ConnectionFairy object at 0x000001A19FF8AC90>

    def _execute_context(
        self,
        dialect: Dialect,
        constructor: Callable[..., ExecutionContext],
        statement: Union[str, Compiled],
        parameters: Optional[_AnyMultiExecuteParams],
        execution_options: _ExecuteOptions,
        *args: Any,
        **kw: Any,
    ) -> CursorResult[Any]:
        """Create an :class:`.ExecutionContext` and execute, returning
        a :class:`_engine.CursorResult`."""
    
        if execution_options:
            yp = execution_options.get("yield_per", None)
            if yp:
                execution_options = execution_options.union(
                    {"stream_results": True, "max_row_buffer": yp}
                )
        try:
            conn = self._dbapi_connection
            if conn is None:
                conn = self._revalidate_connection()
    
>           context = constructor(
                dialect, self, conn, execution_options, *args, **kw
            )

venv\Lib\site-packages\sqlalchemy\engine\base.py:1814: 
_ _ _ _ _ _ _ _ _ _ _ _ _ _ _ _ _ _ _ _ _ _ _ _ _ _ _ _ _ _ _ _ _ _ _ _ _ _ _ _
venv\Lib\site-packages\sqlalchemy\engine\default.py:1456: in _init_compiled
    flattened_processors[key](compiled_params[key])
_ _ _ _ _ _ _ _ _ _ _ _ _ _ _ _ _ _ _ _ _ _ _ _ _ _ _ _ _ _ _ _ _ _ _ _ _ _ _ _

value = '2026-03-19T14:44:46.320585'

    def process(value):
        if value is None:
            return None
        elif isinstance(value, datetime_datetime):
            return format_ % {
                "year": value.year,
                "month": value.month,
                "day": value.day,
                "hour": value.hour,
                "minute": value.minute,
                "second": value.second,
                "microsecond": value.microsecond,
            }
        elif isinstance(value, datetime_date):
            return format_ % {
                "year": value.year,
                "month": value.month,
                "day": value.day,
                "hour": 0,
                "minute": 0,
                "second": 0,
                "microsecond": 0,
            }
        else:
>           raise TypeError(
                "SQLite DateTime type only accepts Python "
                "datetime and date objects as input."
            )
E           TypeError: SQLite DateTime type only accepts Python datetime and date objects as input.

venv\Lib\site-packages\sqlalchemy\dialects\sqlite\base.py:1068: TypeError

The above exception was the direct cause of the following exception:

client = <httpx.AsyncClient object at 0x000001A19EE25040>

    @pytest.mark.asyncio
    async def test_insufficient_credit(client: AsyncClient):
        """Testa erro ao criar pedido sem saldo suficiente."""
>       token = await _get_auth_token(client)
                ^^^^^^^^^^^^^^^^^^^^^^^^^^^^^

tests\test_credito.py:26: 
_ _ _ _ _ _ _ _ _ _ _ _ _ _ _ _ _ _ _ _ _ _ _ _ _ _ _ _ _ _ _ _ _ _ _ _ _ _ _ _
tests\test_credito.py:10: in _get_auth_token
    await client.post("/auth/register", json={
venv\Lib\site-packages\httpx\_client.py:1877: in post
    return await self.request(
venv\Lib\site-packages\httpx\_client.py:1559: in request
    return await self.send(request, auth=auth, follow_redirects=follow_redirects)
           ^^^^^^^^^^^^^^^^^^^^^^^^^^^^^^^^^^^^^^^^^^^^^^^^^^^^^^^^^^^^^^^^^^^^^^
venv\Lib\site-packages\httpx\_client.py:1646: in send
    response = await self._send_handling_auth(
venv\Lib\site-packages\httpx\_client.py:1674: in _send_handling_auth
    response = await self._send_handling_redirects(
venv\Lib\site-packages\httpx\_client.py:1711: in _send_handling_redirects
    response = await self._send_single_request(request)
               ^^^^^^^^^^^^^^^^^^^^^^^^^^^^^^^^^^^^^^^^
venv\Lib\site-packages\httpx\_client.py:1748: in _send_single_request
    response = await transport.handle_async_request(request)
               ^^^^^^^^^^^^^^^^^^^^^^^^^^^^^^^^^^^^^^^^^^^^^
venv\Lib\site-packages\httpx\_transports\asgi.py:162: in handle_async_request
    await self.app(scope, receive, send)
venv\Lib\site-packages\fastapi\applications.py:1054: in __call__
    await super().__call__(scope, receive, send)
venv\Lib\site-packages\starlette\applications.py:123: in __call__
    await self.middleware_stack(scope, receive, send)
venv\Lib\site-packages\starlette\middleware\errors.py:186: in __call__
    raise exc
venv\Lib\site-packages\starlette\middleware\errors.py:164: in __call__
    await self.app(scope, receive, _send)
venv\Lib\site-packages\starlette\middleware\cors.py:83: in __call__
    await self.app(scope, receive, send)
venv\Lib\site-packages\starlette\middleware\exceptions.py:62: in __call__
    await wrap_app_handling_exceptions(self.app, conn)(scope, receive, send)
venv\Lib\site-packages\starlette\_exception_handler.py:64: in wrapped_app
    raise exc
venv\Lib\site-packages\starlette\_exception_handler.py:53: in wrapped_app
    await app(scope, receive, sender)
venv\Lib\site-packages\starlette\routing.py:762: in __call__
    await self.middleware_stack(scope, receive, send)
venv\Lib\site-packages\starlette\routing.py:782: in app
    await route.handle(scope, receive, send)
venv\Lib\site-packages\starlette\routing.py:297: in handle
    await self.app(scope, receive, send)
venv\Lib\site-packages\starlette\routing.py:77: in app
    await wrap_app_handling_exceptions(app, request)(scope, receive, send)
venv\Lib\site-packages\starlette\_exception_handler.py:64: in wrapped_app
    raise exc
venv\Lib\site-packages\starlette\_exception_handler.py:53: in wrapped_app
    await app(scope, receive, sender)
venv\Lib\site-packages\starlette\routing.py:72: in app
    response = await func(request)
               ^^^^^^^^^^^^^^^^^^^
venv\Lib\site-packages\fastapi\routing.py:299: in app
    raise e
venv\Lib\site-packages\fastapi\routing.py:294: in app
    raw_response = await run_endpoint_function(
venv\Lib\site-packages\fastapi\routing.py:191: in run_endpoint_function
    return await dependant.call(**values)
           ^^^^^^^^^^^^^^^^^^^^^^^^^^^^^^
app\routers\auth.py:60: in register
    user = await user_service.create_user(
app\services\user_service.py:81: in create_user
    user = await user_repo.create(db, obj_in=user_in)
           ^^^^^^^^^^^^^^^^^^^^^^^^^^^^^^^^^^^^^^^^^^
app\repositories\base.py:60: in create
    await db.commit()
venv\Lib\site-packages\sqlalchemy\ext\asyncio\session.py:1011: in commit
    await greenlet_spawn(self.sync_session.commit)
venv\Lib\site-packages\sqlalchemy\util\_concurrency_py3k.py:202: in greenlet_spawn
    result = context.switch(value)
             ^^^^^^^^^^^^^^^^^^^^^
venv\Lib\site-packages\sqlalchemy\orm\session.py:1969: in commit
    trans.commit(_to_root=True)
<string>:2: in commit
    ???
venv\Lib\site-packages\sqlalchemy\orm\state_changes.py:139: in _go
    ret_value = fn(self, *arg, **kw)
                ^^^^^^^^^^^^^^^^^^^^
venv\Lib\site-packages\sqlalchemy\orm\session.py:1256: in commit
    self._prepare_impl()
<string>:2: in _prepare_impl
    ???
venv\Lib\site-packages\sqlalchemy\orm\state_changes.py:139: in _go
    ret_value = fn(self, *arg, **kw)
                ^^^^^^^^^^^^^^^^^^^^
venv\Lib\site-packages\sqlalchemy\orm\session.py:1231: in _prepare_impl
    self.session.flush()
venv\Lib\site-packages\sqlalchemy\orm\session.py:4312: in flush
    self._flush(objects)
venv\Lib\site-packages\sqlalchemy\orm\session.py:4447: in _flush
    with util.safe_reraise():
         ^^^^^^^^^^^^^^^^^^^
venv\Lib\site-packages\sqlalchemy\util\langhelpers.py:146: in __exit__
    raise exc_value.with_traceback(exc_tb)
venv\Lib\site-packages\sqlalchemy\orm\session.py:4408: in _flush
    flush_context.execute()
venv\Lib\site-packages\sqlalchemy\orm\unitofwork.py:466: in execute
    rec.execute(self)
venv\Lib\site-packages\sqlalchemy\orm\unitofwork.py:642: in execute
    util.preloaded.orm_persistence.save_obj(
venv\Lib\site-packages\sqlalchemy\orm\persistence.py:93: in save_obj
    _emit_insert_statements(
venv\Lib\site-packages\sqlalchemy\orm\persistence.py:1227: in _emit_insert_statements
    result = connection.execute(
venv\Lib\site-packages\sqlalchemy\engine\base.py:1416: in execute
    return meth(
venv\Lib\site-packages\sqlalchemy\sql\elements.py:517: in _execute_on_connection
    return connection._execute_clauseelement(
venv\Lib\site-packages\sqlalchemy\engine\base.py:1639: in _execute_clauseelement
    ret = self._execute_context(
venv\Lib\site-packages\sqlalchemy\engine\base.py:1820: in _execute_context
    self._handle_dbapi_exception(
venv\Lib\site-packages\sqlalchemy\engine\base.py:2344: in _handle_dbapi_exception
    raise sqlalchemy_exception.with_traceback(exc_info[2]) from e
venv\Lib\site-packages\sqlalchemy\engine\base.py:1814: in _execute_context
    context = constructor(
venv\Lib\site-packages\sqlalchemy\engine\default.py:1456: in _init_compiled
    flattened_processors[key](compiled_params[key])
_ _ _ _ _ _ _ _ _ _ _ _ _ _ _ _ _ _ _ _ _ _ _ _ _ _ _ _ _ _ _ _ _ _ _ _ _ _ _ _

value = '2026-03-19T14:44:46.320585'

    def process(value):
        if value is None:
            return None
        elif isinstance(value, datetime_datetime):
            return format_ % {
                "year": value.year,
                "month": value.month,
                "day": value.day,
                "hour": value.hour,
                "minute": value.minute,
                "second": value.second,
                "microsecond": value.microsecond,
            }
        elif isinstance(value, datetime_date):
            return format_ % {
                "year": value.year,
                "month": value.month,
                "day": value.day,
                "hour": 0,
                "minute": 0,
                "second": 0,
                "microsecond": 0,
            }
        else:
>           raise TypeError(
                "SQLite DateTime type only accepts Python "
                "datetime and date objects as input."
            )
E           sqlalchemy.exc.StatementError: (builtins.TypeError) SQLite DateTime type only accepts Python datetime and date objects as input.
E           [SQL: INSERT INTO users (tenant_id, username, email, full_name, password_hash, role, saldo_credito, is_active, created_at, last_login) VALUES (?, ?, ?, ?, ?, ?, ?, ?, ?, ?)]
E           [parameters: [{'username': 'credituser', 'full_name': 'Credit Test User', 'is_active': True, 'created_at': '2026-03-19T14:44:46.320585', 'saldo_credito': 0.0, 'pass ... (6 characters truncated) ... ash': 'f6d9f2113215503556c05651ee275cb386869e5d7286beb103f20bc390633d8e', 'role': 'SUPER_ADMIN', 'email': None, 'last_login': None, 'tenant_id': None}]]

venv\Lib\site-packages\sqlalchemy\dialects\sqlite\base.py:1068: StatementError
---------------------------- Captured stderr call -----------------------------
2026-03-19 11:44:46,323 - app.main - ERROR - Unhandled exception on POST /auth/register: (builtins.TypeError) SQLite DateTime type only accepts Python datetime and date objects as input.
[SQL: INSERT INTO users (tenant_id, username, email, full_name, password_hash, role, saldo_credito, is_active, created_at, last_login) VALUES (?, ?, ?, ?, ?, ?, ?, ?, ?, ?)]
[parameters: [{'username': 'credituser', 'full_name': 'Credit Test User', 'is_active': True, 'created_at': '2026-03-19T14:44:46.320585', 'saldo_credito': 0.0, 'pass ... (6 characters truncated) ... ash': 'f6d9f2113215503556c05651ee275cb386869e5d7286beb103f20bc390633d8e', 'role': 'SUPER_ADMIN', 'email': None, 'last_login': None, 'tenant_id': None}]]
Traceback (most recent call last):
  File "C:\Users\Kaue_Martins\Desktop\saka-delivery-kds\backend\venv\Lib\site-packages\sqlalchemy\engine\base.py", line 1814, in _execute_context
    context = constructor(
              ^^^^^^^^^^^^
  File "C:\Users\Kaue_Martins\Desktop\saka-delivery-kds\backend\venv\Lib\site-packages\sqlalchemy\engine\default.py", line 1456, in _init_compiled
    flattened_processors[key](compiled_params[key])
  File "C:\Users\Kaue_Martins\Desktop\saka-delivery-kds\backend\venv\Lib\site-packages\sqlalchemy\dialects\sqlite\base.py", line 1068, in process
    raise TypeError(
TypeError: SQLite DateTime type only accepts Python datetime and date objects as input.

The above exception was the direct cause of the following exception:

Traceback (most recent call last):
  File "C:\Users\Kaue_Martins\Desktop\saka-delivery-kds\backend\venv\Lib\site-packages\starlette\middleware\errors.py", line 164, in __call__
    await self.app(scope, receive, _send)
  File "C:\Users\Kaue_Martins\Desktop\saka-delivery-kds\backend\venv\Lib\site-packages\starlette\middleware\cors.py", line 83, in __call__
    await self.app(scope, receive, send)
  File "C:\Users\Kaue_Martins\Desktop\saka-delivery-kds\backend\venv\Lib\site-packages\starlette\middleware\exceptions.py", line 62, in __call__
    await wrap_app_handling_exceptions(self.app, conn)(scope, receive, send)
  File "C:\Users\Kaue_Martins\Desktop\saka-delivery-kds\backend\venv\Lib\site-packages\starlette\_exception_handler.py", line 64, in wrapped_app
    raise exc
  File "C:\Users\Kaue_Martins\Desktop\saka-delivery-kds\backend\venv\Lib\site-packages\starlette\_exception_handler.py", line 53, in wrapped_app
    await app(scope, receive, sender)
  File "C:\Users\Kaue_Martins\Desktop\saka-delivery-kds\backend\venv\Lib\site-packages\starlette\routing.py", line 762, in __call__
    await self.middleware_stack(scope, receive, send)
  File "C:\Users\Kaue_Martins\Desktop\saka-delivery-kds\backend\venv\Lib\site-packages\starlette\routing.py", line 782, in app
    await route.handle(scope, receive, send)
  File "C:\Users\Kaue_Martins\Desktop\saka-delivery-kds\backend\venv\Lib\site-packages\starlette\routing.py", line 297, in handle
    await self.app(scope, receive, send)
  File "C:\Users\Kaue_Martins\Desktop\saka-delivery-kds\backend\venv\Lib\site-packages\starlette\routing.py", line 77, in app
    await wrap_app_handling_exceptions(app, request)(scope, receive, send)
  File "C:\Users\Kaue_Martins\Desktop\saka-delivery-kds\backend\venv\Lib\site-packages\starlette\_exception_handler.py", line 64, in wrapped_app
    raise exc
  File "C:\Users\Kaue_Martins\Desktop\saka-delivery-kds\backend\venv\Lib\site-packages\starlette\_exception_handler.py", line 53, in wrapped_app
    await app(scope, receive, sender)
  File "C:\Users\Kaue_Martins\Desktop\saka-delivery-kds\backend\venv\Lib\site-packages\starlette\routing.py", line 72, in app
    response = await func(request)
               ^^^^^^^^^^^^^^^^^^^
  File "C:\Users\Kaue_Martins\Desktop\saka-delivery-kds\backend\venv\Lib\site-packages\fastapi\routing.py", line 299, in app
    raise e
  File "C:\Users\Kaue_Martins\Desktop\saka-delivery-kds\backend\venv\Lib\site-packages\fastapi\routing.py", line 294, in app
    raw_response = await run_endpoint_function(
                   ^^^^^^^^^^^^^^^^^^^^^^^^^^^^
  File "C:\Users\Kaue_Martins\Desktop\saka-delivery-kds\backend\venv\Lib\site-packages\fastapi\routing.py", line 191, in run_endpoint_function
    return await dependant.call(**values)
           ^^^^^^^^^^^^^^^^^^^^^^^^^^^^^^
  File "C:\Users\Kaue_Martins\Desktop\saka-delivery-kds\backend\app\routers\auth.py", line 60, in register
    user = await user_service.create_user(
           ^^^^^^^^^^^^^^^^^^^^^^^^^^^^^^^
  File "C:\Users\Kaue_Martins\Desktop\saka-delivery-kds\backend\app\services\user_service.py", line 81, in create_user
    user = await user_repo.create(db, obj_in=user_in)
           ^^^^^^^^^^^^^^^^^^^^^^^^^^^^^^^^^^^^^^^^^^
  File "C:\Users\Kaue_Martins\Desktop\saka-delivery-kds\backend\app\repositories\base.py", line 60, in create
    await db.commit()
  File "C:\Users\Kaue_Martins\Desktop\saka-delivery-kds\backend\venv\Lib\site-packages\sqlalchemy\ext\asyncio\session.py", line 1011, in commit
    await greenlet_spawn(self.sync_session.commit)
  File "C:\Users\Kaue_Martins\Desktop\saka-delivery-kds\backend\venv\Lib\site-packages\sqlalchemy\util\_concurrency_py3k.py", line 202, in greenlet_spawn
    result = context.switch(value)
             ^^^^^^^^^^^^^^^^^^^^^
  File "C:\Users\Kaue_Martins\Desktop\saka-delivery-kds\backend\venv\Lib\site-packages\sqlalchemy\orm\session.py", line 1969, in commit
    trans.commit(_to_root=True)
  File "<string>", line 2, in commit
  File "C:\Users\Kaue_Martins\Desktop\saka-delivery-kds\backend\venv\Lib\site-packages\sqlalchemy\orm\state_changes.py", line 139, in _go
    ret_value = fn(self, *arg, **kw)
                ^^^^^^^^^^^^^^^^^^^^
  File "C:\Users\Kaue_Martins\Desktop\saka-delivery-kds\backend\venv\Lib\site-packages\sqlalchemy\orm\session.py", line 1256, in commit
    self._prepare_impl()
  File "<string>", line 2, in _prepare_impl
  File "C:\Users\Kaue_Martins\Desktop\saka-delivery-kds\backend\venv\Lib\site-packages\sqlalchemy\orm\state_changes.py", line 139, in _go
    ret_value = fn(self, *arg, **kw)
                ^^^^^^^^^^^^^^^^^^^^
  File "C:\Users\Kaue_Martins\Desktop\saka-delivery-kds\backend\venv\Lib\site-packages\sqlalchemy\orm\session.py", line 1231, in _prepare_impl
    self.session.flush()
  File "C:\Users\Kaue_Martins\Desktop\saka-delivery-kds\backend\venv\Lib\site-packages\sqlalchemy\orm\session.py", line 4312, in flush
    self._flush(objects)
  File "C:\Users\Kaue_Martins\Desktop\saka-delivery-kds\backend\venv\Lib\site-packages\sqlalchemy\orm\session.py", line 4447, in _flush
    with util.safe_reraise():
         ^^^^^^^^^^^^^^^^^^^
  File "C:\Users\Kaue_Martins\Desktop\saka-delivery-kds\backend\venv\Lib\site-packages\sqlalchemy\util\langhelpers.py", line 146, in __exit__
    raise exc_value.with_traceback(exc_tb)
  File "C:\Users\Kaue_Martins\Desktop\saka-delivery-kds\backend\venv\Lib\site-packages\sqlalchemy\orm\session.py", line 4408, in _flush
    flush_context.execute()
  File "C:\Users\Kaue_Martins\Desktop\saka-delivery-kds\backend\venv\Lib\site-packages\sqlalchemy\orm\unitofwork.py", line 466, in execute
    rec.execute(self)
  File "C:\Users\Kaue_Martins\Desktop\saka-delivery-kds\backend\venv\Lib\site-packages\sqlalchemy\orm\unitofwork.py", line 642, in execute
    util.preloaded.orm_persistence.save_obj(
  File "C:\Users\Kaue_Martins\Desktop\saka-delivery-kds\backend\venv\Lib\site-packages\sqlalchemy\orm\persistence.py", line 93, in save_obj
    _emit_insert_statements(
  File "C:\Users\Kaue_Martins\Desktop\saka-delivery-kds\backend\venv\Lib\site-packages\sqlalchemy\orm\persistence.py", line 1227, in _emit_insert_statements
    result = connection.execute(
             ^^^^^^^^^^^^^^^^^^^
  File "C:\Users\Kaue_Martins\Desktop\saka-delivery-kds\backend\venv\Lib\site-packages\sqlalchemy\engine\base.py", line 1416, in execute
    return meth(
           ^^^^^
  File "C:\Users\Kaue_Martins\Desktop\saka-delivery-kds\backend\venv\Lib\site-packages\sqlalchemy\sql\elements.py", line 517, in _execute_on_connection
    return connection._execute_clauseelement(
           ^^^^^^^^^^^^^^^^^^^^^^^^^^^^^^^^^^
  File "C:\Users\Kaue_Martins\Desktop\saka-delivery-kds\backend\venv\Lib\site-packages\sqlalchemy\engine\base.py", line 1639, in _execute_clauseelement
    ret = self._execute_context(
          ^^^^^^^^^^^^^^^^^^^^^^
  File "C:\Users\Kaue_Martins\Desktop\saka-delivery-kds\backend\venv\Lib\site-packages\sqlalchemy\engine\base.py", line 1820, in _execute_context
    self._handle_dbapi_exception(
  File "C:\Users\Kaue_Martins\Desktop\saka-delivery-kds\backend\venv\Lib\site-packages\sqlalchemy\engine\base.py", line 2344, in _handle_dbapi_exception
    raise sqlalchemy_exception.with_traceback(exc_info[2]) from e
  File "C:\Users\Kaue_Martins\Desktop\saka-delivery-kds\backend\venv\Lib\site-packages\sqlalchemy\engine\base.py", line 1814, in _execute_context
    context = constructor(
              ^^^^^^^^^^^^
  File "C:\Users\Kaue_Martins\Desktop\saka-delivery-kds\backend\venv\Lib\site-packages\sqlalchemy\engine\default.py", line 1456, in _init_compiled
    flattened_processors[key](compiled_params[key])
  File "C:\Users\Kaue_Martins\Desktop\saka-delivery-kds\backend\venv\Lib\site-packages\sqlalchemy\dialects\sqlite\base.py", line 1068, in process
    raise TypeError(
sqlalchemy.exc.StatementError: (builtins.TypeError) SQLite DateTime type only accepts Python datetime and date objects as input.
[SQL: INSERT INTO users (tenant_id, username, email, full_name, password_hash, role, saldo_credito, is_active, created_at, last_login) VALUES (?, ?, ?, ?, ?, ?, ?, ?, ?, ?)]
[parameters: [{'username': 'credituser', 'full_name': 'Credit Test User', 'is_active': True, 'created_at': '2026-03-19T14:44:46.320585', 'saldo_credito': 0.0, 'pass ... (6 characters truncated) ... ash': 'f6d9f2113215503556c05651ee275cb386869e5d7286beb103f20bc390633d8e', 'role': 'SUPER_ADMIN', 'email': None, 'last_login': None, 'tenant_id': None}]]
------------------------------ Captured log call ------------------------------
ERROR    app.main:main.py:101 Unhandled exception on POST /auth/register: (builtins.TypeError) SQLite DateTime type only accepts Python datetime and date objects as input.
[SQL: INSERT INTO users (tenant_id, username, email, full_name, password_hash, role, saldo_credito, is_active, created_at, last_login) VALUES (?, ?, ?, ?, ?, ?, ?, ?, ?, ?)]
[parameters: [{'username': 'credituser', 'full_name': 'Credit Test User', 'is_active': True, 'created_at': '2026-03-19T14:44:46.320585', 'saldo_credito': 0.0, 'pass ... (6 characters truncated) ... ash': 'f6d9f2113215503556c05651ee275cb386869e5d7286beb103f20bc390633d8e', 'role': 'SUPER_ADMIN', 'email': None, 'last_login': None, 'tenant_id': None}]]
Traceback (most recent call last):
  File "C:\Users\Kaue_Martins\Desktop\saka-delivery-kds\backend\venv\Lib\site-packages\sqlalchemy\engine\base.py", line 1814, in _execute_context
    context = constructor(
              ^^^^^^^^^^^^
  File "C:\Users\Kaue_Martins\Desktop\saka-delivery-kds\backend\venv\Lib\site-packages\sqlalchemy\engine\default.py", line 1456, in _init_compiled
    flattened_processors[key](compiled_params[key])
  File "C:\Users\Kaue_Martins\Desktop\saka-delivery-kds\backend\venv\Lib\site-packages\sqlalchemy\dialects\sqlite\base.py", line 1068, in process
    raise TypeError(
TypeError: SQLite DateTime type only accepts Python datetime and date objects as input.

The above exception was the direct cause of the following exception:

Traceback (most recent call last):
  File "C:\Users\Kaue_Martins\Desktop\saka-delivery-kds\backend\venv\Lib\site-packages\starlette\middleware\errors.py", line 164, in __call__
    await self.app(scope, receive, _send)
  File "C:\Users\Kaue_Martins\Desktop\saka-delivery-kds\backend\venv\Lib\site-packages\starlette\middleware\cors.py", line 83, in __call__
    await self.app(scope, receive, send)
  File "C:\Users\Kaue_Martins\Desktop\saka-delivery-kds\backend\venv\Lib\site-packages\starlette\middleware\exceptions.py", line 62, in __call__
    await wrap_app_handling_exceptions(self.app, conn)(scope, receive, send)
  File "C:\Users\Kaue_Martins\Desktop\saka-delivery-kds\backend\venv\Lib\site-packages\starlette\_exception_handler.py", line 64, in wrapped_app
    raise exc
  File "C:\Users\Kaue_Martins\Desktop\saka-delivery-kds\backend\venv\Lib\site-packages\starlette\_exception_handler.py", line 53, in wrapped_app
    await app(scope, receive, sender)
  File "C:\Users\Kaue_Martins\Desktop\saka-delivery-kds\backend\venv\Lib\site-packages\starlette\routing.py", line 762, in __call__
    await self.middleware_stack(scope, receive, send)
  File "C:\Users\Kaue_Martins\Desktop\saka-delivery-kds\backend\venv\Lib\site-packages\starlette\routing.py", line 782, in app
    await route.handle(scope, receive, send)
  File "C:\Users\Kaue_Martins\Desktop\saka-delivery-kds\backend\venv\Lib\site-packages\starlette\routing.py", line 297, in handle
    await self.app(scope, receive, send)
  File "C:\Users\Kaue_Martins\Desktop\saka-delivery-kds\backend\venv\Lib\site-packages\starlette\routing.py", line 77, in app
    await wrap_app_handling_exceptions(app, request)(scope, receive, send)
  File "C:\Users\Kaue_Martins\Desktop\saka-delivery-kds\backend\venv\Lib\site-packages\starlette\_exception_handler.py", line 64, in wrapped_app
    raise exc
  File "C:\Users\Kaue_Martins\Desktop\saka-delivery-kds\backend\venv\Lib\site-packages\starlette\_exception_handler.py", line 53, in wrapped_app
    await app(scope, receive, sender)
  File "C:\Users\Kaue_Martins\Desktop\saka-delivery-kds\backend\venv\Lib\site-packages\starlette\routing.py", line 72, in app
    response = await func(request)
               ^^^^^^^^^^^^^^^^^^^
  File "C:\Users\Kaue_Martins\Desktop\saka-delivery-kds\backend\venv\Lib\site-packages\fastapi\routing.py", line 299, in app
    raise e
  File "C:\Users\Kaue_Martins\Desktop\saka-delivery-kds\backend\venv\Lib\site-packages\fastapi\routing.py", line 294, in app
    raw_response = await run_endpoint_function(
                   ^^^^^^^^^^^^^^^^^^^^^^^^^^^^
  File "C:\Users\Kaue_Martins\Desktop\saka-delivery-kds\backend\venv\Lib\site-packages\fastapi\routing.py", line 191, in run_endpoint_function
    return await dependant.call(**values)
           ^^^^^^^^^^^^^^^^^^^^^^^^^^^^^^
  File "C:\Users\Kaue_Martins\Desktop\saka-delivery-kds\backend\app\routers\auth.py", line 60, in register
    user = await user_service.create_user(
           ^^^^^^^^^^^^^^^^^^^^^^^^^^^^^^^
  File "C:\Users\Kaue_Martins\Desktop\saka-delivery-kds\backend\app\services\user_service.py", line 81, in create_user
    user = await user_repo.create(db, obj_in=user_in)
           ^^^^^^^^^^^^^^^^^^^^^^^^^^^^^^^^^^^^^^^^^^
  File "C:\Users\Kaue_Martins\Desktop\saka-delivery-kds\backend\app\repositories\base.py", line 60, in create
    await db.commit()
  File "C:\Users\Kaue_Martins\Desktop\saka-delivery-kds\backend\venv\Lib\site-packages\sqlalchemy\ext\asyncio\session.py", line 1011, in commit
    await greenlet_spawn(self.sync_session.commit)
  File "C:\Users\Kaue_Martins\Desktop\saka-delivery-kds\backend\venv\Lib\site-packages\sqlalchemy\util\_concurrency_py3k.py", line 202, in greenlet_spawn
    result = context.switch(value)
             ^^^^^^^^^^^^^^^^^^^^^
  File "C:\Users\Kaue_Martins\Desktop\saka-delivery-kds\backend\venv\Lib\site-packages\sqlalchemy\orm\session.py", line 1969, in commit
    trans.commit(_to_root=True)
  File "<string>", line 2, in commit
  File "C:\Users\Kaue_Martins\Desktop\saka-delivery-kds\backend\venv\Lib\site-packages\sqlalchemy\orm\state_changes.py", line 139, in _go
    ret_value = fn(self, *arg, **kw)
                ^^^^^^^^^^^^^^^^^^^^
  File "C:\Users\Kaue_Martins\Desktop\saka-delivery-kds\backend\venv\Lib\site-packages\sqlalchemy\orm\session.py", line 1256, in commit
    self._prepare_impl()
  File "<string>", line 2, in _prepare_impl
  File "C:\Users\Kaue_Martins\Desktop\saka-delivery-kds\backend\venv\Lib\site-packages\sqlalchemy\orm\state_changes.py", line 139, in _go
    ret_value = fn(self, *arg, **kw)
                ^^^^^^^^^^^^^^^^^^^^
  File "C:\Users\Kaue_Martins\Desktop\saka-delivery-kds\backend\venv\Lib\site-packages\sqlalchemy\orm\session.py", line 1231, in _prepare_impl
    self.session.flush()
  File "C:\Users\Kaue_Martins\Desktop\saka-delivery-kds\backend\venv\Lib\site-packages\sqlalchemy\orm\session.py", line 4312, in flush
    self._flush(objects)
  File "C:\Users\Kaue_Martins\Desktop\saka-delivery-kds\backend\venv\Lib\site-packages\sqlalchemy\orm\session.py", line 4447, in _flush
    with util.safe_reraise():
         ^^^^^^^^^^^^^^^^^^^
  File "C:\Users\Kaue_Martins\Desktop\saka-delivery-kds\backend\venv\Lib\site-packages\sqlalchemy\util\langhelpers.py", line 146, in __exit__
    raise exc_value.with_traceback(exc_tb)
  File "C:\Users\Kaue_Martins\Desktop\saka-delivery-kds\backend\venv\Lib\site-packages\sqlalchemy\orm\session.py", line 4408, in _flush
    flush_context.execute()
  File "C:\Users\Kaue_Martins\Desktop\saka-delivery-kds\backend\venv\Lib\site-packages\sqlalchemy\orm\unitofwork.py", line 466, in execute
    rec.execute(self)
  File "C:\Users\Kaue_Martins\Desktop\saka-delivery-kds\backend\venv\Lib\site-packages\sqlalchemy\orm\unitofwork.py", line 642, in execute
    util.preloaded.orm_persistence.save_obj(
  File "C:\Users\Kaue_Martins\Desktop\saka-delivery-kds\backend\venv\Lib\site-packages\sqlalchemy\orm\persistence.py", line 93, in save_obj
    _emit_insert_statements(
  File "C:\Users\Kaue_Martins\Desktop\saka-delivery-kds\backend\venv\Lib\site-packages\sqlalchemy\orm\persistence.py", line 1227, in _emit_insert_statements
    result = connection.execute(
             ^^^^^^^^^^^^^^^^^^^
  File "C:\Users\Kaue_Martins\Desktop\saka-delivery-kds\backend\venv\Lib\site-packages\sqlalchemy\engine\base.py", line 1416, in execute
    return meth(
           ^^^^^
  File "C:\Users\Kaue_Martins\Desktop\saka-delivery-kds\backend\venv\Lib\site-packages\sqlalchemy\sql\elements.py", line 517, in _execute_on_connection
    return connection._execute_clauseelement(
           ^^^^^^^^^^^^^^^^^^^^^^^^^^^^^^^^^^
  File "C:\Users\Kaue_Martins\Desktop\saka-delivery-kds\backend\venv\Lib\site-packages\sqlalchemy\engine\base.py", line 1639, in _execute_clauseelement
    ret = self._execute_context(
          ^^^^^^^^^^^^^^^^^^^^^^
  File "C:\Users\Kaue_Martins\Desktop\saka-delivery-kds\backend\venv\Lib\site-packages\sqlalchemy\engine\base.py", line 1820, in _execute_context
    self._handle_dbapi_exception(
  File "C:\Users\Kaue_Martins\Desktop\saka-delivery-kds\backend\venv\Lib\site-packages\sqlalchemy\engine\base.py", line 2344, in _handle_dbapi_exception
    raise sqlalchemy_exception.with_traceback(exc_info[2]) from e
  File "C:\Users\Kaue_Martins\Desktop\saka-delivery-kds\backend\venv\Lib\site-packages\sqlalchemy\engine\base.py", line 1814, in _execute_context
    context = constructor(
              ^^^^^^^^^^^^
  File "C:\Users\Kaue_Martins\Desktop\saka-delivery-kds\backend\venv\Lib\site-packages\sqlalchemy\engine\default.py", line 1456, in _init_compiled
    flattened_processors[key](compiled_params[key])
  File "C:\Users\Kaue_Martins\Desktop\saka-delivery-kds\backend\venv\Lib\site-packages\sqlalchemy\dialects\sqlite\base.py", line 1068, in process
    raise TypeError(
sqlalchemy.exc.StatementError: (builtins.TypeError) SQLite DateTime type only accepts Python datetime and date objects as input.
[SQL: INSERT INTO users (tenant_id, username, email, full_name, password_hash, role, saldo_credito, is_active, created_at, last_login) VALUES (?, ?, ?, ?, ?, ?, ?, ?, ?, ?)]
[parameters: [{'username': 'credituser', 'full_name': 'Credit Test User', 'is_active': True, 'created_at': '2026-03-19T14:44:46.320585', 'saldo_credito': 0.0, 'pass ... (6 characters truncated) ... ash': 'f6d9f2113215503556c05651ee275cb386869e5d7286beb103f20bc390633d8e', 'role': 'SUPER_ADMIN', 'email': None, 'last_login': None, 'tenant_id': None}]]
____________________ test_comprar_pacote_and_create_order _____________________

self = <sqlalchemy.engine.base.Connection object at 0x000001A19ED609B0>
dialect = <sqlalchemy.dialects.sqlite.aiosqlite.SQLiteDialect_aiosqlite object at 0x000001A19ED62CF0>
constructor = <bound method DefaultExecutionContext._init_compiled of <class 'sqlalchemy.dialects.sqlite.aiosqlite.SQLiteExecutionContext_aiosqlite'>>
statement = <sqlalchemy.dialects.sqlite.base.SQLiteCompiler object at 0x000001A19E9730B0>
parameters = [{'created_at': '2026-03-19T14:44:47.920890', 'email': None, 'full_name': 'Credit Test User', 'is_active': True, ...}]
execution_options = immutabledict({'compiled_cache': <sqlalchemy.util._collections.LRUCache object at 0x000001A19EA22FC0>})
args = (<sqlalchemy.dialects.sqlite.base.SQLiteCompiler object at 0x000001A19E9730B0>, [{'created_at': '2026-03-19T14:44:47.9...full_name': 'Credit Test User', 'is_active': True, ...}], <sqlalchemy.sql.dml.Insert object at 0x000001A19E946E40>, [])
kw = {'cache_hit': <CacheStats.CACHE_MISS: 1>}, yp = None
conn = <sqlalchemy.pool.base._ConnectionFairy object at 0x000001A1A00025D0>

    def _execute_context(
        self,
        dialect: Dialect,
        constructor: Callable[..., ExecutionContext],
        statement: Union[str, Compiled],
        parameters: Optional[_AnyMultiExecuteParams],
        execution_options: _ExecuteOptions,
        *args: Any,
        **kw: Any,
    ) -> CursorResult[Any]:
        """Create an :class:`.ExecutionContext` and execute, returning
        a :class:`_engine.CursorResult`."""
    
        if execution_options:
            yp = execution_options.get("yield_per", None)
            if yp:
                execution_options = execution_options.union(
                    {"stream_results": True, "max_row_buffer": yp}
                )
        try:
            conn = self._dbapi_connection
            if conn is None:
                conn = self._revalidate_connection()
    
>           context = constructor(
                dialect, self, conn, execution_options, *args, **kw
            )

venv\Lib\site-packages\sqlalchemy\engine\base.py:1814: 
_ _ _ _ _ _ _ _ _ _ _ _ _ _ _ _ _ _ _ _ _ _ _ _ _ _ _ _ _ _ _ _ _ _ _ _ _ _ _ _
venv\Lib\site-packages\sqlalchemy\engine\default.py:1456: in _init_compiled
    flattened_processors[key](compiled_params[key])
_ _ _ _ _ _ _ _ _ _ _ _ _ _ _ _ _ _ _ _ _ _ _ _ _ _ _ _ _ _ _ _ _ _ _ _ _ _ _ _

value = '2026-03-19T14:44:47.920890'

    def process(value):
        if value is None:
            return None
        elif isinstance(value, datetime_datetime):
            return format_ % {
                "year": value.year,
                "month": value.month,
                "day": value.day,
                "hour": value.hour,
                "minute": value.minute,
                "second": value.second,
                "microsecond": value.microsecond,
            }
        elif isinstance(value, datetime_date):
            return format_ % {
                "year": value.year,
                "month": value.month,
                "day": value.day,
                "hour": 0,
                "minute": 0,
                "second": 0,
                "microsecond": 0,
            }
        else:
>           raise TypeError(
                "SQLite DateTime type only accepts Python "
                "datetime and date objects as input."
            )
E           TypeError: SQLite DateTime type only accepts Python datetime and date objects as input.

venv\Lib\site-packages\sqlalchemy\dialects\sqlite\base.py:1068: TypeError

The above exception was the direct cause of the following exception:

client = <httpx.AsyncClient object at 0x000001A19EE26480>

    @pytest.mark.asyncio
    async def test_comprar_pacote_and_create_order(client: AsyncClient):
        """Testa compra de pacote e criação de pedido com dedução de crédito."""
>       token = await _get_auth_token(client)
                ^^^^^^^^^^^^^^^^^^^^^^^^^^^^^

tests\test_credito.py:40: 
_ _ _ _ _ _ _ _ _ _ _ _ _ _ _ _ _ _ _ _ _ _ _ _ _ _ _ _ _ _ _ _ _ _ _ _ _ _ _ _
tests\test_credito.py:10: in _get_auth_token
    await client.post("/auth/register", json={
venv\Lib\site-packages\httpx\_client.py:1877: in post
    return await self.request(
venv\Lib\site-packages\httpx\_client.py:1559: in request
    return await self.send(request, auth=auth, follow_redirects=follow_redirects)
           ^^^^^^^^^^^^^^^^^^^^^^^^^^^^^^^^^^^^^^^^^^^^^^^^^^^^^^^^^^^^^^^^^^^^^^
venv\Lib\site-packages\httpx\_client.py:1646: in send
    response = await self._send_handling_auth(
venv\Lib\site-packages\httpx\_client.py:1674: in _send_handling_auth
    response = await self._send_handling_redirects(
venv\Lib\site-packages\httpx\_client.py:1711: in _send_handling_redirects
    response = await self._send_single_request(request)
               ^^^^^^^^^^^^^^^^^^^^^^^^^^^^^^^^^^^^^^^^
venv\Lib\site-packages\httpx\_client.py:1748: in _send_single_request
    response = await transport.handle_async_request(request)
               ^^^^^^^^^^^^^^^^^^^^^^^^^^^^^^^^^^^^^^^^^^^^^
venv\Lib\site-packages\httpx\_transports\asgi.py:162: in handle_async_request
    await self.app(scope, receive, send)
venv\Lib\site-packages\fastapi\applications.py:1054: in __call__
    await super().__call__(scope, receive, send)
venv\Lib\site-packages\starlette\applications.py:123: in __call__
    await self.middleware_stack(scope, receive, send)
venv\Lib\site-packages\starlette\middleware\errors.py:186: in __call__
    raise exc
venv\Lib\site-packages\starlette\middleware\errors.py:164: in __call__
    await self.app(scope, receive, _send)
venv\Lib\site-packages\starlette\middleware\cors.py:83: in __call__
    await self.app(scope, receive, send)
venv\Lib\site-packages\starlette\middleware\exceptions.py:62: in __call__
    await wrap_app_handling_exceptions(self.app, conn)(scope, receive, send)
venv\Lib\site-packages\starlette\_exception_handler.py:64: in wrapped_app
    raise exc
venv\Lib\site-packages\starlette\_exception_handler.py:53: in wrapped_app
    await app(scope, receive, sender)
venv\Lib\site-packages\starlette\routing.py:762: in __call__
    await self.middleware_stack(scope, receive, send)
venv\Lib\site-packages\starlette\routing.py:782: in app
    await route.handle(scope, receive, send)
venv\Lib\site-packages\starlette\routing.py:297: in handle
    await self.app(scope, receive, send)
venv\Lib\site-packages\starlette\routing.py:77: in app
    await wrap_app_handling_exceptions(app, request)(scope, receive, send)
venv\Lib\site-packages\starlette\_exception_handler.py:64: in wrapped_app
    raise exc
venv\Lib\site-packages\starlette\_exception_handler.py:53: in wrapped_app
    await app(scope, receive, sender)
venv\Lib\site-packages\starlette\routing.py:72: in app
    response = await func(request)
               ^^^^^^^^^^^^^^^^^^^
venv\Lib\site-packages\fastapi\routing.py:299: in app
    raise e
venv\Lib\site-packages\fastapi\routing.py:294: in app
    raw_response = await run_endpoint_function(
venv\Lib\site-packages\fastapi\routing.py:191: in run_endpoint_function
    return await dependant.call(**values)
           ^^^^^^^^^^^^^^^^^^^^^^^^^^^^^^
app\routers\auth.py:60: in register
    user = await user_service.create_user(
app\services\user_service.py:81: in create_user
    user = await user_repo.create(db, obj_in=user_in)
           ^^^^^^^^^^^^^^^^^^^^^^^^^^^^^^^^^^^^^^^^^^
app\repositories\base.py:60: in create
    await db.commit()
venv\Lib\site-packages\sqlalchemy\ext\asyncio\session.py:1011: in commit
    await greenlet_spawn(self.sync_session.commit)
venv\Lib\site-packages\sqlalchemy\util\_concurrency_py3k.py:202: in greenlet_spawn
    result = context.switch(value)
             ^^^^^^^^^^^^^^^^^^^^^
venv\Lib\site-packages\sqlalchemy\orm\session.py:1969: in commit
    trans.commit(_to_root=True)
<string>:2: in commit
    ???
venv\Lib\site-packages\sqlalchemy\orm\state_changes.py:139: in _go
    ret_value = fn(self, *arg, **kw)
                ^^^^^^^^^^^^^^^^^^^^
venv\Lib\site-packages\sqlalchemy\orm\session.py:1256: in commit
    self._prepare_impl()
<string>:2: in _prepare_impl
    ???
venv\Lib\site-packages\sqlalchemy\orm\state_changes.py:139: in _go
    ret_value = fn(self, *arg, **kw)
                ^^^^^^^^^^^^^^^^^^^^
venv\Lib\site-packages\sqlalchemy\orm\session.py:1231: in _prepare_impl
    self.session.flush()
venv\Lib\site-packages\sqlalchemy\orm\session.py:4312: in flush
    self._flush(objects)
venv\Lib\site-packages\sqlalchemy\orm\session.py:4447: in _flush
    with util.safe_reraise():
         ^^^^^^^^^^^^^^^^^^^
venv\Lib\site-packages\sqlalchemy\util\langhelpers.py:146: in __exit__
    raise exc_value.with_traceback(exc_tb)
venv\Lib\site-packages\sqlalchemy\orm\session.py:4408: in _flush
    flush_context.execute()
venv\Lib\site-packages\sqlalchemy\orm\unitofwork.py:466: in execute
    rec.execute(self)
venv\Lib\site-packages\sqlalchemy\orm\unitofwork.py:642: in execute
    util.preloaded.orm_persistence.save_obj(
venv\Lib\site-packages\sqlalchemy\orm\persistence.py:93: in save_obj
    _emit_insert_statements(
venv\Lib\site-packages\sqlalchemy\orm\persistence.py:1227: in _emit_insert_statements
    result = connection.execute(
venv\Lib\site-packages\sqlalchemy\engine\base.py:1416: in execute
    return meth(
venv\Lib\site-packages\sqlalchemy\sql\elements.py:517: in _execute_on_connection
    return connection._execute_clauseelement(
venv\Lib\site-packages\sqlalchemy\engine\base.py:1639: in _execute_clauseelement
    ret = self._execute_context(
venv\Lib\site-packages\sqlalchemy\engine\base.py:1820: in _execute_context
    self._handle_dbapi_exception(
venv\Lib\site-packages\sqlalchemy\engine\base.py:2344: in _handle_dbapi_exception
    raise sqlalchemy_exception.with_traceback(exc_info[2]) from e
venv\Lib\site-packages\sqlalchemy\engine\base.py:1814: in _execute_context
    context = constructor(
venv\Lib\site-packages\sqlalchemy\engine\default.py:1456: in _init_compiled
    flattened_processors[key](compiled_params[key])
_ _ _ _ _ _ _ _ _ _ _ _ _ _ _ _ _ _ _ _ _ _ _ _ _ _ _ _ _ _ _ _ _ _ _ _ _ _ _ _

value = '2026-03-19T14:44:47.920890'

    def process(value):
        if value is None:
            return None
        elif isinstance(value, datetime_datetime):
            return format_ % {
                "year": value.year,
                "month": value.month,
                "day": value.day,
                "hour": value.hour,
                "minute": value.minute,
                "second": value.second,
                "microsecond": value.microsecond,
            }
        elif isinstance(value, datetime_date):
            return format_ % {
                "year": value.year,
                "month": value.month,
                "day": value.day,
                "hour": 0,
                "minute": 0,
                "second": 0,
                "microsecond": 0,
            }
        else:
>           raise TypeError(
                "SQLite DateTime type only accepts Python "
                "datetime and date objects as input."
            )
E           sqlalchemy.exc.StatementError: (builtins.TypeError) SQLite DateTime type only accepts Python datetime and date objects as input.
E           [SQL: INSERT INTO users (tenant_id, username, email, full_name, password_hash, role, saldo_credito, is_active, created_at, last_login) VALUES (?, ?, ?, ?, ?, ?, ?, ?, ?, ?)]
E           [parameters: [{'username': 'credituser', 'full_name': 'Credit Test User', 'is_active': True, 'created_at': '2026-03-19T14:44:47.920890', 'saldo_credito': 0.0, 'pass ... (6 characters truncated) ... ash': 'f6d9f2113215503556c05651ee275cb386869e5d7286beb103f20bc390633d8e', 'role': 'SUPER_ADMIN', 'email': None, 'last_login': None, 'tenant_id': None}]]

venv\Lib\site-packages\sqlalchemy\dialects\sqlite\base.py:1068: StatementError
---------------------------- Captured stderr call -----------------------------
2026-03-19 11:44:47,923 - app.main - ERROR - Unhandled exception on POST /auth/register: (builtins.TypeError) SQLite DateTime type only accepts Python datetime and date objects as input.
[SQL: INSERT INTO users (tenant_id, username, email, full_name, password_hash, role, saldo_credito, is_active, created_at, last_login) VALUES (?, ?, ?, ?, ?, ?, ?, ?, ?, ?)]
[parameters: [{'username': 'credituser', 'full_name': 'Credit Test User', 'is_active': True, 'created_at': '2026-03-19T14:44:47.920890', 'saldo_credito': 0.0, 'pass ... (6 characters truncated) ... ash': 'f6d9f2113215503556c05651ee275cb386869e5d7286beb103f20bc390633d8e', 'role': 'SUPER_ADMIN', 'email': None, 'last_login': None, 'tenant_id': None}]]
Traceback (most recent call last):
  File "C:\Users\Kaue_Martins\Desktop\saka-delivery-kds\backend\venv\Lib\site-packages\sqlalchemy\engine\base.py", line 1814, in _execute_context
    context = constructor(
              ^^^^^^^^^^^^
  File "C:\Users\Kaue_Martins\Desktop\saka-delivery-kds\backend\venv\Lib\site-packages\sqlalchemy\engine\default.py", line 1456, in _init_compiled
    flattened_processors[key](compiled_params[key])
  File "C:\Users\Kaue_Martins\Desktop\saka-delivery-kds\backend\venv\Lib\site-packages\sqlalchemy\dialects\sqlite\base.py", line 1068, in process
    raise TypeError(
TypeError: SQLite DateTime type only accepts Python datetime and date objects as input.

The above exception was the direct cause of the following exception:

Traceback (most recent call last):
  File "C:\Users\Kaue_Martins\Desktop\saka-delivery-kds\backend\venv\Lib\site-packages\starlette\middleware\errors.py", line 164, in __call__
    await self.app(scope, receive, _send)
  File "C:\Users\Kaue_Martins\Desktop\saka-delivery-kds\backend\venv\Lib\site-packages\starlette\middleware\cors.py", line 83, in __call__
    await self.app(scope, receive, send)
  File "C:\Users\Kaue_Martins\Desktop\saka-delivery-kds\backend\venv\Lib\site-packages\starlette\middleware\exceptions.py", line 62, in __call__
    await wrap_app_handling_exceptions(self.app, conn)(scope, receive, send)
  File "C:\Users\Kaue_Martins\Desktop\saka-delivery-kds\backend\venv\Lib\site-packages\starlette\_exception_handler.py", line 64, in wrapped_app
    raise exc
  File "C:\Users\Kaue_Martins\Desktop\saka-delivery-kds\backend\venv\Lib\site-packages\starlette\_exception_handler.py", line 53, in wrapped_app
    await app(scope, receive, sender)
  File "C:\Users\Kaue_Martins\Desktop\saka-delivery-kds\backend\venv\Lib\site-packages\starlette\routing.py", line 762, in __call__
    await self.middleware_stack(scope, receive, send)
  File "C:\Users\Kaue_Martins\Desktop\saka-delivery-kds\backend\venv\Lib\site-packages\starlette\routing.py", line 782, in app
    await route.handle(scope, receive, send)
  File "C:\Users\Kaue_Martins\Desktop\saka-delivery-kds\backend\venv\Lib\site-packages\starlette\routing.py", line 297, in handle
    await self.app(scope, receive, send)
  File "C:\Users\Kaue_Martins\Desktop\saka-delivery-kds\backend\venv\Lib\site-packages\starlette\routing.py", line 77, in app
    await wrap_app_handling_exceptions(app, request)(scope, receive, send)
  File "C:\Users\Kaue_Martins\Desktop\saka-delivery-kds\backend\venv\Lib\site-packages\starlette\_exception_handler.py", line 64, in wrapped_app
    raise exc
  File "C:\Users\Kaue_Martins\Desktop\saka-delivery-kds\backend\venv\Lib\site-packages\starlette\_exception_handler.py", line 53, in wrapped_app
    await app(scope, receive, sender)
  File "C:\Users\Kaue_Martins\Desktop\saka-delivery-kds\backend\venv\Lib\site-packages\starlette\routing.py", line 72, in app
    response = await func(request)
               ^^^^^^^^^^^^^^^^^^^
  File "C:\Users\Kaue_Martins\Desktop\saka-delivery-kds\backend\venv\Lib\site-packages\fastapi\routing.py", line 299, in app
    raise e
  File "C:\Users\Kaue_Martins\Desktop\saka-delivery-kds\backend\venv\Lib\site-packages\fastapi\routing.py", line 294, in app
    raw_response = await run_endpoint_function(
                   ^^^^^^^^^^^^^^^^^^^^^^^^^^^^
  File "C:\Users\Kaue_Martins\Desktop\saka-delivery-kds\backend\venv\Lib\site-packages\fastapi\routing.py", line 191, in run_endpoint_function
    return await dependant.call(**values)
           ^^^^^^^^^^^^^^^^^^^^^^^^^^^^^^
  File "C:\Users\Kaue_Martins\Desktop\saka-delivery-kds\backend\app\routers\auth.py", line 60, in register
    user = await user_service.create_user(
           ^^^^^^^^^^^^^^^^^^^^^^^^^^^^^^^
  File "C:\Users\Kaue_Martins\Desktop\saka-delivery-kds\backend\app\services\user_service.py", line 81, in create_user
    user = await user_repo.create(db, obj_in=user_in)
           ^^^^^^^^^^^^^^^^^^^^^^^^^^^^^^^^^^^^^^^^^^
  File "C:\Users\Kaue_Martins\Desktop\saka-delivery-kds\backend\app\repositories\base.py", line 60, in create
    await db.commit()
  File "C:\Users\Kaue_Martins\Desktop\saka-delivery-kds\backend\venv\Lib\site-packages\sqlalchemy\ext\asyncio\session.py", line 1011, in commit
    await greenlet_spawn(self.sync_session.commit)
  File "C:\Users\Kaue_Martins\Desktop\saka-delivery-kds\backend\venv\Lib\site-packages\sqlalchemy\util\_concurrency_py3k.py", line 202, in greenlet_spawn
    result = context.switch(value)
             ^^^^^^^^^^^^^^^^^^^^^
  File "C:\Users\Kaue_Martins\Desktop\saka-delivery-kds\backend\venv\Lib\site-packages\sqlalchemy\orm\session.py", line 1969, in commit
    trans.commit(_to_root=True)
  File "<string>", line 2, in commit
  File "C:\Users\Kaue_Martins\Desktop\saka-delivery-kds\backend\venv\Lib\site-packages\sqlalchemy\orm\state_changes.py", line 139, in _go
    ret_value = fn(self, *arg, **kw)
                ^^^^^^^^^^^^^^^^^^^^
  File "C:\Users\Kaue_Martins\Desktop\saka-delivery-kds\backend\venv\Lib\site-packages\sqlalchemy\orm\session.py", line 1256, in commit
    self._prepare_impl()
  File "<string>", line 2, in _prepare_impl
  File "C:\Users\Kaue_Martins\Desktop\saka-delivery-kds\backend\venv\Lib\site-packages\sqlalchemy\orm\state_changes.py", line 139, in _go
    ret_value = fn(self, *arg, **kw)
                ^^^^^^^^^^^^^^^^^^^^
  File "C:\Users\Kaue_Martins\Desktop\saka-delivery-kds\backend\venv\Lib\site-packages\sqlalchemy\orm\session.py", line 1231, in _prepare_impl
    self.session.flush()
  File "C:\Users\Kaue_Martins\Desktop\saka-delivery-kds\backend\venv\Lib\site-packages\sqlalchemy\orm\session.py", line 4312, in flush
    self._flush(objects)
  File "C:\Users\Kaue_Martins\Desktop\saka-delivery-kds\backend\venv\Lib\site-packages\sqlalchemy\orm\session.py", line 4447, in _flush
    with util.safe_reraise():
         ^^^^^^^^^^^^^^^^^^^
  File "C:\Users\Kaue_Martins\Desktop\saka-delivery-kds\backend\venv\Lib\site-packages\sqlalchemy\util\langhelpers.py", line 146, in __exit__
    raise exc_value.with_traceback(exc_tb)
  File "C:\Users\Kaue_Martins\Desktop\saka-delivery-kds\backend\venv\Lib\site-packages\sqlalchemy\orm\session.py", line 4408, in _flush
    flush_context.execute()
  File "C:\Users\Kaue_Martins\Desktop\saka-delivery-kds\backend\venv\Lib\site-packages\sqlalchemy\orm\unitofwork.py", line 466, in execute
    rec.execute(self)
  File "C:\Users\Kaue_Martins\Desktop\saka-delivery-kds\backend\venv\Lib\site-packages\sqlalchemy\orm\unitofwork.py", line 642, in execute
    util.preloaded.orm_persistence.save_obj(
  File "C:\Users\Kaue_Martins\Desktop\saka-delivery-kds\backend\venv\Lib\site-packages\sqlalchemy\orm\persistence.py", line 93, in save_obj
    _emit_insert_statements(
  File "C:\Users\Kaue_Martins\Desktop\saka-delivery-kds\backend\venv\Lib\site-packages\sqlalchemy\orm\persistence.py", line 1227, in _emit_insert_statements
    result = connection.execute(
             ^^^^^^^^^^^^^^^^^^^
  File "C:\Users\Kaue_Martins\Desktop\saka-delivery-kds\backend\venv\Lib\site-packages\sqlalchemy\engine\base.py", line 1416, in execute
    return meth(
           ^^^^^
  File "C:\Users\Kaue_Martins\Desktop\saka-delivery-kds\backend\venv\Lib\site-packages\sqlalchemy\sql\elements.py", line 517, in _execute_on_connection
    return connection._execute_clauseelement(
           ^^^^^^^^^^^^^^^^^^^^^^^^^^^^^^^^^^
  File "C:\Users\Kaue_Martins\Desktop\saka-delivery-kds\backend\venv\Lib\site-packages\sqlalchemy\engine\base.py", line 1639, in _execute_clauseelement
    ret = self._execute_context(
          ^^^^^^^^^^^^^^^^^^^^^^
  File "C:\Users\Kaue_Martins\Desktop\saka-delivery-kds\backend\venv\Lib\site-packages\sqlalchemy\engine\base.py", line 1820, in _execute_context
    self._handle_dbapi_exception(
  File "C:\Users\Kaue_Martins\Desktop\saka-delivery-kds\backend\venv\Lib\site-packages\sqlalchemy\engine\base.py", line 2344, in _handle_dbapi_exception
    raise sqlalchemy_exception.with_traceback(exc_info[2]) from e
  File "C:\Users\Kaue_Martins\Desktop\saka-delivery-kds\backend\venv\Lib\site-packages\sqlalchemy\engine\base.py", line 1814, in _execute_context
    context = constructor(
              ^^^^^^^^^^^^
  File "C:\Users\Kaue_Martins\Desktop\saka-delivery-kds\backend\venv\Lib\site-packages\sqlalchemy\engine\default.py", line 1456, in _init_compiled
    flattened_processors[key](compiled_params[key])
  File "C:\Users\Kaue_Martins\Desktop\saka-delivery-kds\backend\venv\Lib\site-packages\sqlalchemy\dialects\sqlite\base.py", line 1068, in process
    raise TypeError(
sqlalchemy.exc.StatementError: (builtins.TypeError) SQLite DateTime type only accepts Python datetime and date objects as input.
[SQL: INSERT INTO users (tenant_id, username, email, full_name, password_hash, role, saldo_credito, is_active, created_at, last_login) VALUES (?, ?, ?, ?, ?, ?, ?, ?, ?, ?)]
[parameters: [{'username': 'credituser', 'full_name': 'Credit Test User', 'is_active': True, 'created_at': '2026-03-19T14:44:47.920890', 'saldo_credito': 0.0, 'pass ... (6 characters truncated) ... ash': 'f6d9f2113215503556c05651ee275cb386869e5d7286beb103f20bc390633d8e', 'role': 'SUPER_ADMIN', 'email': None, 'last_login': None, 'tenant_id': None}]]
------------------------------ Captured log call ------------------------------
ERROR    app.main:main.py:101 Unhandled exception on POST /auth/register: (builtins.TypeError) SQLite DateTime type only accepts Python datetime and date objects as input.
[SQL: INSERT INTO users (tenant_id, username, email, full_name, password_hash, role, saldo_credito, is_active, created_at, last_login) VALUES (?, ?, ?, ?, ?, ?, ?, ?, ?, ?)]
[parameters: [{'username': 'credituser', 'full_name': 'Credit Test User', 'is_active': True, 'created_at': '2026-03-19T14:44:47.920890', 'saldo_credito': 0.0, 'pass ... (6 characters truncated) ... ash': 'f6d9f2113215503556c05651ee275cb386869e5d7286beb103f20bc390633d8e', 'role': 'SUPER_ADMIN', 'email': None, 'last_login': None, 'tenant_id': None}]]
Traceback (most recent call last):
  File "C:\Users\Kaue_Martins\Desktop\saka-delivery-kds\backend\venv\Lib\site-packages\sqlalchemy\engine\base.py", line 1814, in _execute_context
    context = constructor(
              ^^^^^^^^^^^^
  File "C:\Users\Kaue_Martins\Desktop\saka-delivery-kds\backend\venv\Lib\site-packages\sqlalchemy\engine\default.py", line 1456, in _init_compiled
    flattened_processors[key](compiled_params[key])
  File "C:\Users\Kaue_Martins\Desktop\saka-delivery-kds\backend\venv\Lib\site-packages\sqlalchemy\dialects\sqlite\base.py", line 1068, in process
    raise TypeError(
TypeError: SQLite DateTime type only accepts Python datetime and date objects as input.

The above exception was the direct cause of the following exception:

Traceback (most recent call last):
  File "C:\Users\Kaue_Martins\Desktop\saka-delivery-kds\backend\venv\Lib\site-packages\starlette\middleware\errors.py", line 164, in __call__
    await self.app(scope, receive, _send)
  File "C:\Users\Kaue_Martins\Desktop\saka-delivery-kds\backend\venv\Lib\site-packages\starlette\middleware\cors.py", line 83, in __call__
    await self.app(scope, receive, send)
  File "C:\Users\Kaue_Martins\Desktop\saka-delivery-kds\backend\venv\Lib\site-packages\starlette\middleware\exceptions.py", line 62, in __call__
    await wrap_app_handling_exceptions(self.app, conn)(scope, receive, send)
  File "C:\Users\Kaue_Martins\Desktop\saka-delivery-kds\backend\venv\Lib\site-packages\starlette\_exception_handler.py", line 64, in wrapped_app
    raise exc
  File "C:\Users\Kaue_Martins\Desktop\saka-delivery-kds\backend\venv\Lib\site-packages\starlette\_exception_handler.py", line 53, in wrapped_app
    await app(scope, receive, sender)
  File "C:\Users\Kaue_Martins\Desktop\saka-delivery-kds\backend\venv\Lib\site-packages\starlette\routing.py", line 762, in __call__
    await self.middleware_stack(scope, receive, send)
  File "C:\Users\Kaue_Martins\Desktop\saka-delivery-kds\backend\venv\Lib\site-packages\starlette\routing.py", line 782, in app
    await route.handle(scope, receive, send)
  File "C:\Users\Kaue_Martins\Desktop\saka-delivery-kds\backend\venv\Lib\site-packages\starlette\routing.py", line 297, in handle
    await self.app(scope, receive, send)
  File "C:\Users\Kaue_Martins\Desktop\saka-delivery-kds\backend\venv\Lib\site-packages\starlette\routing.py", line 77, in app
    await wrap_app_handling_exceptions(app, request)(scope, receive, send)
  File "C:\Users\Kaue_Martins\Desktop\saka-delivery-kds\backend\venv\Lib\site-packages\starlette\_exception_handler.py", line 64, in wrapped_app
    raise exc
  File "C:\Users\Kaue_Martins\Desktop\saka-delivery-kds\backend\venv\Lib\site-packages\starlette\_exception_handler.py", line 53, in wrapped_app
    await app(scope, receive, sender)
  File "C:\Users\Kaue_Martins\Desktop\saka-delivery-kds\backend\venv\Lib\site-packages\starlette\routing.py", line 72, in app
    response = await func(request)
               ^^^^^^^^^^^^^^^^^^^
  File "C:\Users\Kaue_Martins\Desktop\saka-delivery-kds\backend\venv\Lib\site-packages\fastapi\routing.py", line 299, in app
    raise e
  File "C:\Users\Kaue_Martins\Desktop\saka-delivery-kds\backend\venv\Lib\site-packages\fastapi\routing.py", line 294, in app
    raw_response = await run_endpoint_function(
                   ^^^^^^^^^^^^^^^^^^^^^^^^^^^^
  File "C:\Users\Kaue_Martins\Desktop\saka-delivery-kds\backend\venv\Lib\site-packages\fastapi\routing.py", line 191, in run_endpoint_function
    return await dependant.call(**values)
           ^^^^^^^^^^^^^^^^^^^^^^^^^^^^^^
  File "C:\Users\Kaue_Martins\Desktop\saka-delivery-kds\backend\app\routers\auth.py", line 60, in register
    user = await user_service.create_user(
           ^^^^^^^^^^^^^^^^^^^^^^^^^^^^^^^
  File "C:\Users\Kaue_Martins\Desktop\saka-delivery-kds\backend\app\services\user_service.py", line 81, in create_user
    user = await user_repo.create(db, obj_in=user_in)
           ^^^^^^^^^^^^^^^^^^^^^^^^^^^^^^^^^^^^^^^^^^
  File "C:\Users\Kaue_Martins\Desktop\saka-delivery-kds\backend\app\repositories\base.py", line 60, in create
    await db.commit()
  File "C:\Users\Kaue_Martins\Desktop\saka-delivery-kds\backend\venv\Lib\site-packages\sqlalchemy\ext\asyncio\session.py", line 1011, in commit
    await greenlet_spawn(self.sync_session.commit)
  File "C:\Users\Kaue_Martins\Desktop\saka-delivery-kds\backend\venv\Lib\site-packages\sqlalchemy\util\_concurrency_py3k.py", line 202, in greenlet_spawn
    result = context.switch(value)
             ^^^^^^^^^^^^^^^^^^^^^
  File "C:\Users\Kaue_Martins\Desktop\saka-delivery-kds\backend\venv\Lib\site-packages\sqlalchemy\orm\session.py", line 1969, in commit
    trans.commit(_to_root=True)
  File "<string>", line 2, in commit
  File "C:\Users\Kaue_Martins\Desktop\saka-delivery-kds\backend\venv\Lib\site-packages\sqlalchemy\orm\state_changes.py", line 139, in _go
    ret_value = fn(self, *arg, **kw)
                ^^^^^^^^^^^^^^^^^^^^
  File "C:\Users\Kaue_Martins\Desktop\saka-delivery-kds\backend\venv\Lib\site-packages\sqlalchemy\orm\session.py", line 1256, in commit
    self._prepare_impl()
  File "<string>", line 2, in _prepare_impl
  File "C:\Users\Kaue_Martins\Desktop\saka-delivery-kds\backend\venv\Lib\site-packages\sqlalchemy\orm\state_changes.py", line 139, in _go
    ret_value = fn(self, *arg, **kw)
                ^^^^^^^^^^^^^^^^^^^^
  File "C:\Users\Kaue_Martins\Desktop\saka-delivery-kds\backend\venv\Lib\site-packages\sqlalchemy\orm\session.py", line 1231, in _prepare_impl
    self.session.flush()
  File "C:\Users\Kaue_Martins\Desktop\saka-delivery-kds\backend\venv\Lib\site-packages\sqlalchemy\orm\session.py", line 4312, in flush
    self._flush(objects)
  File "C:\Users\Kaue_Martins\Desktop\saka-delivery-kds\backend\venv\Lib\site-packages\sqlalchemy\orm\session.py", line 4447, in _flush
    with util.safe_reraise():
         ^^^^^^^^^^^^^^^^^^^
  File "C:\Users\Kaue_Martins\Desktop\saka-delivery-kds\backend\venv\Lib\site-packages\sqlalchemy\util\langhelpers.py", line 146, in __exit__
    raise exc_value.with_traceback(exc_tb)
  File "C:\Users\Kaue_Martins\Desktop\saka-delivery-kds\backend\venv\Lib\site-packages\sqlalchemy\orm\session.py", line 4408, in _flush
    flush_context.execute()
  File "C:\Users\Kaue_Martins\Desktop\saka-delivery-kds\backend\venv\Lib\site-packages\sqlalchemy\orm\unitofwork.py", line 466, in execute
    rec.execute(self)
  File "C:\Users\Kaue_Martins\Desktop\saka-delivery-kds\backend\venv\Lib\site-packages\sqlalchemy\orm\unitofwork.py", line 642, in execute
    util.preloaded.orm_persistence.save_obj(
  File "C:\Users\Kaue_Martins\Desktop\saka-delivery-kds\backend\venv\Lib\site-packages\sqlalchemy\orm\persistence.py", line 93, in save_obj
    _emit_insert_statements(
  File "C:\Users\Kaue_Martins\Desktop\saka-delivery-kds\backend\venv\Lib\site-packages\sqlalchemy\orm\persistence.py", line 1227, in _emit_insert_statements
    result = connection.execute(
             ^^^^^^^^^^^^^^^^^^^
  File "C:\Users\Kaue_Martins\Desktop\saka-delivery-kds\backend\venv\Lib\site-packages\sqlalchemy\engine\base.py", line 1416, in execute
    return meth(
           ^^^^^
  File "C:\Users\Kaue_Martins\Desktop\saka-delivery-kds\backend\venv\Lib\site-packages\sqlalchemy\sql\elements.py", line 517, in _execute_on_connection
    return connection._execute_clauseelement(
           ^^^^^^^^^^^^^^^^^^^^^^^^^^^^^^^^^^
  File "C:\Users\Kaue_Martins\Desktop\saka-delivery-kds\backend\venv\Lib\site-packages\sqlalchemy\engine\base.py", line 1639, in _execute_clauseelement
    ret = self._execute_context(
          ^^^^^^^^^^^^^^^^^^^^^^
  File "C:\Users\Kaue_Martins\Desktop\saka-delivery-kds\backend\venv\Lib\site-packages\sqlalchemy\engine\base.py", line 1820, in _execute_context
    self._handle_dbapi_exception(
  File "C:\Users\Kaue_Martins\Desktop\saka-delivery-kds\backend\venv\Lib\site-packages\sqlalchemy\engine\base.py", line 2344, in _handle_dbapi_exception
    raise sqlalchemy_exception.with_traceback(exc_info[2]) from e
  File "C:\Users\Kaue_Martins\Desktop\saka-delivery-kds\backend\venv\Lib\site-packages\sqlalchemy\engine\base.py", line 1814, in _execute_context
    context = constructor(
              ^^^^^^^^^^^^
  File "C:\Users\Kaue_Martins\Desktop\saka-delivery-kds\backend\venv\Lib\site-packages\sqlalchemy\engine\default.py", line 1456, in _init_compiled
    flattened_processors[key](compiled_params[key])
  File "C:\Users\Kaue_Martins\Desktop\saka-delivery-kds\backend\venv\Lib\site-packages\sqlalchemy\dialects\sqlite\base.py", line 1068, in process
    raise TypeError(
sqlalchemy.exc.StatementError: (builtins.TypeError) SQLite DateTime type only accepts Python datetime and date objects as input.
[SQL: INSERT INTO users (tenant_id, username, email, full_name, password_hash, role, saldo_credito, is_active, created_at, last_login) VALUES (?, ?, ?, ?, ?, ?, ?, ?, ?, ?)]
[parameters: [{'username': 'credituser', 'full_name': 'Credit Test User', 'is_active': True, 'created_at': '2026-03-19T14:44:47.920890', 'saldo_credito': 0.0, 'pass ... (6 characters truncated) ... ash': 'f6d9f2113215503556c05651ee275cb386869e5d7286beb103f20bc390633d8e', 'role': 'SUPER_ADMIN', 'email': None, 'last_login': None, 'tenant_id': None}]]
______________________ test_via_arnaldo_creates_repasse _______________________

self = <sqlalchemy.engine.base.Connection object at 0x000001A1A00089B0>
dialect = <sqlalchemy.dialects.sqlite.aiosqlite.SQLiteDialect_aiosqlite object at 0x000001A1A000AED0>
constructor = <bound method DefaultExecutionContext._init_compiled of <class 'sqlalchemy.dialects.sqlite.aiosqlite.SQLiteExecutionContext_aiosqlite'>>
statement = <sqlalchemy.dialects.sqlite.base.SQLiteCompiler object at 0x000001A19FF735F0>
parameters = [{'created_at': '2026-03-19T14:44:49.662080', 'email': None, 'full_name': 'Credit Test User', 'is_active': True, ...}]
execution_options = immutabledict({'compiled_cache': <sqlalchemy.util._collections.LRUCache object at 0x000001A19EA22FC0>})
args = (<sqlalchemy.dialects.sqlite.base.SQLiteCompiler object at 0x000001A19FF735F0>, [{'created_at': '2026-03-19T14:44:49.6...full_name': 'Credit Test User', 'is_active': True, ...}], <sqlalchemy.sql.dml.Insert object at 0x000001A19E946E40>, [])
kw = {'cache_hit': <CacheStats.CACHE_MISS: 1>}, yp = None
conn = <sqlalchemy.pool.base._ConnectionFairy object at 0x000001A19E950AD0>

    def _execute_context(
        self,
        dialect: Dialect,
        constructor: Callable[..., ExecutionContext],
        statement: Union[str, Compiled],
        parameters: Optional[_AnyMultiExecuteParams],
        execution_options: _ExecuteOptions,
        *args: Any,
        **kw: Any,
    ) -> CursorResult[Any]:
        """Create an :class:`.ExecutionContext` and execute, returning
        a :class:`_engine.CursorResult`."""
    
        if execution_options:
            yp = execution_options.get("yield_per", None)
            if yp:
                execution_options = execution_options.union(
                    {"stream_results": True, "max_row_buffer": yp}
                )
        try:
            conn = self._dbapi_connection
            if conn is None:
                conn = self._revalidate_connection()
    
>           context = constructor(
                dialect, self, conn, execution_options, *args, **kw
            )

venv\Lib\site-packages\sqlalchemy\engine\base.py:1814: 
_ _ _ _ _ _ _ _ _ _ _ _ _ _ _ _ _ _ _ _ _ _ _ _ _ _ _ _ _ _ _ _ _ _ _ _ _ _ _ _
venv\Lib\site-packages\sqlalchemy\engine\default.py:1456: in _init_compiled
    flattened_processors[key](compiled_params[key])
_ _ _ _ _ _ _ _ _ _ _ _ _ _ _ _ _ _ _ _ _ _ _ _ _ _ _ _ _ _ _ _ _ _ _ _ _ _ _ _

value = '2026-03-19T14:44:49.662080'

    def process(value):
        if value is None:
            return None
        elif isinstance(value, datetime_datetime):
            return format_ % {
                "year": value.year,
                "month": value.month,
                "day": value.day,
                "hour": value.hour,
                "minute": value.minute,
                "second": value.second,
                "microsecond": value.microsecond,
            }
        elif isinstance(value, datetime_date):
            return format_ % {
                "year": value.year,
                "month": value.month,
                "day": value.day,
                "hour": 0,
                "minute": 0,
                "second": 0,
                "microsecond": 0,
            }
        else:
>           raise TypeError(
                "SQLite DateTime type only accepts Python "
                "datetime and date objects as input."
            )
E           TypeError: SQLite DateTime type only accepts Python datetime and date objects as input.

venv\Lib\site-packages\sqlalchemy\dialects\sqlite\base.py:1068: TypeError

The above exception was the direct cause of the following exception:

client = <httpx.AsyncClient object at 0x000001A1A000B4A0>

    @pytest.mark.asyncio
    async def test_via_arnaldo_creates_repasse(client: AsyncClient):
        """Testa que pedido via_arnaldo cria repasse com 30% (R$1.50)."""
>       token = await _get_auth_token(client)
                ^^^^^^^^^^^^^^^^^^^^^^^^^^^^^

tests\test_credito.py:60: 
_ _ _ _ _ _ _ _ _ _ _ _ _ _ _ _ _ _ _ _ _ _ _ _ _ _ _ _ _ _ _ _ _ _ _ _ _ _ _ _
tests\test_credito.py:10: in _get_auth_token
    await client.post("/auth/register", json={
venv\Lib\site-packages\httpx\_client.py:1877: in post
    return await self.request(
venv\Lib\site-packages\httpx\_client.py:1559: in request
    return await self.send(request, auth=auth, follow_redirects=follow_redirects)
           ^^^^^^^^^^^^^^^^^^^^^^^^^^^^^^^^^^^^^^^^^^^^^^^^^^^^^^^^^^^^^^^^^^^^^^
venv\Lib\site-packages\httpx\_client.py:1646: in send
    response = await self._send_handling_auth(
venv\Lib\site-packages\httpx\_client.py:1674: in _send_handling_auth
    response = await self._send_handling_redirects(
venv\Lib\site-packages\httpx\_client.py:1711: in _send_handling_redirects
    response = await self._send_single_request(request)
               ^^^^^^^^^^^^^^^^^^^^^^^^^^^^^^^^^^^^^^^^
venv\Lib\site-packages\httpx\_client.py:1748: in _send_single_request
    response = await transport.handle_async_request(request)
               ^^^^^^^^^^^^^^^^^^^^^^^^^^^^^^^^^^^^^^^^^^^^^
venv\Lib\site-packages\httpx\_transports\asgi.py:162: in handle_async_request
    await self.app(scope, receive, send)
venv\Lib\site-packages\fastapi\applications.py:1054: in __call__
    await super().__call__(scope, receive, send)
venv\Lib\site-packages\starlette\applications.py:123: in __call__
    await self.middleware_stack(scope, receive, send)
venv\Lib\site-packages\starlette\middleware\errors.py:186: in __call__
    raise exc
venv\Lib\site-packages\starlette\middleware\errors.py:164: in __call__
    await self.app(scope, receive, _send)
venv\Lib\site-packages\starlette\middleware\cors.py:83: in __call__
    await self.app(scope, receive, send)
venv\Lib\site-packages\starlette\middleware\exceptions.py:62: in __call__
    await wrap_app_handling_exceptions(self.app, conn)(scope, receive, send)
venv\Lib\site-packages\starlette\_exception_handler.py:64: in wrapped_app
    raise exc
venv\Lib\site-packages\starlette\_exception_handler.py:53: in wrapped_app
    await app(scope, receive, sender)
venv\Lib\site-packages\starlette\routing.py:762: in __call__
    await self.middleware_stack(scope, receive, send)
venv\Lib\site-packages\starlette\routing.py:782: in app
    await route.handle(scope, receive, send)
venv\Lib\site-packages\starlette\routing.py:297: in handle
    await self.app(scope, receive, send)
venv\Lib\site-packages\starlette\routing.py:77: in app
    await wrap_app_handling_exceptions(app, request)(scope, receive, send)
venv\Lib\site-packages\starlette\_exception_handler.py:64: in wrapped_app
    raise exc
venv\Lib\site-packages\starlette\_exception_handler.py:53: in wrapped_app
    await app(scope, receive, sender)
venv\Lib\site-packages\starlette\routing.py:72: in app
    response = await func(request)
               ^^^^^^^^^^^^^^^^^^^
venv\Lib\site-packages\fastapi\routing.py:299: in app
    raise e
venv\Lib\site-packages\fastapi\routing.py:294: in app
    raw_response = await run_endpoint_function(
venv\Lib\site-packages\fastapi\routing.py:191: in run_endpoint_function
    return await dependant.call(**values)
           ^^^^^^^^^^^^^^^^^^^^^^^^^^^^^^
app\routers\auth.py:60: in register
    user = await user_service.create_user(
app\services\user_service.py:81: in create_user
    user = await user_repo.create(db, obj_in=user_in)
           ^^^^^^^^^^^^^^^^^^^^^^^^^^^^^^^^^^^^^^^^^^
app\repositories\base.py:60: in create
    await db.commit()
venv\Lib\site-packages\sqlalchemy\ext\asyncio\session.py:1011: in commit
    await greenlet_spawn(self.sync_session.commit)
venv\Lib\site-packages\sqlalchemy\util\_concurrency_py3k.py:202: in greenlet_spawn
    result = context.switch(value)
             ^^^^^^^^^^^^^^^^^^^^^
venv\Lib\site-packages\sqlalchemy\orm\session.py:1969: in commit
    trans.commit(_to_root=True)
<string>:2: in commit
    ???
venv\Lib\site-packages\sqlalchemy\orm\state_changes.py:139: in _go
    ret_value = fn(self, *arg, **kw)
                ^^^^^^^^^^^^^^^^^^^^
venv\Lib\site-packages\sqlalchemy\orm\session.py:1256: in commit
    self._prepare_impl()
<string>:2: in _prepare_impl
    ???
venv\Lib\site-packages\sqlalchemy\orm\state_changes.py:139: in _go
    ret_value = fn(self, *arg, **kw)
                ^^^^^^^^^^^^^^^^^^^^
venv\Lib\site-packages\sqlalchemy\orm\session.py:1231: in _prepare_impl
    self.session.flush()
venv\Lib\site-packages\sqlalchemy\orm\session.py:4312: in flush
    self._flush(objects)
venv\Lib\site-packages\sqlalchemy\orm\session.py:4447: in _flush
    with util.safe_reraise():
         ^^^^^^^^^^^^^^^^^^^
venv\Lib\site-packages\sqlalchemy\util\langhelpers.py:146: in __exit__
    raise exc_value.with_traceback(exc_tb)
venv\Lib\site-packages\sqlalchemy\orm\session.py:4408: in _flush
    flush_context.execute()
venv\Lib\site-packages\sqlalchemy\orm\unitofwork.py:466: in execute
    rec.execute(self)
venv\Lib\site-packages\sqlalchemy\orm\unitofwork.py:642: in execute
    util.preloaded.orm_persistence.save_obj(
venv\Lib\site-packages\sqlalchemy\orm\persistence.py:93: in save_obj
    _emit_insert_statements(
venv\Lib\site-packages\sqlalchemy\orm\persistence.py:1227: in _emit_insert_statements
    result = connection.execute(
venv\Lib\site-packages\sqlalchemy\engine\base.py:1416: in execute
    return meth(
venv\Lib\site-packages\sqlalchemy\sql\elements.py:517: in _execute_on_connection
    return connection._execute_clauseelement(
venv\Lib\site-packages\sqlalchemy\engine\base.py:1639: in _execute_clauseelement
    ret = self._execute_context(
venv\Lib\site-packages\sqlalchemy\engine\base.py:1820: in _execute_context
    self._handle_dbapi_exception(
venv\Lib\site-packages\sqlalchemy\engine\base.py:2344: in _handle_dbapi_exception
    raise sqlalchemy_exception.with_traceback(exc_info[2]) from e
venv\Lib\site-packages\sqlalchemy\engine\base.py:1814: in _execute_context
    context = constructor(
venv\Lib\site-packages\sqlalchemy\engine\default.py:1456: in _init_compiled
    flattened_processors[key](compiled_params[key])
_ _ _ _ _ _ _ _ _ _ _ _ _ _ _ _ _ _ _ _ _ _ _ _ _ _ _ _ _ _ _ _ _ _ _ _ _ _ _ _

value = '2026-03-19T14:44:49.662080'

    def process(value):
        if value is None:
            return None
        elif isinstance(value, datetime_datetime):
            return format_ % {
                "year": value.year,
                "month": value.month,
                "day": value.day,
                "hour": value.hour,
                "minute": value.minute,
                "second": value.second,
                "microsecond": value.microsecond,
            }
        elif isinstance(value, datetime_date):
            return format_ % {
                "year": value.year,
                "month": value.month,
                "day": value.day,
                "hour": 0,
                "minute": 0,
                "second": 0,
                "microsecond": 0,
            }
        else:
>           raise TypeError(
                "SQLite DateTime type only accepts Python "
                "datetime and date objects as input."
            )
E           sqlalchemy.exc.StatementError: (builtins.TypeError) SQLite DateTime type only accepts Python datetime and date objects as input.
E           [SQL: INSERT INTO users (tenant_id, username, email, full_name, password_hash, role, saldo_credito, is_active, created_at, last_login) VALUES (?, ?, ?, ?, ?, ?, ?, ?, ?, ?)]
E           [parameters: [{'username': 'credituser', 'full_name': 'Credit Test User', 'is_active': True, 'created_at': '2026-03-19T14:44:49.662080', 'saldo_credito': 0.0, 'pass ... (6 characters truncated) ... ash': 'f6d9f2113215503556c05651ee275cb386869e5d7286beb103f20bc390633d8e', 'role': 'SUPER_ADMIN', 'email': None, 'last_login': None, 'tenant_id': None}]]

venv\Lib\site-packages\sqlalchemy\dialects\sqlite\base.py:1068: StatementError
---------------------------- Captured stderr call -----------------------------
2026-03-19 11:44:49,663 - app.main - ERROR - Unhandled exception on POST /auth/register: (builtins.TypeError) SQLite DateTime type only accepts Python datetime and date objects as input.
[SQL: INSERT INTO users (tenant_id, username, email, full_name, password_hash, role, saldo_credito, is_active, created_at, last_login) VALUES (?, ?, ?, ?, ?, ?, ?, ?, ?, ?)]
[parameters: [{'username': 'credituser', 'full_name': 'Credit Test User', 'is_active': True, 'created_at': '2026-03-19T14:44:49.662080', 'saldo_credito': 0.0, 'pass ... (6 characters truncated) ... ash': 'f6d9f2113215503556c05651ee275cb386869e5d7286beb103f20bc390633d8e', 'role': 'SUPER_ADMIN', 'email': None, 'last_login': None, 'tenant_id': None}]]
Traceback (most recent call last):
  File "C:\Users\Kaue_Martins\Desktop\saka-delivery-kds\backend\venv\Lib\site-packages\sqlalchemy\engine\base.py", line 1814, in _execute_context
    context = constructor(
              ^^^^^^^^^^^^
  File "C:\Users\Kaue_Martins\Desktop\saka-delivery-kds\backend\venv\Lib\site-packages\sqlalchemy\engine\default.py", line 1456, in _init_compiled
    flattened_processors[key](compiled_params[key])
  File "C:\Users\Kaue_Martins\Desktop\saka-delivery-kds\backend\venv\Lib\site-packages\sqlalchemy\dialects\sqlite\base.py", line 1068, in process
    raise TypeError(
TypeError: SQLite DateTime type only accepts Python datetime and date objects as input.

The above exception was the direct cause of the following exception:

Traceback (most recent call last):
  File "C:\Users\Kaue_Martins\Desktop\saka-delivery-kds\backend\venv\Lib\site-packages\starlette\middleware\errors.py", line 164, in __call__
    await self.app(scope, receive, _send)
  File "C:\Users\Kaue_Martins\Desktop\saka-delivery-kds\backend\venv\Lib\site-packages\starlette\middleware\cors.py", line 83, in __call__
    await self.app(scope, receive, send)
  File "C:\Users\Kaue_Martins\Desktop\saka-delivery-kds\backend\venv\Lib\site-packages\starlette\middleware\exceptions.py", line 62, in __call__
    await wrap_app_handling_exceptions(self.app, conn)(scope, receive, send)
  File "C:\Users\Kaue_Martins\Desktop\saka-delivery-kds\backend\venv\Lib\site-packages\starlette\_exception_handler.py", line 64, in wrapped_app
    raise exc
  File "C:\Users\Kaue_Martins\Desktop\saka-delivery-kds\backend\venv\Lib\site-packages\starlette\_exception_handler.py", line 53, in wrapped_app
    await app(scope, receive, sender)
  File "C:\Users\Kaue_Martins\Desktop\saka-delivery-kds\backend\venv\Lib\site-packages\starlette\routing.py", line 762, in __call__
    await self.middleware_stack(scope, receive, send)
  File "C:\Users\Kaue_Martins\Desktop\saka-delivery-kds\backend\venv\Lib\site-packages\starlette\routing.py", line 782, in app
    await route.handle(scope, receive, send)
  File "C:\Users\Kaue_Martins\Desktop\saka-delivery-kds\backend\venv\Lib\site-packages\starlette\routing.py", line 297, in handle
    await self.app(scope, receive, send)
  File "C:\Users\Kaue_Martins\Desktop\saka-delivery-kds\backend\venv\Lib\site-packages\starlette\routing.py", line 77, in app
    await wrap_app_handling_exceptions(app, request)(scope, receive, send)
  File "C:\Users\Kaue_Martins\Desktop\saka-delivery-kds\backend\venv\Lib\site-packages\starlette\_exception_handler.py", line 64, in wrapped_app
    raise exc
  File "C:\Users\Kaue_Martins\Desktop\saka-delivery-kds\backend\venv\Lib\site-packages\starlette\_exception_handler.py", line 53, in wrapped_app
    await app(scope, receive, sender)
  File "C:\Users\Kaue_Martins\Desktop\saka-delivery-kds\backend\venv\Lib\site-packages\starlette\routing.py", line 72, in app
    response = await func(request)
               ^^^^^^^^^^^^^^^^^^^
  File "C:\Users\Kaue_Martins\Desktop\saka-delivery-kds\backend\venv\Lib\site-packages\fastapi\routing.py", line 299, in app
    raise e
  File "C:\Users\Kaue_Martins\Desktop\saka-delivery-kds\backend\venv\Lib\site-packages\fastapi\routing.py", line 294, in app
    raw_response = await run_endpoint_function(
                   ^^^^^^^^^^^^^^^^^^^^^^^^^^^^
  File "C:\Users\Kaue_Martins\Desktop\saka-delivery-kds\backend\venv\Lib\site-packages\fastapi\routing.py", line 191, in run_endpoint_function
    return await dependant.call(**values)
           ^^^^^^^^^^^^^^^^^^^^^^^^^^^^^^
  File "C:\Users\Kaue_Martins\Desktop\saka-delivery-kds\backend\app\routers\auth.py", line 60, in register
    user = await user_service.create_user(
           ^^^^^^^^^^^^^^^^^^^^^^^^^^^^^^^
  File "C:\Users\Kaue_Martins\Desktop\saka-delivery-kds\backend\app\services\user_service.py", line 81, in create_user
    user = await user_repo.create(db, obj_in=user_in)
           ^^^^^^^^^^^^^^^^^^^^^^^^^^^^^^^^^^^^^^^^^^
  File "C:\Users\Kaue_Martins\Desktop\saka-delivery-kds\backend\app\repositories\base.py", line 60, in create
    await db.commit()
  File "C:\Users\Kaue_Martins\Desktop\saka-delivery-kds\backend\venv\Lib\site-packages\sqlalchemy\ext\asyncio\session.py", line 1011, in commit
    await greenlet_spawn(self.sync_session.commit)
  File "C:\Users\Kaue_Martins\Desktop\saka-delivery-kds\backend\venv\Lib\site-packages\sqlalchemy\util\_concurrency_py3k.py", line 202, in greenlet_spawn
    result = context.switch(value)
             ^^^^^^^^^^^^^^^^^^^^^
  File "C:\Users\Kaue_Martins\Desktop\saka-delivery-kds\backend\venv\Lib\site-packages\sqlalchemy\orm\session.py", line 1969, in commit
    trans.commit(_to_root=True)
  File "<string>", line 2, in commit
  File "C:\Users\Kaue_Martins\Desktop\saka-delivery-kds\backend\venv\Lib\site-packages\sqlalchemy\orm\state_changes.py", line 139, in _go
    ret_value = fn(self, *arg, **kw)
                ^^^^^^^^^^^^^^^^^^^^
  File "C:\Users\Kaue_Martins\Desktop\saka-delivery-kds\backend\venv\Lib\site-packages\sqlalchemy\orm\session.py", line 1256, in commit
    self._prepare_impl()
  File "<string>", line 2, in _prepare_impl
  File "C:\Users\Kaue_Martins\Desktop\saka-delivery-kds\backend\venv\Lib\site-packages\sqlalchemy\orm\state_changes.py", line 139, in _go
    ret_value = fn(self, *arg, **kw)
                ^^^^^^^^^^^^^^^^^^^^
  File "C:\Users\Kaue_Martins\Desktop\saka-delivery-kds\backend\venv\Lib\site-packages\sqlalchemy\orm\session.py", line 1231, in _prepare_impl
    self.session.flush()
  File "C:\Users\Kaue_Martins\Desktop\saka-delivery-kds\backend\venv\Lib\site-packages\sqlalchemy\orm\session.py", line 4312, in flush
    self._flush(objects)
  File "C:\Users\Kaue_Martins\Desktop\saka-delivery-kds\backend\venv\Lib\site-packages\sqlalchemy\orm\session.py", line 4447, in _flush
    with util.safe_reraise():
         ^^^^^^^^^^^^^^^^^^^
  File "C:\Users\Kaue_Martins\Desktop\saka-delivery-kds\backend\venv\Lib\site-packages\sqlalchemy\util\langhelpers.py", line 146, in __exit__
    raise exc_value.with_traceback(exc_tb)
  File "C:\Users\Kaue_Martins\Desktop\saka-delivery-kds\backend\venv\Lib\site-packages\sqlalchemy\orm\session.py", line 4408, in _flush
    flush_context.execute()
  File "C:\Users\Kaue_Martins\Desktop\saka-delivery-kds\backend\venv\Lib\site-packages\sqlalchemy\orm\unitofwork.py", line 466, in execute
    rec.execute(self)
  File "C:\Users\Kaue_Martins\Desktop\saka-delivery-kds\backend\venv\Lib\site-packages\sqlalchemy\orm\unitofwork.py", line 642, in execute
    util.preloaded.orm_persistence.save_obj(
  File "C:\Users\Kaue_Martins\Desktop\saka-delivery-kds\backend\venv\Lib\site-packages\sqlalchemy\orm\persistence.py", line 93, in save_obj
    _emit_insert_statements(
  File "C:\Users\Kaue_Martins\Desktop\saka-delivery-kds\backend\venv\Lib\site-packages\sqlalchemy\orm\persistence.py", line 1227, in _emit_insert_statements
    result = connection.execute(
             ^^^^^^^^^^^^^^^^^^^
  File "C:\Users\Kaue_Martins\Desktop\saka-delivery-kds\backend\venv\Lib\site-packages\sqlalchemy\engine\base.py", line 1416, in execute
    return meth(
           ^^^^^
  File "C:\Users\Kaue_Martins\Desktop\saka-delivery-kds\backend\venv\Lib\site-packages\sqlalchemy\sql\elements.py", line 517, in _execute_on_connection
    return connection._execute_clauseelement(
           ^^^^^^^^^^^^^^^^^^^^^^^^^^^^^^^^^^
  File "C:\Users\Kaue_Martins\Desktop\saka-delivery-kds\backend\venv\Lib\site-packages\sqlalchemy\engine\base.py", line 1639, in _execute_clauseelement
    ret = self._execute_context(
          ^^^^^^^^^^^^^^^^^^^^^^
  File "C:\Users\Kaue_Martins\Desktop\saka-delivery-kds\backend\venv\Lib\site-packages\sqlalchemy\engine\base.py", line 1820, in _execute_context
    self._handle_dbapi_exception(
  File "C:\Users\Kaue_Martins\Desktop\saka-delivery-kds\backend\venv\Lib\site-packages\sqlalchemy\engine\base.py", line 2344, in _handle_dbapi_exception
    raise sqlalchemy_exception.with_traceback(exc_info[2]) from e
  File "C:\Users\Kaue_Martins\Desktop\saka-delivery-kds\backend\venv\Lib\site-packages\sqlalchemy\engine\base.py", line 1814, in _execute_context
    context = constructor(
              ^^^^^^^^^^^^
  File "C:\Users\Kaue_Martins\Desktop\saka-delivery-kds\backend\venv\Lib\site-packages\sqlalchemy\engine\default.py", line 1456, in _init_compiled
    flattened_processors[key](compiled_params[key])
  File "C:\Users\Kaue_Martins\Desktop\saka-delivery-kds\backend\venv\Lib\site-packages\sqlalchemy\dialects\sqlite\base.py", line 1068, in process
    raise TypeError(
sqlalchemy.exc.StatementError: (builtins.TypeError) SQLite DateTime type only accepts Python datetime and date objects as input.
[SQL: INSERT INTO users (tenant_id, username, email, full_name, password_hash, role, saldo_credito, is_active, created_at, last_login) VALUES (?, ?, ?, ?, ?, ?, ?, ?, ?, ?)]
[parameters: [{'username': 'credituser', 'full_name': 'Credit Test User', 'is_active': True, 'created_at': '2026-03-19T14:44:49.662080', 'saldo_credito': 0.0, 'pass ... (6 characters truncated) ... ash': 'f6d9f2113215503556c05651ee275cb386869e5d7286beb103f20bc390633d8e', 'role': 'SUPER_ADMIN', 'email': None, 'last_login': None, 'tenant_id': None}]]
------------------------------ Captured log call ------------------------------
ERROR    app.main:main.py:101 Unhandled exception on POST /auth/register: (builtins.TypeError) SQLite DateTime type only accepts Python datetime and date objects as input.
[SQL: INSERT INTO users (tenant_id, username, email, full_name, password_hash, role, saldo_credito, is_active, created_at, last_login) VALUES (?, ?, ?, ?, ?, ?, ?, ?, ?, ?)]
[parameters: [{'username': 'credituser', 'full_name': 'Credit Test User', 'is_active': True, 'created_at': '2026-03-19T14:44:49.662080', 'saldo_credito': 0.0, 'pass ... (6 characters truncated) ... ash': 'f6d9f2113215503556c05651ee275cb386869e5d7286beb103f20bc390633d8e', 'role': 'SUPER_ADMIN', 'email': None, 'last_login': None, 'tenant_id': None}]]
Traceback (most recent call last):
  File "C:\Users\Kaue_Martins\Desktop\saka-delivery-kds\backend\venv\Lib\site-packages\sqlalchemy\engine\base.py", line 1814, in _execute_context
    context = constructor(
              ^^^^^^^^^^^^
  File "C:\Users\Kaue_Martins\Desktop\saka-delivery-kds\backend\venv\Lib\site-packages\sqlalchemy\engine\default.py", line 1456, in _init_compiled
    flattened_processors[key](compiled_params[key])
  File "C:\Users\Kaue_Martins\Desktop\saka-delivery-kds\backend\venv\Lib\site-packages\sqlalchemy\dialects\sqlite\base.py", line 1068, in process
    raise TypeError(
TypeError: SQLite DateTime type only accepts Python datetime and date objects as input.

The above exception was the direct cause of the following exception:

Traceback (most recent call last):
  File "C:\Users\Kaue_Martins\Desktop\saka-delivery-kds\backend\venv\Lib\site-packages\starlette\middleware\errors.py", line 164, in __call__
    await self.app(scope, receive, _send)
  File "C:\Users\Kaue_Martins\Desktop\saka-delivery-kds\backend\venv\Lib\site-packages\starlette\middleware\cors.py", line 83, in __call__
    await self.app(scope, receive, send)
  File "C:\Users\Kaue_Martins\Desktop\saka-delivery-kds\backend\venv\Lib\site-packages\starlette\middleware\exceptions.py", line 62, in __call__
    await wrap_app_handling_exceptions(self.app, conn)(scope, receive, send)
  File "C:\Users\Kaue_Martins\Desktop\saka-delivery-kds\backend\venv\Lib\site-packages\starlette\_exception_handler.py", line 64, in wrapped_app
    raise exc
  File "C:\Users\Kaue_Martins\Desktop\saka-delivery-kds\backend\venv\Lib\site-packages\starlette\_exception_handler.py", line 53, in wrapped_app
    await app(scope, receive, sender)
  File "C:\Users\Kaue_Martins\Desktop\saka-delivery-kds\backend\venv\Lib\site-packages\starlette\routing.py", line 762, in __call__
    await self.middleware_stack(scope, receive, send)
  File "C:\Users\Kaue_Martins\Desktop\saka-delivery-kds\backend\venv\Lib\site-packages\starlette\routing.py", line 782, in app
    await route.handle(scope, receive, send)
  File "C:\Users\Kaue_Martins\Desktop\saka-delivery-kds\backend\venv\Lib\site-packages\starlette\routing.py", line 297, in handle
    await self.app(scope, receive, send)
  File "C:\Users\Kaue_Martins\Desktop\saka-delivery-kds\backend\venv\Lib\site-packages\starlette\routing.py", line 77, in app
    await wrap_app_handling_exceptions(app, request)(scope, receive, send)
  File "C:\Users\Kaue_Martins\Desktop\saka-delivery-kds\backend\venv\Lib\site-packages\starlette\_exception_handler.py", line 64, in wrapped_app
    raise exc
  File "C:\Users\Kaue_Martins\Desktop\saka-delivery-kds\backend\venv\Lib\site-packages\starlette\_exception_handler.py", line 53, in wrapped_app
    await app(scope, receive, sender)
  File "C:\Users\Kaue_Martins\Desktop\saka-delivery-kds\backend\venv\Lib\site-packages\starlette\routing.py", line 72, in app
    response = await func(request)
               ^^^^^^^^^^^^^^^^^^^
  File "C:\Users\Kaue_Martins\Desktop\saka-delivery-kds\backend\venv\Lib\site-packages\fastapi\routing.py", line 299, in app
    raise e
  File "C:\Users\Kaue_Martins\Desktop\saka-delivery-kds\backend\venv\Lib\site-packages\fastapi\routing.py", line 294, in app
    raw_response = await run_endpoint_function(
                   ^^^^^^^^^^^^^^^^^^^^^^^^^^^^
  File "C:\Users\Kaue_Martins\Desktop\saka-delivery-kds\backend\venv\Lib\site-packages\fastapi\routing.py", line 191, in run_endpoint_function
    return await dependant.call(**values)
           ^^^^^^^^^^^^^^^^^^^^^^^^^^^^^^
  File "C:\Users\Kaue_Martins\Desktop\saka-delivery-kds\backend\app\routers\auth.py", line 60, in register
    user = await user_service.create_user(
           ^^^^^^^^^^^^^^^^^^^^^^^^^^^^^^^
  File "C:\Users\Kaue_Martins\Desktop\saka-delivery-kds\backend\app\services\user_service.py", line 81, in create_user
    user = await user_repo.create(db, obj_in=user_in)
           ^^^^^^^^^^^^^^^^^^^^^^^^^^^^^^^^^^^^^^^^^^
  File "C:\Users\Kaue_Martins\Desktop\saka-delivery-kds\backend\app\repositories\base.py", line 60, in create
    await db.commit()
  File "C:\Users\Kaue_Martins\Desktop\saka-delivery-kds\backend\venv\Lib\site-packages\sqlalchemy\ext\asyncio\session.py", line 1011, in commit
    await greenlet_spawn(self.sync_session.commit)
  File "C:\Users\Kaue_Martins\Desktop\saka-delivery-kds\backend\venv\Lib\site-packages\sqlalchemy\util\_concurrency_py3k.py", line 202, in greenlet_spawn
    result = context.switch(value)
             ^^^^^^^^^^^^^^^^^^^^^
  File "C:\Users\Kaue_Martins\Desktop\saka-delivery-kds\backend\venv\Lib\site-packages\sqlalchemy\orm\session.py", line 1969, in commit
    trans.commit(_to_root=True)
  File "<string>", line 2, in commit
  File "C:\Users\Kaue_Martins\Desktop\saka-delivery-kds\backend\venv\Lib\site-packages\sqlalchemy\orm\state_changes.py", line 139, in _go
    ret_value = fn(self, *arg, **kw)
                ^^^^^^^^^^^^^^^^^^^^
  File "C:\Users\Kaue_Martins\Desktop\saka-delivery-kds\backend\venv\Lib\site-packages\sqlalchemy\orm\session.py", line 1256, in commit
    self._prepare_impl()
  File "<string>", line 2, in _prepare_impl
  File "C:\Users\Kaue_Martins\Desktop\saka-delivery-kds\backend\venv\Lib\site-packages\sqlalchemy\orm\state_changes.py", line 139, in _go
    ret_value = fn(self, *arg, **kw)
                ^^^^^^^^^^^^^^^^^^^^
  File "C:\Users\Kaue_Martins\Desktop\saka-delivery-kds\backend\venv\Lib\site-packages\sqlalchemy\orm\session.py", line 1231, in _prepare_impl
    self.session.flush()
  File "C:\Users\Kaue_Martins\Desktop\saka-delivery-kds\backend\venv\Lib\site-packages\sqlalchemy\orm\session.py", line 4312, in flush
    self._flush(objects)
  File "C:\Users\Kaue_Martins\Desktop\saka-delivery-kds\backend\venv\Lib\site-packages\sqlalchemy\orm\session.py", line 4447, in _flush
    with util.safe_reraise():
         ^^^^^^^^^^^^^^^^^^^
  File "C:\Users\Kaue_Martins\Desktop\saka-delivery-kds\backend\venv\Lib\site-packages\sqlalchemy\util\langhelpers.py", line 146, in __exit__
    raise exc_value.with_traceback(exc_tb)
  File "C:\Users\Kaue_Martins\Desktop\saka-delivery-kds\backend\venv\Lib\site-packages\sqlalchemy\orm\session.py", line 4408, in _flush
    flush_context.execute()
  File "C:\Users\Kaue_Martins\Desktop\saka-delivery-kds\backend\venv\Lib\site-packages\sqlalchemy\orm\unitofwork.py", line 466, in execute
    rec.execute(self)
  File "C:\Users\Kaue_Martins\Desktop\saka-delivery-kds\backend\venv\Lib\site-packages\sqlalchemy\orm\unitofwork.py", line 642, in execute
    util.preloaded.orm_persistence.save_obj(
  File "C:\Users\Kaue_Martins\Desktop\saka-delivery-kds\backend\venv\Lib\site-packages\sqlalchemy\orm\persistence.py", line 93, in save_obj
    _emit_insert_statements(
  File "C:\Users\Kaue_Martins\Desktop\saka-delivery-kds\backend\venv\Lib\site-packages\sqlalchemy\orm\persistence.py", line 1227, in _emit_insert_statements
    result = connection.execute(
             ^^^^^^^^^^^^^^^^^^^
  File "C:\Users\Kaue_Martins\Desktop\saka-delivery-kds\backend\venv\Lib\site-packages\sqlalchemy\engine\base.py", line 1416, in execute
    return meth(
           ^^^^^
  File "C:\Users\Kaue_Martins\Desktop\saka-delivery-kds\backend\venv\Lib\site-packages\sqlalchemy\sql\elements.py", line 517, in _execute_on_connection
    return connection._execute_clauseelement(
           ^^^^^^^^^^^^^^^^^^^^^^^^^^^^^^^^^^
  File "C:\Users\Kaue_Martins\Desktop\saka-delivery-kds\backend\venv\Lib\site-packages\sqlalchemy\engine\base.py", line 1639, in _execute_clauseelement
    ret = self._execute_context(
          ^^^^^^^^^^^^^^^^^^^^^^
  File "C:\Users\Kaue_Martins\Desktop\saka-delivery-kds\backend\venv\Lib\site-packages\sqlalchemy\engine\base.py", line 1820, in _execute_context
    self._handle_dbapi_exception(
  File "C:\Users\Kaue_Martins\Desktop\saka-delivery-kds\backend\venv\Lib\site-packages\sqlalchemy\engine\base.py", line 2344, in _handle_dbapi_exception
    raise sqlalchemy_exception.with_traceback(exc_info[2]) from e
  File "C:\Users\Kaue_Martins\Desktop\saka-delivery-kds\backend\venv\Lib\site-packages\sqlalchemy\engine\base.py", line 1814, in _execute_context
    context = constructor(
              ^^^^^^^^^^^^
  File "C:\Users\Kaue_Martins\Desktop\saka-delivery-kds\backend\venv\Lib\site-packages\sqlalchemy\engine\default.py", line 1456, in _init_compiled
    flattened_processors[key](compiled_params[key])
  File "C:\Users\Kaue_Martins\Desktop\saka-delivery-kds\backend\venv\Lib\site-packages\sqlalchemy\dialects\sqlite\base.py", line 1068, in process
    raise TypeError(
sqlalchemy.exc.StatementError: (builtins.TypeError) SQLite DateTime type only accepts Python datetime and date objects as input.
[SQL: INSERT INTO users (tenant_id, username, email, full_name, password_hash, role, saldo_credito, is_active, created_at, last_login) VALUES (?, ?, ?, ?, ?, ?, ?, ?, ?, ?)]
[parameters: [{'username': 'credituser', 'full_name': 'Credit Test User', 'is_active': True, 'created_at': '2026-03-19T14:44:49.662080', 'saldo_credito': 0.0, 'pass ... (6 characters truncated) ... ash': 'f6d9f2113215503556c05651ee275cb386869e5d7286beb103f20bc390633d8e', 'role': 'SUPER_ADMIN', 'email': None, 'last_login': None, 'tenant_id': None}]]
______________________ test_credit_deduction_sequential _______________________

self = <sqlalchemy.engine.base.Connection object at 0x000001A19FF8E090>
dialect = <sqlalchemy.dialects.sqlite.aiosqlite.SQLiteDialect_aiosqlite object at 0x000001A19FF7B9B0>
constructor = <bound method DefaultExecutionContext._init_compiled of <class 'sqlalchemy.dialects.sqlite.aiosqlite.SQLiteExecutionContext_aiosqlite'>>
statement = <sqlalchemy.dialects.sqlite.base.SQLiteCompiler object at 0x000001A19FF784A0>
parameters = [{'created_at': '2026-03-19T14:44:51.048176', 'email': None, 'full_name': 'Credit Test User', 'is_active': True, ...}]
execution_options = immutabledict({'compiled_cache': <sqlalchemy.util._collections.LRUCache object at 0x000001A19EA22FC0>})
args = (<sqlalchemy.dialects.sqlite.base.SQLiteCompiler object at 0x000001A19FF784A0>, [{'created_at': '2026-03-19T14:44:51.0...full_name': 'Credit Test User', 'is_active': True, ...}], <sqlalchemy.sql.dml.Insert object at 0x000001A19E946E40>, [])
kw = {'cache_hit': <CacheStats.CACHE_MISS: 1>}, yp = None
conn = <sqlalchemy.pool.base._ConnectionFairy object at 0x000001A1A000E2D0>

    def _execute_context(
        self,
        dialect: Dialect,
        constructor: Callable[..., ExecutionContext],
        statement: Union[str, Compiled],
        parameters: Optional[_AnyMultiExecuteParams],
        execution_options: _ExecuteOptions,
        *args: Any,
        **kw: Any,
    ) -> CursorResult[Any]:
        """Create an :class:`.ExecutionContext` and execute, returning
        a :class:`_engine.CursorResult`."""
    
        if execution_options:
            yp = execution_options.get("yield_per", None)
            if yp:
                execution_options = execution_options.union(
                    {"stream_results": True, "max_row_buffer": yp}
                )
        try:
            conn = self._dbapi_connection
            if conn is None:
                conn = self._revalidate_connection()
    
>           context = constructor(
                dialect, self, conn, execution_options, *args, **kw
            )

venv\Lib\site-packages\sqlalchemy\engine\base.py:1814: 
_ _ _ _ _ _ _ _ _ _ _ _ _ _ _ _ _ _ _ _ _ _ _ _ _ _ _ _ _ _ _ _ _ _ _ _ _ _ _ _
venv\Lib\site-packages\sqlalchemy\engine\default.py:1456: in _init_compiled
    flattened_processors[key](compiled_params[key])
_ _ _ _ _ _ _ _ _ _ _ _ _ _ _ _ _ _ _ _ _ _ _ _ _ _ _ _ _ _ _ _ _ _ _ _ _ _ _ _

value = '2026-03-19T14:44:51.048176'

    def process(value):
        if value is None:
            return None
        elif isinstance(value, datetime_datetime):
            return format_ % {
                "year": value.year,
                "month": value.month,
                "day": value.day,
                "hour": value.hour,
                "minute": value.minute,
                "second": value.second,
                "microsecond": value.microsecond,
            }
        elif isinstance(value, datetime_date):
            return format_ % {
                "year": value.year,
                "month": value.month,
                "day": value.day,
                "hour": 0,
                "minute": 0,
                "second": 0,
                "microsecond": 0,
            }
        else:
>           raise TypeError(
                "SQLite DateTime type only accepts Python "
                "datetime and date objects as input."
            )
E           TypeError: SQLite DateTime type only accepts Python datetime and date objects as input.

venv\Lib\site-packages\sqlalchemy\dialects\sqlite\base.py:1068: TypeError

The above exception was the direct cause of the following exception:

client = <httpx.AsyncClient object at 0x000001A19FF7AFF0>

    @pytest.mark.asyncio
    async def test_credit_deduction_sequential(client: AsyncClient):
        """Testa dedução sequencial de crédito em múltiplos pedidos."""
>       token = await _get_auth_token(client)
                ^^^^^^^^^^^^^^^^^^^^^^^^^^^^^

tests\test_credito.py:81: 
_ _ _ _ _ _ _ _ _ _ _ _ _ _ _ _ _ _ _ _ _ _ _ _ _ _ _ _ _ _ _ _ _ _ _ _ _ _ _ _
tests\test_credito.py:10: in _get_auth_token
    await client.post("/auth/register", json={
venv\Lib\site-packages\httpx\_client.py:1877: in post
    return await self.request(
venv\Lib\site-packages\httpx\_client.py:1559: in request
    return await self.send(request, auth=auth, follow_redirects=follow_redirects)
           ^^^^^^^^^^^^^^^^^^^^^^^^^^^^^^^^^^^^^^^^^^^^^^^^^^^^^^^^^^^^^^^^^^^^^^
venv\Lib\site-packages\httpx\_client.py:1646: in send
    response = await self._send_handling_auth(
venv\Lib\site-packages\httpx\_client.py:1674: in _send_handling_auth
    response = await self._send_handling_redirects(
venv\Lib\site-packages\httpx\_client.py:1711: in _send_handling_redirects
    response = await self._send_single_request(request)
               ^^^^^^^^^^^^^^^^^^^^^^^^^^^^^^^^^^^^^^^^
venv\Lib\site-packages\httpx\_client.py:1748: in _send_single_request
    response = await transport.handle_async_request(request)
               ^^^^^^^^^^^^^^^^^^^^^^^^^^^^^^^^^^^^^^^^^^^^^
venv\Lib\site-packages\httpx\_transports\asgi.py:162: in handle_async_request
    await self.app(scope, receive, send)
venv\Lib\site-packages\fastapi\applications.py:1054: in __call__
    await super().__call__(scope, receive, send)
venv\Lib\site-packages\starlette\applications.py:123: in __call__
    await self.middleware_stack(scope, receive, send)
venv\Lib\site-packages\starlette\middleware\errors.py:186: in __call__
    raise exc
venv\Lib\site-packages\starlette\middleware\errors.py:164: in __call__
    await self.app(scope, receive, _send)
venv\Lib\site-packages\starlette\middleware\cors.py:83: in __call__
    await self.app(scope, receive, send)
venv\Lib\site-packages\starlette\middleware\exceptions.py:62: in __call__
    await wrap_app_handling_exceptions(self.app, conn)(scope, receive, send)
venv\Lib\site-packages\starlette\_exception_handler.py:64: in wrapped_app
    raise exc
venv\Lib\site-packages\starlette\_exception_handler.py:53: in wrapped_app
    await app(scope, receive, sender)
venv\Lib\site-packages\starlette\routing.py:762: in __call__
    await self.middleware_stack(scope, receive, send)
venv\Lib\site-packages\starlette\routing.py:782: in app
    await route.handle(scope, receive, send)
venv\Lib\site-packages\starlette\routing.py:297: in handle
    await self.app(scope, receive, send)
venv\Lib\site-packages\starlette\routing.py:77: in app
    await wrap_app_handling_exceptions(app, request)(scope, receive, send)
venv\Lib\site-packages\starlette\_exception_handler.py:64: in wrapped_app
    raise exc
venv\Lib\site-packages\starlette\_exception_handler.py:53: in wrapped_app
    await app(scope, receive, sender)
venv\Lib\site-packages\starlette\routing.py:72: in app
    response = await func(request)
               ^^^^^^^^^^^^^^^^^^^
venv\Lib\site-packages\fastapi\routing.py:299: in app
    raise e
venv\Lib\site-packages\fastapi\routing.py:294: in app
    raw_response = await run_endpoint_function(
venv\Lib\site-packages\fastapi\routing.py:191: in run_endpoint_function
    return await dependant.call(**values)
           ^^^^^^^^^^^^^^^^^^^^^^^^^^^^^^
app\routers\auth.py:60: in register
    user = await user_service.create_user(
app\services\user_service.py:81: in create_user
    user = await user_repo.create(db, obj_in=user_in)
           ^^^^^^^^^^^^^^^^^^^^^^^^^^^^^^^^^^^^^^^^^^
app\repositories\base.py:60: in create
    await db.commit()
venv\Lib\site-packages\sqlalchemy\ext\asyncio\session.py:1011: in commit
    await greenlet_spawn(self.sync_session.commit)
venv\Lib\site-packages\sqlalchemy\util\_concurrency_py3k.py:202: in greenlet_spawn
    result = context.switch(value)
             ^^^^^^^^^^^^^^^^^^^^^
venv\Lib\site-packages\sqlalchemy\orm\session.py:1969: in commit
    trans.commit(_to_root=True)
<string>:2: in commit
    ???
venv\Lib\site-packages\sqlalchemy\orm\state_changes.py:139: in _go
    ret_value = fn(self, *arg, **kw)
                ^^^^^^^^^^^^^^^^^^^^
venv\Lib\site-packages\sqlalchemy\orm\session.py:1256: in commit
    self._prepare_impl()
<string>:2: in _prepare_impl
    ???
venv\Lib\site-packages\sqlalchemy\orm\state_changes.py:139: in _go
    ret_value = fn(self, *arg, **kw)
                ^^^^^^^^^^^^^^^^^^^^
venv\Lib\site-packages\sqlalchemy\orm\session.py:1231: in _prepare_impl
    self.session.flush()
venv\Lib\site-packages\sqlalchemy\orm\session.py:4312: in flush
    self._flush(objects)
venv\Lib\site-packages\sqlalchemy\orm\session.py:4447: in _flush
    with util.safe_reraise():
         ^^^^^^^^^^^^^^^^^^^
venv\Lib\site-packages\sqlalchemy\util\langhelpers.py:146: in __exit__
    raise exc_value.with_traceback(exc_tb)
venv\Lib\site-packages\sqlalchemy\orm\session.py:4408: in _flush
    flush_context.execute()
venv\Lib\site-packages\sqlalchemy\orm\unitofwork.py:466: in execute
    rec.execute(self)
venv\Lib\site-packages\sqlalchemy\orm\unitofwork.py:642: in execute
    util.preloaded.orm_persistence.save_obj(
venv\Lib\site-packages\sqlalchemy\orm\persistence.py:93: in save_obj
    _emit_insert_statements(
venv\Lib\site-packages\sqlalchemy\orm\persistence.py:1227: in _emit_insert_statements
    result = connection.execute(
venv\Lib\site-packages\sqlalchemy\engine\base.py:1416: in execute
    return meth(
venv\Lib\site-packages\sqlalchemy\sql\elements.py:517: in _execute_on_connection
    return connection._execute_clauseelement(
venv\Lib\site-packages\sqlalchemy\engine\base.py:1639: in _execute_clauseelement
    ret = self._execute_context(
venv\Lib\site-packages\sqlalchemy\engine\base.py:1820: in _execute_context
    self._handle_dbapi_exception(
venv\Lib\site-packages\sqlalchemy\engine\base.py:2344: in _handle_dbapi_exception
    raise sqlalchemy_exception.with_traceback(exc_info[2]) from e
venv\Lib\site-packages\sqlalchemy\engine\base.py:1814: in _execute_context
    context = constructor(
venv\Lib\site-packages\sqlalchemy\engine\default.py:1456: in _init_compiled
    flattened_processors[key](compiled_params[key])
_ _ _ _ _ _ _ _ _ _ _ _ _ _ _ _ _ _ _ _ _ _ _ _ _ _ _ _ _ _ _ _ _ _ _ _ _ _ _ _

value = '2026-03-19T14:44:51.048176'

    def process(value):
        if value is None:
            return None
        elif isinstance(value, datetime_datetime):
            return format_ % {
                "year": value.year,
                "month": value.month,
                "day": value.day,
                "hour": value.hour,
                "minute": value.minute,
                "second": value.second,
                "microsecond": value.microsecond,
            }
        elif isinstance(value, datetime_date):
            return format_ % {
                "year": value.year,
                "month": value.month,
                "day": value.day,
                "hour": 0,
                "minute": 0,
                "second": 0,
                "microsecond": 0,
            }
        else:
>           raise TypeError(
                "SQLite DateTime type only accepts Python "
                "datetime and date objects as input."
            )
E           sqlalchemy.exc.StatementError: (builtins.TypeError) SQLite DateTime type only accepts Python datetime and date objects as input.
E           [SQL: INSERT INTO users (tenant_id, username, email, full_name, password_hash, role, saldo_credito, is_active, created_at, last_login) VALUES (?, ?, ?, ?, ?, ?, ?, ?, ?, ?)]
E           [parameters: [{'username': 'credituser', 'full_name': 'Credit Test User', 'is_active': True, 'created_at': '2026-03-19T14:44:51.048176', 'saldo_credito': 0.0, 'pass ... (6 characters truncated) ... ash': 'f6d9f2113215503556c05651ee275cb386869e5d7286beb103f20bc390633d8e', 'role': 'SUPER_ADMIN', 'email': None, 'last_login': None, 'tenant_id': None}]]

venv\Lib\site-packages\sqlalchemy\dialects\sqlite\base.py:1068: StatementError
---------------------------- Captured stderr call -----------------------------
2026-03-19 11:44:51,051 - app.main - ERROR - Unhandled exception on POST /auth/register: (builtins.TypeError) SQLite DateTime type only accepts Python datetime and date objects as input.
[SQL: INSERT INTO users (tenant_id, username, email, full_name, password_hash, role, saldo_credito, is_active, created_at, last_login) VALUES (?, ?, ?, ?, ?, ?, ?, ?, ?, ?)]
[parameters: [{'username': 'credituser', 'full_name': 'Credit Test User', 'is_active': True, 'created_at': '2026-03-19T14:44:51.048176', 'saldo_credito': 0.0, 'pass ... (6 characters truncated) ... ash': 'f6d9f2113215503556c05651ee275cb386869e5d7286beb103f20bc390633d8e', 'role': 'SUPER_ADMIN', 'email': None, 'last_login': None, 'tenant_id': None}]]
Traceback (most recent call last):
  File "C:\Users\Kaue_Martins\Desktop\saka-delivery-kds\backend\venv\Lib\site-packages\sqlalchemy\engine\base.py", line 1814, in _execute_context
    context = constructor(
              ^^^^^^^^^^^^
  File "C:\Users\Kaue_Martins\Desktop\saka-delivery-kds\backend\venv\Lib\site-packages\sqlalchemy\engine\default.py", line 1456, in _init_compiled
    flattened_processors[key](compiled_params[key])
  File "C:\Users\Kaue_Martins\Desktop\saka-delivery-kds\backend\venv\Lib\site-packages\sqlalchemy\dialects\sqlite\base.py", line 1068, in process
    raise TypeError(
TypeError: SQLite DateTime type only accepts Python datetime and date objects as input.

The above exception was the direct cause of the following exception:

Traceback (most recent call last):
  File "C:\Users\Kaue_Martins\Desktop\saka-delivery-kds\backend\venv\Lib\site-packages\starlette\middleware\errors.py", line 164, in __call__
    await self.app(scope, receive, _send)
  File "C:\Users\Kaue_Martins\Desktop\saka-delivery-kds\backend\venv\Lib\site-packages\starlette\middleware\cors.py", line 83, in __call__
    await self.app(scope, receive, send)
  File "C:\Users\Kaue_Martins\Desktop\saka-delivery-kds\backend\venv\Lib\site-packages\starlette\middleware\exceptions.py", line 62, in __call__
    await wrap_app_handling_exceptions(self.app, conn)(scope, receive, send)
  File "C:\Users\Kaue_Martins\Desktop\saka-delivery-kds\backend\venv\Lib\site-packages\starlette\_exception_handler.py", line 64, in wrapped_app
    raise exc
  File "C:\Users\Kaue_Martins\Desktop\saka-delivery-kds\backend\venv\Lib\site-packages\starlette\_exception_handler.py", line 53, in wrapped_app
    await app(scope, receive, sender)
  File "C:\Users\Kaue_Martins\Desktop\saka-delivery-kds\backend\venv\Lib\site-packages\starlette\routing.py", line 762, in __call__
    await self.middleware_stack(scope, receive, send)
  File "C:\Users\Kaue_Martins\Desktop\saka-delivery-kds\backend\venv\Lib\site-packages\starlette\routing.py", line 782, in app
    await route.handle(scope, receive, send)
  File "C:\Users\Kaue_Martins\Desktop\saka-delivery-kds\backend\venv\Lib\site-packages\starlette\routing.py", line 297, in handle
    await self.app(scope, receive, send)
  File "C:\Users\Kaue_Martins\Desktop\saka-delivery-kds\backend\venv\Lib\site-packages\starlette\routing.py", line 77, in app
    await wrap_app_handling_exceptions(app, request)(scope, receive, send)
  File "C:\Users\Kaue_Martins\Desktop\saka-delivery-kds\backend\venv\Lib\site-packages\starlette\_exception_handler.py", line 64, in wrapped_app
    raise exc
  File "C:\Users\Kaue_Martins\Desktop\saka-delivery-kds\backend\venv\Lib\site-packages\starlette\_exception_handler.py", line 53, in wrapped_app
    await app(scope, receive, sender)
  File "C:\Users\Kaue_Martins\Desktop\saka-delivery-kds\backend\venv\Lib\site-packages\starlette\routing.py", line 72, in app
    response = await func(request)
               ^^^^^^^^^^^^^^^^^^^
  File "C:\Users\Kaue_Martins\Desktop\saka-delivery-kds\backend\venv\Lib\site-packages\fastapi\routing.py", line 299, in app
    raise e
  File "C:\Users\Kaue_Martins\Desktop\saka-delivery-kds\backend\venv\Lib\site-packages\fastapi\routing.py", line 294, in app
    raw_response = await run_endpoint_function(
                   ^^^^^^^^^^^^^^^^^^^^^^^^^^^^
  File "C:\Users\Kaue_Martins\Desktop\saka-delivery-kds\backend\venv\Lib\site-packages\fastapi\routing.py", line 191, in run_endpoint_function
    return await dependant.call(**values)
           ^^^^^^^^^^^^^^^^^^^^^^^^^^^^^^
  File "C:\Users\Kaue_Martins\Desktop\saka-delivery-kds\backend\app\routers\auth.py", line 60, in register
    user = await user_service.create_user(
           ^^^^^^^^^^^^^^^^^^^^^^^^^^^^^^^
  File "C:\Users\Kaue_Martins\Desktop\saka-delivery-kds\backend\app\services\user_service.py", line 81, in create_user
    user = await user_repo.create(db, obj_in=user_in)
           ^^^^^^^^^^^^^^^^^^^^^^^^^^^^^^^^^^^^^^^^^^
  File "C:\Users\Kaue_Martins\Desktop\saka-delivery-kds\backend\app\repositories\base.py", line 60, in create
    await db.commit()
  File "C:\Users\Kaue_Martins\Desktop\saka-delivery-kds\backend\venv\Lib\site-packages\sqlalchemy\ext\asyncio\session.py", line 1011, in commit
    await greenlet_spawn(self.sync_session.commit)
  File "C:\Users\Kaue_Martins\Desktop\saka-delivery-kds\backend\venv\Lib\site-packages\sqlalchemy\util\_concurrency_py3k.py", line 202, in greenlet_spawn
    result = context.switch(value)
             ^^^^^^^^^^^^^^^^^^^^^
  File "C:\Users\Kaue_Martins\Desktop\saka-delivery-kds\backend\venv\Lib\site-packages\sqlalchemy\orm\session.py", line 1969, in commit
    trans.commit(_to_root=True)
  File "<string>", line 2, in commit
  File "C:\Users\Kaue_Martins\Desktop\saka-delivery-kds\backend\venv\Lib\site-packages\sqlalchemy\orm\state_changes.py", line 139, in _go
    ret_value = fn(self, *arg, **kw)
                ^^^^^^^^^^^^^^^^^^^^
  File "C:\Users\Kaue_Martins\Desktop\saka-delivery-kds\backend\venv\Lib\site-packages\sqlalchemy\orm\session.py", line 1256, in commit
    self._prepare_impl()
  File "<string>", line 2, in _prepare_impl
  File "C:\Users\Kaue_Martins\Desktop\saka-delivery-kds\backend\venv\Lib\site-packages\sqlalchemy\orm\state_changes.py", line 139, in _go
    ret_value = fn(self, *arg, **kw)
                ^^^^^^^^^^^^^^^^^^^^
  File "C:\Users\Kaue_Martins\Desktop\saka-delivery-kds\backend\venv\Lib\site-packages\sqlalchemy\orm\session.py", line 1231, in _prepare_impl
    self.session.flush()
  File "C:\Users\Kaue_Martins\Desktop\saka-delivery-kds\backend\venv\Lib\site-packages\sqlalchemy\orm\session.py", line 4312, in flush
    self._flush(objects)
  File "C:\Users\Kaue_Martins\Desktop\saka-delivery-kds\backend\venv\Lib\site-packages\sqlalchemy\orm\session.py", line 4447, in _flush
    with util.safe_reraise():
         ^^^^^^^^^^^^^^^^^^^
  File "C:\Users\Kaue_Martins\Desktop\saka-delivery-kds\backend\venv\Lib\site-packages\sqlalchemy\util\langhelpers.py", line 146, in __exit__
    raise exc_value.with_traceback(exc_tb)
  File "C:\Users\Kaue_Martins\Desktop\saka-delivery-kds\backend\venv\Lib\site-packages\sqlalchemy\orm\session.py", line 4408, in _flush
    flush_context.execute()
  File "C:\Users\Kaue_Martins\Desktop\saka-delivery-kds\backend\venv\Lib\site-packages\sqlalchemy\orm\unitofwork.py", line 466, in execute
    rec.execute(self)
  File "C:\Users\Kaue_Martins\Desktop\saka-delivery-kds\backend\venv\Lib\site-packages\sqlalchemy\orm\unitofwork.py", line 642, in execute
    util.preloaded.orm_persistence.save_obj(
  File "C:\Users\Kaue_Martins\Desktop\saka-delivery-kds\backend\venv\Lib\site-packages\sqlalchemy\orm\persistence.py", line 93, in save_obj
    _emit_insert_statements(
  File "C:\Users\Kaue_Martins\Desktop\saka-delivery-kds\backend\venv\Lib\site-packages\sqlalchemy\orm\persistence.py", line 1227, in _emit_insert_statements
    result = connection.execute(
             ^^^^^^^^^^^^^^^^^^^
  File "C:\Users\Kaue_Martins\Desktop\saka-delivery-kds\backend\venv\Lib\site-packages\sqlalchemy\engine\base.py", line 1416, in execute
    return meth(
           ^^^^^
  File "C:\Users\Kaue_Martins\Desktop\saka-delivery-kds\backend\venv\Lib\site-packages\sqlalchemy\sql\elements.py", line 517, in _execute_on_connection
    return connection._execute_clauseelement(
           ^^^^^^^^^^^^^^^^^^^^^^^^^^^^^^^^^^
  File "C:\Users\Kaue_Martins\Desktop\saka-delivery-kds\backend\venv\Lib\site-packages\sqlalchemy\engine\base.py", line 1639, in _execute_clauseelement
    ret = self._execute_context(
          ^^^^^^^^^^^^^^^^^^^^^^
  File "C:\Users\Kaue_Martins\Desktop\saka-delivery-kds\backend\venv\Lib\site-packages\sqlalchemy\engine\base.py", line 1820, in _execute_context
    self._handle_dbapi_exception(
  File "C:\Users\Kaue_Martins\Desktop\saka-delivery-kds\backend\venv\Lib\site-packages\sqlalchemy\engine\base.py", line 2344, in _handle_dbapi_exception
    raise sqlalchemy_exception.with_traceback(exc_info[2]) from e
  File "C:\Users\Kaue_Martins\Desktop\saka-delivery-kds\backend\venv\Lib\site-packages\sqlalchemy\engine\base.py", line 1814, in _execute_context
    context = constructor(
              ^^^^^^^^^^^^
  File "C:\Users\Kaue_Martins\Desktop\saka-delivery-kds\backend\venv\Lib\site-packages\sqlalchemy\engine\default.py", line 1456, in _init_compiled
    flattened_processors[key](compiled_params[key])
  File "C:\Users\Kaue_Martins\Desktop\saka-delivery-kds\backend\venv\Lib\site-packages\sqlalchemy\dialects\sqlite\base.py", line 1068, in process
    raise TypeError(
sqlalchemy.exc.StatementError: (builtins.TypeError) SQLite DateTime type only accepts Python datetime and date objects as input.
[SQL: INSERT INTO users (tenant_id, username, email, full_name, password_hash, role, saldo_credito, is_active, created_at, last_login) VALUES (?, ?, ?, ?, ?, ?, ?, ?, ?, ?)]
[parameters: [{'username': 'credituser', 'full_name': 'Credit Test User', 'is_active': True, 'created_at': '2026-03-19T14:44:51.048176', 'saldo_credito': 0.0, 'pass ... (6 characters truncated) ... ash': 'f6d9f2113215503556c05651ee275cb386869e5d7286beb103f20bc390633d8e', 'role': 'SUPER_ADMIN', 'email': None, 'last_login': None, 'tenant_id': None}]]
------------------------------ Captured log call ------------------------------
ERROR    app.main:main.py:101 Unhandled exception on POST /auth/register: (builtins.TypeError) SQLite DateTime type only accepts Python datetime and date objects as input.
[SQL: INSERT INTO users (tenant_id, username, email, full_name, password_hash, role, saldo_credito, is_active, created_at, last_login) VALUES (?, ?, ?, ?, ?, ?, ?, ?, ?, ?)]
[parameters: [{'username': 'credituser', 'full_name': 'Credit Test User', 'is_active': True, 'created_at': '2026-03-19T14:44:51.048176', 'saldo_credito': 0.0, 'pass ... (6 characters truncated) ... ash': 'f6d9f2113215503556c05651ee275cb386869e5d7286beb103f20bc390633d8e', 'role': 'SUPER_ADMIN', 'email': None, 'last_login': None, 'tenant_id': None}]]
Traceback (most recent call last):
  File "C:\Users\Kaue_Martins\Desktop\saka-delivery-kds\backend\venv\Lib\site-packages\sqlalchemy\engine\base.py", line 1814, in _execute_context
    context = constructor(
              ^^^^^^^^^^^^
  File "C:\Users\Kaue_Martins\Desktop\saka-delivery-kds\backend\venv\Lib\site-packages\sqlalchemy\engine\default.py", line 1456, in _init_compiled
    flattened_processors[key](compiled_params[key])
  File "C:\Users\Kaue_Martins\Desktop\saka-delivery-kds\backend\venv\Lib\site-packages\sqlalchemy\dialects\sqlite\base.py", line 1068, in process
    raise TypeError(
TypeError: SQLite DateTime type only accepts Python datetime and date objects as input.

The above exception was the direct cause of the following exception:

Traceback (most recent call last):
  File "C:\Users\Kaue_Martins\Desktop\saka-delivery-kds\backend\venv\Lib\site-packages\starlette\middleware\errors.py", line 164, in __call__
    await self.app(scope, receive, _send)
  File "C:\Users\Kaue_Martins\Desktop\saka-delivery-kds\backend\venv\Lib\site-packages\starlette\middleware\cors.py", line 83, in __call__
    await self.app(scope, receive, send)
  File "C:\Users\Kaue_Martins\Desktop\saka-delivery-kds\backend\venv\Lib\site-packages\starlette\middleware\exceptions.py", line 62, in __call__
    await wrap_app_handling_exceptions(self.app, conn)(scope, receive, send)
  File "C:\Users\Kaue_Martins\Desktop\saka-delivery-kds\backend\venv\Lib\site-packages\starlette\_exception_handler.py", line 64, in wrapped_app
    raise exc
  File "C:\Users\Kaue_Martins\Desktop\saka-delivery-kds\backend\venv\Lib\site-packages\starlette\_exception_handler.py", line 53, in wrapped_app
    await app(scope, receive, sender)
  File "C:\Users\Kaue_Martins\Desktop\saka-delivery-kds\backend\venv\Lib\site-packages\starlette\routing.py", line 762, in __call__
    await self.middleware_stack(scope, receive, send)
  File "C:\Users\Kaue_Martins\Desktop\saka-delivery-kds\backend\venv\Lib\site-packages\starlette\routing.py", line 782, in app
    await route.handle(scope, receive, send)
  File "C:\Users\Kaue_Martins\Desktop\saka-delivery-kds\backend\venv\Lib\site-packages\starlette\routing.py", line 297, in handle
    await self.app(scope, receive, send)
  File "C:\Users\Kaue_Martins\Desktop\saka-delivery-kds\backend\venv\Lib\site-packages\starlette\routing.py", line 77, in app
    await wrap_app_handling_exceptions(app, request)(scope, receive, send)
  File "C:\Users\Kaue_Martins\Desktop\saka-delivery-kds\backend\venv\Lib\site-packages\starlette\_exception_handler.py", line 64, in wrapped_app
    raise exc
  File "C:\Users\Kaue_Martins\Desktop\saka-delivery-kds\backend\venv\Lib\site-packages\starlette\_exception_handler.py", line 53, in wrapped_app
    await app(scope, receive, sender)
  File "C:\Users\Kaue_Martins\Desktop\saka-delivery-kds\backend\venv\Lib\site-packages\starlette\routing.py", line 72, in app
    response = await func(request)
               ^^^^^^^^^^^^^^^^^^^
  File "C:\Users\Kaue_Martins\Desktop\saka-delivery-kds\backend\venv\Lib\site-packages\fastapi\routing.py", line 299, in app
    raise e
  File "C:\Users\Kaue_Martins\Desktop\saka-delivery-kds\backend\venv\Lib\site-packages\fastapi\routing.py", line 294, in app
    raw_response = await run_endpoint_function(
                   ^^^^^^^^^^^^^^^^^^^^^^^^^^^^
  File "C:\Users\Kaue_Martins\Desktop\saka-delivery-kds\backend\venv\Lib\site-packages\fastapi\routing.py", line 191, in run_endpoint_function
    return await dependant.call(**values)
           ^^^^^^^^^^^^^^^^^^^^^^^^^^^^^^
  File "C:\Users\Kaue_Martins\Desktop\saka-delivery-kds\backend\app\routers\auth.py", line 60, in register
    user = await user_service.create_user(
           ^^^^^^^^^^^^^^^^^^^^^^^^^^^^^^^
  File "C:\Users\Kaue_Martins\Desktop\saka-delivery-kds\backend\app\services\user_service.py", line 81, in create_user
    user = await user_repo.create(db, obj_in=user_in)
           ^^^^^^^^^^^^^^^^^^^^^^^^^^^^^^^^^^^^^^^^^^
  File "C:\Users\Kaue_Martins\Desktop\saka-delivery-kds\backend\app\repositories\base.py", line 60, in create
    await db.commit()
  File "C:\Users\Kaue_Martins\Desktop\saka-delivery-kds\backend\venv\Lib\site-packages\sqlalchemy\ext\asyncio\session.py", line 1011, in commit
    await greenlet_spawn(self.sync_session.commit)
  File "C:\Users\Kaue_Martins\Desktop\saka-delivery-kds\backend\venv\Lib\site-packages\sqlalchemy\util\_concurrency_py3k.py", line 202, in greenlet_spawn
    result = context.switch(value)
             ^^^^^^^^^^^^^^^^^^^^^
  File "C:\Users\Kaue_Martins\Desktop\saka-delivery-kds\backend\venv\Lib\site-packages\sqlalchemy\orm\session.py", line 1969, in commit
    trans.commit(_to_root=True)
  File "<string>", line 2, in commit
  File "C:\Users\Kaue_Martins\Desktop\saka-delivery-kds\backend\venv\Lib\site-packages\sqlalchemy\orm\state_changes.py", line 139, in _go
    ret_value = fn(self, *arg, **kw)
                ^^^^^^^^^^^^^^^^^^^^
  File "C:\Users\Kaue_Martins\Desktop\saka-delivery-kds\backend\venv\Lib\site-packages\sqlalchemy\orm\session.py", line 1256, in commit
    self._prepare_impl()
  File "<string>", line 2, in _prepare_impl
  File "C:\Users\Kaue_Martins\Desktop\saka-delivery-kds\backend\venv\Lib\site-packages\sqlalchemy\orm\state_changes.py", line 139, in _go
    ret_value = fn(self, *arg, **kw)
                ^^^^^^^^^^^^^^^^^^^^
  File "C:\Users\Kaue_Martins\Desktop\saka-delivery-kds\backend\venv\Lib\site-packages\sqlalchemy\orm\session.py", line 1231, in _prepare_impl
    self.session.flush()
  File "C:\Users\Kaue_Martins\Desktop\saka-delivery-kds\backend\venv\Lib\site-packages\sqlalchemy\orm\session.py", line 4312, in flush
    self._flush(objects)
  File "C:\Users\Kaue_Martins\Desktop\saka-delivery-kds\backend\venv\Lib\site-packages\sqlalchemy\orm\session.py", line 4447, in _flush
    with util.safe_reraise():
         ^^^^^^^^^^^^^^^^^^^
  File "C:\Users\Kaue_Martins\Desktop\saka-delivery-kds\backend\venv\Lib\site-packages\sqlalchemy\util\langhelpers.py", line 146, in __exit__
    raise exc_value.with_traceback(exc_tb)
  File "C:\Users\Kaue_Martins\Desktop\saka-delivery-kds\backend\venv\Lib\site-packages\sqlalchemy\orm\session.py", line 4408, in _flush
    flush_context.execute()
  File "C:\Users\Kaue_Martins\Desktop\saka-delivery-kds\backend\venv\Lib\site-packages\sqlalchemy\orm\unitofwork.py", line 466, in execute
    rec.execute(self)
  File "C:\Users\Kaue_Martins\Desktop\saka-delivery-kds\backend\venv\Lib\site-packages\sqlalchemy\orm\unitofwork.py", line 642, in execute
    util.preloaded.orm_persistence.save_obj(
  File "C:\Users\Kaue_Martins\Desktop\saka-delivery-kds\backend\venv\Lib\site-packages\sqlalchemy\orm\persistence.py", line 93, in save_obj
    _emit_insert_statements(
  File "C:\Users\Kaue_Martins\Desktop\saka-delivery-kds\backend\venv\Lib\site-packages\sqlalchemy\orm\persistence.py", line 1227, in _emit_insert_statements
    result = connection.execute(
             ^^^^^^^^^^^^^^^^^^^
  File "C:\Users\Kaue_Martins\Desktop\saka-delivery-kds\backend\venv\Lib\site-packages\sqlalchemy\engine\base.py", line 1416, in execute
    return meth(
           ^^^^^
  File "C:\Users\Kaue_Martins\Desktop\saka-delivery-kds\backend\venv\Lib\site-packages\sqlalchemy\sql\elements.py", line 517, in _execute_on_connection
    return connection._execute_clauseelement(
           ^^^^^^^^^^^^^^^^^^^^^^^^^^^^^^^^^^
  File "C:\Users\Kaue_Martins\Desktop\saka-delivery-kds\backend\venv\Lib\site-packages\sqlalchemy\engine\base.py", line 1639, in _execute_clauseelement
    ret = self._execute_context(
          ^^^^^^^^^^^^^^^^^^^^^^
  File "C:\Users\Kaue_Martins\Desktop\saka-delivery-kds\backend\venv\Lib\site-packages\sqlalchemy\engine\base.py", line 1820, in _execute_context
    self._handle_dbapi_exception(
  File "C:\Users\Kaue_Martins\Desktop\saka-delivery-kds\backend\venv\Lib\site-packages\sqlalchemy\engine\base.py", line 2344, in _handle_dbapi_exception
    raise sqlalchemy_exception.with_traceback(exc_info[2]) from e
  File "C:\Users\Kaue_Martins\Desktop\saka-delivery-kds\backend\venv\Lib\site-packages\sqlalchemy\engine\base.py", line 1814, in _execute_context
    context = constructor(
              ^^^^^^^^^^^^
  File "C:\Users\Kaue_Martins\Desktop\saka-delivery-kds\backend\venv\Lib\site-packages\sqlalchemy\engine\default.py", line 1456, in _init_compiled
    flattened_processors[key](compiled_params[key])
  File "C:\Users\Kaue_Martins\Desktop\saka-delivery-kds\backend\venv\Lib\site-packages\sqlalchemy\dialects\sqlite\base.py", line 1068, in process
    raise TypeError(
sqlalchemy.exc.StatementError: (builtins.TypeError) SQLite DateTime type only accepts Python datetime and date objects as input.
[SQL: INSERT INTO users (tenant_id, username, email, full_name, password_hash, role, saldo_credito, is_active, created_at, last_login) VALUES (?, ?, ?, ?, ?, ?, ?, ?, ?, ?)]
[parameters: [{'username': 'credituser', 'full_name': 'Credit Test User', 'is_active': True, 'created_at': '2026-03-19T14:44:51.048176', 'saldo_credito': 0.0, 'pass ... (6 characters truncated) ... ash': 'f6d9f2113215503556c05651ee275cb386869e5d7286beb103f20bc390633d8e', 'role': 'SUPER_ADMIN', 'email': None, 'last_login': None, 'tenant_id': None}]]
__________________________ test_repasse_mensal_empty __________________________

self = <sqlalchemy.engine.base.Connection object at 0x000001A19FF77FE0>
dialect = <sqlalchemy.dialects.sqlite.aiosqlite.SQLiteDialect_aiosqlite object at 0x000001A19FF76A80>
constructor = <bound method DefaultExecutionContext._init_compiled of <class 'sqlalchemy.dialects.sqlite.aiosqlite.SQLiteExecutionContext_aiosqlite'>>
statement = <sqlalchemy.dialects.sqlite.base.SQLiteCompiler object at 0x000001A19FF75190>
parameters = [{'created_at': '2026-03-19T14:44:53.248826', 'email': None, 'full_name': 'Empty User', 'is_active': True, ...}]
execution_options = immutabledict({'compiled_cache': <sqlalchemy.util._collections.LRUCache object at 0x000001A19EA22FC0>})
args = (<sqlalchemy.dialects.sqlite.base.SQLiteCompiler object at 0x000001A19FF75190>, [{'created_at': '2026-03-19T14:44:53.2...one, 'full_name': 'Empty User', 'is_active': True, ...}], <sqlalchemy.sql.dml.Insert object at 0x000001A19E946E40>, [])
kw = {'cache_hit': <CacheStats.CACHE_MISS: 1>}, yp = None
conn = <sqlalchemy.pool.base._ConnectionFairy object at 0x000001A19ED70FB0>

    def _execute_context(
        self,
        dialect: Dialect,
        constructor: Callable[..., ExecutionContext],
        statement: Union[str, Compiled],
        parameters: Optional[_AnyMultiExecuteParams],
        execution_options: _ExecuteOptions,
        *args: Any,
        **kw: Any,
    ) -> CursorResult[Any]:
        """Create an :class:`.ExecutionContext` and execute, returning
        a :class:`_engine.CursorResult`."""
    
        if execution_options:
            yp = execution_options.get("yield_per", None)
            if yp:
                execution_options = execution_options.union(
                    {"stream_results": True, "max_row_buffer": yp}
                )
        try:
            conn = self._dbapi_connection
            if conn is None:
                conn = self._revalidate_connection()
    
>           context = constructor(
                dialect, self, conn, execution_options, *args, **kw
            )

venv\Lib\site-packages\sqlalchemy\engine\base.py:1814: 
_ _ _ _ _ _ _ _ _ _ _ _ _ _ _ _ _ _ _ _ _ _ _ _ _ _ _ _ _ _ _ _ _ _ _ _ _ _ _ _
venv\Lib\site-packages\sqlalchemy\engine\default.py:1456: in _init_compiled
    flattened_processors[key](compiled_params[key])
_ _ _ _ _ _ _ _ _ _ _ _ _ _ _ _ _ _ _ _ _ _ _ _ _ _ _ _ _ _ _ _ _ _ _ _ _ _ _ _

value = '2026-03-19T14:44:53.248826'

    def process(value):
        if value is None:
            return None
        elif isinstance(value, datetime_datetime):
            return format_ % {
                "year": value.year,
                "month": value.month,
                "day": value.day,
                "hour": value.hour,
                "minute": value.minute,
                "second": value.second,
                "microsecond": value.microsecond,
            }
        elif isinstance(value, datetime_date):
            return format_ % {
                "year": value.year,
                "month": value.month,
                "day": value.day,
                "hour": 0,
                "minute": 0,
                "second": 0,
                "microsecond": 0,
            }
        else:
>           raise TypeError(
                "SQLite DateTime type only accepts Python "
                "datetime and date objects as input."
            )
E           TypeError: SQLite DateTime type only accepts Python datetime and date objects as input.

venv\Lib\site-packages\sqlalchemy\dialects\sqlite\base.py:1068: TypeError

The above exception was the direct cause of the following exception:

client = <httpx.AsyncClient object at 0x000001A19FF8E870>

    @pytest.mark.asyncio
    async def test_repasse_mensal_empty(client: AsyncClient):
        """Testa relatório mensal sem repasses."""
>       await client.post("/auth/register", json={
            "username": "emptyuser",
            "full_name": "Empty User",
            "password": "test123",
            "role": "SUPER_ADMIN"
        })

tests\test_repasse.py:30: 
_ _ _ _ _ _ _ _ _ _ _ _ _ _ _ _ _ _ _ _ _ _ _ _ _ _ _ _ _ _ _ _ _ _ _ _ _ _ _ _
venv\Lib\site-packages\httpx\_client.py:1877: in post
    return await self.request(
venv\Lib\site-packages\httpx\_client.py:1559: in request
    return await self.send(request, auth=auth, follow_redirects=follow_redirects)
           ^^^^^^^^^^^^^^^^^^^^^^^^^^^^^^^^^^^^^^^^^^^^^^^^^^^^^^^^^^^^^^^^^^^^^^
venv\Lib\site-packages\httpx\_client.py:1646: in send
    response = await self._send_handling_auth(
venv\Lib\site-packages\httpx\_client.py:1674: in _send_handling_auth
    response = await self._send_handling_redirects(
venv\Lib\site-packages\httpx\_client.py:1711: in _send_handling_redirects
    response = await self._send_single_request(request)
               ^^^^^^^^^^^^^^^^^^^^^^^^^^^^^^^^^^^^^^^^
venv\Lib\site-packages\httpx\_client.py:1748: in _send_single_request
    response = await transport.handle_async_request(request)
               ^^^^^^^^^^^^^^^^^^^^^^^^^^^^^^^^^^^^^^^^^^^^^
venv\Lib\site-packages\httpx\_transports\asgi.py:162: in handle_async_request
    await self.app(scope, receive, send)
venv\Lib\site-packages\fastapi\applications.py:1054: in __call__
    await super().__call__(scope, receive, send)
venv\Lib\site-packages\starlette\applications.py:123: in __call__
    await self.middleware_stack(scope, receive, send)
venv\Lib\site-packages\starlette\middleware\errors.py:186: in __call__
    raise exc
venv\Lib\site-packages\starlette\middleware\errors.py:164: in __call__
    await self.app(scope, receive, _send)
venv\Lib\site-packages\starlette\middleware\cors.py:83: in __call__
    await self.app(scope, receive, send)
venv\Lib\site-packages\starlette\middleware\exceptions.py:62: in __call__
    await wrap_app_handling_exceptions(self.app, conn)(scope, receive, send)
venv\Lib\site-packages\starlette\_exception_handler.py:64: in wrapped_app
    raise exc
venv\Lib\site-packages\starlette\_exception_handler.py:53: in wrapped_app
    await app(scope, receive, sender)
venv\Lib\site-packages\starlette\routing.py:762: in __call__
    await self.middleware_stack(scope, receive, send)
venv\Lib\site-packages\starlette\routing.py:782: in app
    await route.handle(scope, receive, send)
venv\Lib\site-packages\starlette\routing.py:297: in handle
    await self.app(scope, receive, send)
venv\Lib\site-packages\starlette\routing.py:77: in app
    await wrap_app_handling_exceptions(app, request)(scope, receive, send)
venv\Lib\site-packages\starlette\_exception_handler.py:64: in wrapped_app
    raise exc
venv\Lib\site-packages\starlette\_exception_handler.py:53: in wrapped_app
    await app(scope, receive, sender)
venv\Lib\site-packages\starlette\routing.py:72: in app
    response = await func(request)
               ^^^^^^^^^^^^^^^^^^^
venv\Lib\site-packages\fastapi\routing.py:299: in app
    raise e
venv\Lib\site-packages\fastapi\routing.py:294: in app
    raw_response = await run_endpoint_function(
venv\Lib\site-packages\fastapi\routing.py:191: in run_endpoint_function
    return await dependant.call(**values)
           ^^^^^^^^^^^^^^^^^^^^^^^^^^^^^^
app\routers\auth.py:60: in register
    user = await user_service.create_user(
app\services\user_service.py:81: in create_user
    user = await user_repo.create(db, obj_in=user_in)
           ^^^^^^^^^^^^^^^^^^^^^^^^^^^^^^^^^^^^^^^^^^
app\repositories\base.py:60: in create
    await db.commit()
venv\Lib\site-packages\sqlalchemy\ext\asyncio\session.py:1011: in commit
    await greenlet_spawn(self.sync_session.commit)
venv\Lib\site-packages\sqlalchemy\util\_concurrency_py3k.py:202: in greenlet_spawn
    result = context.switch(value)
             ^^^^^^^^^^^^^^^^^^^^^
venv\Lib\site-packages\sqlalchemy\orm\session.py:1969: in commit
    trans.commit(_to_root=True)
<string>:2: in commit
    ???
venv\Lib\site-packages\sqlalchemy\orm\state_changes.py:139: in _go
    ret_value = fn(self, *arg, **kw)
                ^^^^^^^^^^^^^^^^^^^^
venv\Lib\site-packages\sqlalchemy\orm\session.py:1256: in commit
    self._prepare_impl()
<string>:2: in _prepare_impl
    ???
venv\Lib\site-packages\sqlalchemy\orm\state_changes.py:139: in _go
    ret_value = fn(self, *arg, **kw)
                ^^^^^^^^^^^^^^^^^^^^
venv\Lib\site-packages\sqlalchemy\orm\session.py:1231: in _prepare_impl
    self.session.flush()
venv\Lib\site-packages\sqlalchemy\orm\session.py:4312: in flush
    self._flush(objects)
venv\Lib\site-packages\sqlalchemy\orm\session.py:4447: in _flush
    with util.safe_reraise():
         ^^^^^^^^^^^^^^^^^^^
venv\Lib\site-packages\sqlalchemy\util\langhelpers.py:146: in __exit__
    raise exc_value.with_traceback(exc_tb)
venv\Lib\site-packages\sqlalchemy\orm\session.py:4408: in _flush
    flush_context.execute()
venv\Lib\site-packages\sqlalchemy\orm\unitofwork.py:466: in execute
    rec.execute(self)
venv\Lib\site-packages\sqlalchemy\orm\unitofwork.py:642: in execute
    util.preloaded.orm_persistence.save_obj(
venv\Lib\site-packages\sqlalchemy\orm\persistence.py:93: in save_obj
    _emit_insert_statements(
venv\Lib\site-packages\sqlalchemy\orm\persistence.py:1227: in _emit_insert_statements
    result = connection.execute(
venv\Lib\site-packages\sqlalchemy\engine\base.py:1416: in execute
    return meth(
venv\Lib\site-packages\sqlalchemy\sql\elements.py:517: in _execute_on_connection
    return connection._execute_clauseelement(
venv\Lib\site-packages\sqlalchemy\engine\base.py:1639: in _execute_clauseelement
    ret = self._execute_context(
venv\Lib\site-packages\sqlalchemy\engine\base.py:1820: in _execute_context
    self._handle_dbapi_exception(
venv\Lib\site-packages\sqlalchemy\engine\base.py:2344: in _handle_dbapi_exception
    raise sqlalchemy_exception.with_traceback(exc_info[2]) from e
venv\Lib\site-packages\sqlalchemy\engine\base.py:1814: in _execute_context
    context = constructor(
venv\Lib\site-packages\sqlalchemy\engine\default.py:1456: in _init_compiled
    flattened_processors[key](compiled_params[key])
_ _ _ _ _ _ _ _ _ _ _ _ _ _ _ _ _ _ _ _ _ _ _ _ _ _ _ _ _ _ _ _ _ _ _ _ _ _ _ _

value = '2026-03-19T14:44:53.248826'

    def process(value):
        if value is None:
            return None
        elif isinstance(value, datetime_datetime):
            return format_ % {
                "year": value.year,
                "month": value.month,
                "day": value.day,
                "hour": value.hour,
                "minute": value.minute,
                "second": value.second,
                "microsecond": value.microsecond,
            }
        elif isinstance(value, datetime_date):
            return format_ % {
                "year": value.year,
                "month": value.month,
                "day": value.day,
                "hour": 0,
                "minute": 0,
                "second": 0,
                "microsecond": 0,
            }
        else:
>           raise TypeError(
                "SQLite DateTime type only accepts Python "
                "datetime and date objects as input."
            )
E           sqlalchemy.exc.StatementError: (builtins.TypeError) SQLite DateTime type only accepts Python datetime and date objects as input.
E           [SQL: INSERT INTO users (tenant_id, username, email, full_name, password_hash, role, saldo_credito, is_active, created_at, last_login) VALUES (?, ?, ?, ?, ?, ?, ?, ?, ?, ?)]
E           [parameters: [{'username': 'emptyuser', 'full_name': 'Empty User', 'is_active': True, 'created_at': '2026-03-19T14:44:53.248826', 'saldo_credito': 0.0, 'password_hash': 'f6d9f2113215503556c05651ee275cb386869e5d7286beb103f20bc390633d8e', 'role': 'SUPER_ADMIN', 'email': None, 'last_login': None, 'tenant_id': None}]]

venv\Lib\site-packages\sqlalchemy\dialects\sqlite\base.py:1068: StatementError
---------------------------- Captured stderr call -----------------------------
2026-03-19 11:44:53,250 - app.main - ERROR - Unhandled exception on POST /auth/register: (builtins.TypeError) SQLite DateTime type only accepts Python datetime and date objects as input.
[SQL: INSERT INTO users (tenant_id, username, email, full_name, password_hash, role, saldo_credito, is_active, created_at, last_login) VALUES (?, ?, ?, ?, ?, ?, ?, ?, ?, ?)]
[parameters: [{'username': 'emptyuser', 'full_name': 'Empty User', 'is_active': True, 'created_at': '2026-03-19T14:44:53.248826', 'saldo_credito': 0.0, 'password_hash': 'f6d9f2113215503556c05651ee275cb386869e5d7286beb103f20bc390633d8e', 'role': 'SUPER_ADMIN', 'email': None, 'last_login': None, 'tenant_id': None}]]
Traceback (most recent call last):
  File "C:\Users\Kaue_Martins\Desktop\saka-delivery-kds\backend\venv\Lib\site-packages\sqlalchemy\engine\base.py", line 1814, in _execute_context
    context = constructor(
              ^^^^^^^^^^^^
  File "C:\Users\Kaue_Martins\Desktop\saka-delivery-kds\backend\venv\Lib\site-packages\sqlalchemy\engine\default.py", line 1456, in _init_compiled
    flattened_processors[key](compiled_params[key])
  File "C:\Users\Kaue_Martins\Desktop\saka-delivery-kds\backend\venv\Lib\site-packages\sqlalchemy\dialects\sqlite\base.py", line 1068, in process
    raise TypeError(
TypeError: SQLite DateTime type only accepts Python datetime and date objects as input.

The above exception was the direct cause of the following exception:

Traceback (most recent call last):
  File "C:\Users\Kaue_Martins\Desktop\saka-delivery-kds\backend\venv\Lib\site-packages\starlette\middleware\errors.py", line 164, in __call__
    await self.app(scope, receive, _send)
  File "C:\Users\Kaue_Martins\Desktop\saka-delivery-kds\backend\venv\Lib\site-packages\starlette\middleware\cors.py", line 83, in __call__
    await self.app(scope, receive, send)
  File "C:\Users\Kaue_Martins\Desktop\saka-delivery-kds\backend\venv\Lib\site-packages\starlette\middleware\exceptions.py", line 62, in __call__
    await wrap_app_handling_exceptions(self.app, conn)(scope, receive, send)
  File "C:\Users\Kaue_Martins\Desktop\saka-delivery-kds\backend\venv\Lib\site-packages\starlette\_exception_handler.py", line 64, in wrapped_app
    raise exc
  File "C:\Users\Kaue_Martins\Desktop\saka-delivery-kds\backend\venv\Lib\site-packages\starlette\_exception_handler.py", line 53, in wrapped_app
    await app(scope, receive, sender)
  File "C:\Users\Kaue_Martins\Desktop\saka-delivery-kds\backend\venv\Lib\site-packages\starlette\routing.py", line 762, in __call__
    await self.middleware_stack(scope, receive, send)
  File "C:\Users\Kaue_Martins\Desktop\saka-delivery-kds\backend\venv\Lib\site-packages\starlette\routing.py", line 782, in app
    await route.handle(scope, receive, send)
  File "C:\Users\Kaue_Martins\Desktop\saka-delivery-kds\backend\venv\Lib\site-packages\starlette\routing.py", line 297, in handle
    await self.app(scope, receive, send)
  File "C:\Users\Kaue_Martins\Desktop\saka-delivery-kds\backend\venv\Lib\site-packages\starlette\routing.py", line 77, in app
    await wrap_app_handling_exceptions(app, request)(scope, receive, send)
  File "C:\Users\Kaue_Martins\Desktop\saka-delivery-kds\backend\venv\Lib\site-packages\starlette\_exception_handler.py", line 64, in wrapped_app
    raise exc
  File "C:\Users\Kaue_Martins\Desktop\saka-delivery-kds\backend\venv\Lib\site-packages\starlette\_exception_handler.py", line 53, in wrapped_app
    await app(scope, receive, sender)
  File "C:\Users\Kaue_Martins\Desktop\saka-delivery-kds\backend\venv\Lib\site-packages\starlette\routing.py", line 72, in app
    response = await func(request)
               ^^^^^^^^^^^^^^^^^^^
  File "C:\Users\Kaue_Martins\Desktop\saka-delivery-kds\backend\venv\Lib\site-packages\fastapi\routing.py", line 299, in app
    raise e
  File "C:\Users\Kaue_Martins\Desktop\saka-delivery-kds\backend\venv\Lib\site-packages\fastapi\routing.py", line 294, in app
    raw_response = await run_endpoint_function(
                   ^^^^^^^^^^^^^^^^^^^^^^^^^^^^
  File "C:\Users\Kaue_Martins\Desktop\saka-delivery-kds\backend\venv\Lib\site-packages\fastapi\routing.py", line 191, in run_endpoint_function
    return await dependant.call(**values)
           ^^^^^^^^^^^^^^^^^^^^^^^^^^^^^^
  File "C:\Users\Kaue_Martins\Desktop\saka-delivery-kds\backend\app\routers\auth.py", line 60, in register
    user = await user_service.create_user(
           ^^^^^^^^^^^^^^^^^^^^^^^^^^^^^^^
  File "C:\Users\Kaue_Martins\Desktop\saka-delivery-kds\backend\app\services\user_service.py", line 81, in create_user
    user = await user_repo.create(db, obj_in=user_in)
           ^^^^^^^^^^^^^^^^^^^^^^^^^^^^^^^^^^^^^^^^^^
  File "C:\Users\Kaue_Martins\Desktop\saka-delivery-kds\backend\app\repositories\base.py", line 60, in create
    await db.commit()
  File "C:\Users\Kaue_Martins\Desktop\saka-delivery-kds\backend\venv\Lib\site-packages\sqlalchemy\ext\asyncio\session.py", line 1011, in commit
    await greenlet_spawn(self.sync_session.commit)
  File "C:\Users\Kaue_Martins\Desktop\saka-delivery-kds\backend\venv\Lib\site-packages\sqlalchemy\util\_concurrency_py3k.py", line 202, in greenlet_spawn
    result = context.switch(value)
             ^^^^^^^^^^^^^^^^^^^^^
  File "C:\Users\Kaue_Martins\Desktop\saka-delivery-kds\backend\venv\Lib\site-packages\sqlalchemy\orm\session.py", line 1969, in commit
    trans.commit(_to_root=True)
  File "<string>", line 2, in commit
  File "C:\Users\Kaue_Martins\Desktop\saka-delivery-kds\backend\venv\Lib\site-packages\sqlalchemy\orm\state_changes.py", line 139, in _go
    ret_value = fn(self, *arg, **kw)
                ^^^^^^^^^^^^^^^^^^^^
  File "C:\Users\Kaue_Martins\Desktop\saka-delivery-kds\backend\venv\Lib\site-packages\sqlalchemy\orm\session.py", line 1256, in commit
    self._prepare_impl()
  File "<string>", line 2, in _prepare_impl
  File "C:\Users\Kaue_Martins\Desktop\saka-delivery-kds\backend\venv\Lib\site-packages\sqlalchemy\orm\state_changes.py", line 139, in _go
    ret_value = fn(self, *arg, **kw)
                ^^^^^^^^^^^^^^^^^^^^
  File "C:\Users\Kaue_Martins\Desktop\saka-delivery-kds\backend\venv\Lib\site-packages\sqlalchemy\orm\session.py", line 1231, in _prepare_impl
    self.session.flush()
  File "C:\Users\Kaue_Martins\Desktop\saka-delivery-kds\backend\venv\Lib\site-packages\sqlalchemy\orm\session.py", line 4312, in flush
    self._flush(objects)
  File "C:\Users\Kaue_Martins\Desktop\saka-delivery-kds\backend\venv\Lib\site-packages\sqlalchemy\orm\session.py", line 4447, in _flush
    with util.safe_reraise():
         ^^^^^^^^^^^^^^^^^^^
  File "C:\Users\Kaue_Martins\Desktop\saka-delivery-kds\backend\venv\Lib\site-packages\sqlalchemy\util\langhelpers.py", line 146, in __exit__
    raise exc_value.with_traceback(exc_tb)
  File "C:\Users\Kaue_Martins\Desktop\saka-delivery-kds\backend\venv\Lib\site-packages\sqlalchemy\orm\session.py", line 4408, in _flush
    flush_context.execute()
  File "C:\Users\Kaue_Martins\Desktop\saka-delivery-kds\backend\venv\Lib\site-packages\sqlalchemy\orm\unitofwork.py", line 466, in execute
    rec.execute(self)
  File "C:\Users\Kaue_Martins\Desktop\saka-delivery-kds\backend\venv\Lib\site-packages\sqlalchemy\orm\unitofwork.py", line 642, in execute
    util.preloaded.orm_persistence.save_obj(
  File "C:\Users\Kaue_Martins\Desktop\saka-delivery-kds\backend\venv\Lib\site-packages\sqlalchemy\orm\persistence.py", line 93, in save_obj
    _emit_insert_statements(
  File "C:\Users\Kaue_Martins\Desktop\saka-delivery-kds\backend\venv\Lib\site-packages\sqlalchemy\orm\persistence.py", line 1227, in _emit_insert_statements
    result = connection.execute(
             ^^^^^^^^^^^^^^^^^^^
  File "C:\Users\Kaue_Martins\Desktop\saka-delivery-kds\backend\venv\Lib\site-packages\sqlalchemy\engine\base.py", line 1416, in execute
    return meth(
           ^^^^^
  File "C:\Users\Kaue_Martins\Desktop\saka-delivery-kds\backend\venv\Lib\site-packages\sqlalchemy\sql\elements.py", line 517, in _execute_on_connection
    return connection._execute_clauseelement(
           ^^^^^^^^^^^^^^^^^^^^^^^^^^^^^^^^^^
  File "C:\Users\Kaue_Martins\Desktop\saka-delivery-kds\backend\venv\Lib\site-packages\sqlalchemy\engine\base.py", line 1639, in _execute_clauseelement
    ret = self._execute_context(
          ^^^^^^^^^^^^^^^^^^^^^^
  File "C:\Users\Kaue_Martins\Desktop\saka-delivery-kds\backend\venv\Lib\site-packages\sqlalchemy\engine\base.py", line 1820, in _execute_context
    self._handle_dbapi_exception(
  File "C:\Users\Kaue_Martins\Desktop\saka-delivery-kds\backend\venv\Lib\site-packages\sqlalchemy\engine\base.py", line 2344, in _handle_dbapi_exception
    raise sqlalchemy_exception.with_traceback(exc_info[2]) from e
  File "C:\Users\Kaue_Martins\Desktop\saka-delivery-kds\backend\venv\Lib\site-packages\sqlalchemy\engine\base.py", line 1814, in _execute_context
    context = constructor(
              ^^^^^^^^^^^^
  File "C:\Users\Kaue_Martins\Desktop\saka-delivery-kds\backend\venv\Lib\site-packages\sqlalchemy\engine\default.py", line 1456, in _init_compiled
    flattened_processors[key](compiled_params[key])
  File "C:\Users\Kaue_Martins\Desktop\saka-delivery-kds\backend\venv\Lib\site-packages\sqlalchemy\dialects\sqlite\base.py", line 1068, in process
    raise TypeError(
sqlalchemy.exc.StatementError: (builtins.TypeError) SQLite DateTime type only accepts Python datetime and date objects as input.
[SQL: INSERT INTO users (tenant_id, username, email, full_name, password_hash, role, saldo_credito, is_active, created_at, last_login) VALUES (?, ?, ?, ?, ?, ?, ?, ?, ?, ?)]
[parameters: [{'username': 'emptyuser', 'full_name': 'Empty User', 'is_active': True, 'created_at': '2026-03-19T14:44:53.248826', 'saldo_credito': 0.0, 'password_hash': 'f6d9f2113215503556c05651ee275cb386869e5d7286beb103f20bc390633d8e', 'role': 'SUPER_ADMIN', 'email': None, 'last_login': None, 'tenant_id': None}]]
------------------------------ Captured log call ------------------------------
ERROR    app.main:main.py:101 Unhandled exception on POST /auth/register: (builtins.TypeError) SQLite DateTime type only accepts Python datetime and date objects as input.
[SQL: INSERT INTO users (tenant_id, username, email, full_name, password_hash, role, saldo_credito, is_active, created_at, last_login) VALUES (?, ?, ?, ?, ?, ?, ?, ?, ?, ?)]
[parameters: [{'username': 'emptyuser', 'full_name': 'Empty User', 'is_active': True, 'created_at': '2026-03-19T14:44:53.248826', 'saldo_credito': 0.0, 'password_hash': 'f6d9f2113215503556c05651ee275cb386869e5d7286beb103f20bc390633d8e', 'role': 'SUPER_ADMIN', 'email': None, 'last_login': None, 'tenant_id': None}]]
Traceback (most recent call last):
  File "C:\Users\Kaue_Martins\Desktop\saka-delivery-kds\backend\venv\Lib\site-packages\sqlalchemy\engine\base.py", line 1814, in _execute_context
    context = constructor(
              ^^^^^^^^^^^^
  File "C:\Users\Kaue_Martins\Desktop\saka-delivery-kds\backend\venv\Lib\site-packages\sqlalchemy\engine\default.py", line 1456, in _init_compiled
    flattened_processors[key](compiled_params[key])
  File "C:\Users\Kaue_Martins\Desktop\saka-delivery-kds\backend\venv\Lib\site-packages\sqlalchemy\dialects\sqlite\base.py", line 1068, in process
    raise TypeError(
TypeError: SQLite DateTime type only accepts Python datetime and date objects as input.

The above exception was the direct cause of the following exception:

Traceback (most recent call last):
  File "C:\Users\Kaue_Martins\Desktop\saka-delivery-kds\backend\venv\Lib\site-packages\starlette\middleware\errors.py", line 164, in __call__
    await self.app(scope, receive, _send)
  File "C:\Users\Kaue_Martins\Desktop\saka-delivery-kds\backend\venv\Lib\site-packages\starlette\middleware\cors.py", line 83, in __call__
    await self.app(scope, receive, send)
  File "C:\Users\Kaue_Martins\Desktop\saka-delivery-kds\backend\venv\Lib\site-packages\starlette\middleware\exceptions.py", line 62, in __call__
    await wrap_app_handling_exceptions(self.app, conn)(scope, receive, send)
  File "C:\Users\Kaue_Martins\Desktop\saka-delivery-kds\backend\venv\Lib\site-packages\starlette\_exception_handler.py", line 64, in wrapped_app
    raise exc
  File "C:\Users\Kaue_Martins\Desktop\saka-delivery-kds\backend\venv\Lib\site-packages\starlette\_exception_handler.py", line 53, in wrapped_app
    await app(scope, receive, sender)
  File "C:\Users\Kaue_Martins\Desktop\saka-delivery-kds\backend\venv\Lib\site-packages\starlette\routing.py", line 762, in __call__
    await self.middleware_stack(scope, receive, send)
  File "C:\Users\Kaue_Martins\Desktop\saka-delivery-kds\backend\venv\Lib\site-packages\starlette\routing.py", line 782, in app
    await route.handle(scope, receive, send)
  File "C:\Users\Kaue_Martins\Desktop\saka-delivery-kds\backend\venv\Lib\site-packages\starlette\routing.py", line 297, in handle
    await self.app(scope, receive, send)
  File "C:\Users\Kaue_Martins\Desktop\saka-delivery-kds\backend\venv\Lib\site-packages\starlette\routing.py", line 77, in app
    await wrap_app_handling_exceptions(app, request)(scope, receive, send)
  File "C:\Users\Kaue_Martins\Desktop\saka-delivery-kds\backend\venv\Lib\site-packages\starlette\_exception_handler.py", line 64, in wrapped_app
    raise exc
  File "C:\Users\Kaue_Martins\Desktop\saka-delivery-kds\backend\venv\Lib\site-packages\starlette\_exception_handler.py", line 53, in wrapped_app
    await app(scope, receive, sender)
  File "C:\Users\Kaue_Martins\Desktop\saka-delivery-kds\backend\venv\Lib\site-packages\starlette\routing.py", line 72, in app
    response = await func(request)
               ^^^^^^^^^^^^^^^^^^^
  File "C:\Users\Kaue_Martins\Desktop\saka-delivery-kds\backend\venv\Lib\site-packages\fastapi\routing.py", line 299, in app
    raise e
  File "C:\Users\Kaue_Martins\Desktop\saka-delivery-kds\backend\venv\Lib\site-packages\fastapi\routing.py", line 294, in app
    raw_response = await run_endpoint_function(
                   ^^^^^^^^^^^^^^^^^^^^^^^^^^^^
  File "C:\Users\Kaue_Martins\Desktop\saka-delivery-kds\backend\venv\Lib\site-packages\fastapi\routing.py", line 191, in run_endpoint_function
    return await dependant.call(**values)
           ^^^^^^^^^^^^^^^^^^^^^^^^^^^^^^
  File "C:\Users\Kaue_Martins\Desktop\saka-delivery-kds\backend\app\routers\auth.py", line 60, in register
    user = await user_service.create_user(
           ^^^^^^^^^^^^^^^^^^^^^^^^^^^^^^^
  File "C:\Users\Kaue_Martins\Desktop\saka-delivery-kds\backend\app\services\user_service.py", line 81, in create_user
    user = await user_repo.create(db, obj_in=user_in)
           ^^^^^^^^^^^^^^^^^^^^^^^^^^^^^^^^^^^^^^^^^^
  File "C:\Users\Kaue_Martins\Desktop\saka-delivery-kds\backend\app\repositories\base.py", line 60, in create
    await db.commit()
  File "C:\Users\Kaue_Martins\Desktop\saka-delivery-kds\backend\venv\Lib\site-packages\sqlalchemy\ext\asyncio\session.py", line 1011, in commit
    await greenlet_spawn(self.sync_session.commit)
  File "C:\Users\Kaue_Martins\Desktop\saka-delivery-kds\backend\venv\Lib\site-packages\sqlalchemy\util\_concurrency_py3k.py", line 202, in greenlet_spawn
    result = context.switch(value)
             ^^^^^^^^^^^^^^^^^^^^^
  File "C:\Users\Kaue_Martins\Desktop\saka-delivery-kds\backend\venv\Lib\site-packages\sqlalchemy\orm\session.py", line 1969, in commit
    trans.commit(_to_root=True)
  File "<string>", line 2, in commit
  File "C:\Users\Kaue_Martins\Desktop\saka-delivery-kds\backend\venv\Lib\site-packages\sqlalchemy\orm\state_changes.py", line 139, in _go
    ret_value = fn(self, *arg, **kw)
                ^^^^^^^^^^^^^^^^^^^^
  File "C:\Users\Kaue_Martins\Desktop\saka-delivery-kds\backend\venv\Lib\site-packages\sqlalchemy\orm\session.py", line 1256, in commit
    self._prepare_impl()
  File "<string>", line 2, in _prepare_impl
  File "C:\Users\Kaue_Martins\Desktop\saka-delivery-kds\backend\venv\Lib\site-packages\sqlalchemy\orm\state_changes.py", line 139, in _go
    ret_value = fn(self, *arg, **kw)
                ^^^^^^^^^^^^^^^^^^^^
  File "C:\Users\Kaue_Martins\Desktop\saka-delivery-kds\backend\venv\Lib\site-packages\sqlalchemy\orm\session.py", line 1231, in _prepare_impl
    self.session.flush()
  File "C:\Users\Kaue_Martins\Desktop\saka-delivery-kds\backend\venv\Lib\site-packages\sqlalchemy\orm\session.py", line 4312, in flush
    self._flush(objects)
  File "C:\Users\Kaue_Martins\Desktop\saka-delivery-kds\backend\venv\Lib\site-packages\sqlalchemy\orm\session.py", line 4447, in _flush
    with util.safe_reraise():
         ^^^^^^^^^^^^^^^^^^^
  File "C:\Users\Kaue_Martins\Desktop\saka-delivery-kds\backend\venv\Lib\site-packages\sqlalchemy\util\langhelpers.py", line 146, in __exit__
    raise exc_value.with_traceback(exc_tb)
  File "C:\Users\Kaue_Martins\Desktop\saka-delivery-kds\backend\venv\Lib\site-packages\sqlalchemy\orm\session.py", line 4408, in _flush
    flush_context.execute()
  File "C:\Users\Kaue_Martins\Desktop\saka-delivery-kds\backend\venv\Lib\site-packages\sqlalchemy\orm\unitofwork.py", line 466, in execute
    rec.execute(self)
  File "C:\Users\Kaue_Martins\Desktop\saka-delivery-kds\backend\venv\Lib\site-packages\sqlalchemy\orm\unitofwork.py", line 642, in execute
    util.preloaded.orm_persistence.save_obj(
  File "C:\Users\Kaue_Martins\Desktop\saka-delivery-kds\backend\venv\Lib\site-packages\sqlalchemy\orm\persistence.py", line 93, in save_obj
    _emit_insert_statements(
  File "C:\Users\Kaue_Martins\Desktop\saka-delivery-kds\backend\venv\Lib\site-packages\sqlalchemy\orm\persistence.py", line 1227, in _emit_insert_statements
    result = connection.execute(
             ^^^^^^^^^^^^^^^^^^^
  File "C:\Users\Kaue_Martins\Desktop\saka-delivery-kds\backend\venv\Lib\site-packages\sqlalchemy\engine\base.py", line 1416, in execute
    return meth(
           ^^^^^
  File "C:\Users\Kaue_Martins\Desktop\saka-delivery-kds\backend\venv\Lib\site-packages\sqlalchemy\sql\elements.py", line 517, in _execute_on_connection
    return connection._execute_clauseelement(
           ^^^^^^^^^^^^^^^^^^^^^^^^^^^^^^^^^^
  File "C:\Users\Kaue_Martins\Desktop\saka-delivery-kds\backend\venv\Lib\site-packages\sqlalchemy\engine\base.py", line 1639, in _execute_clauseelement
    ret = self._execute_context(
          ^^^^^^^^^^^^^^^^^^^^^^
  File "C:\Users\Kaue_Martins\Desktop\saka-delivery-kds\backend\venv\Lib\site-packages\sqlalchemy\engine\base.py", line 1820, in _execute_context
    self._handle_dbapi_exception(
  File "C:\Users\Kaue_Martins\Desktop\saka-delivery-kds\backend\venv\Lib\site-packages\sqlalchemy\engine\base.py", line 2344, in _handle_dbapi_exception
    raise sqlalchemy_exception.with_traceback(exc_info[2]) from e
  File "C:\Users\Kaue_Martins\Desktop\saka-delivery-kds\backend\venv\Lib\site-packages\sqlalchemy\engine\base.py", line 1814, in _execute_context
    context = constructor(
              ^^^^^^^^^^^^
  File "C:\Users\Kaue_Martins\Desktop\saka-delivery-kds\backend\venv\Lib\site-packages\sqlalchemy\engine\default.py", line 1456, in _init_compiled
    flattened_processors[key](compiled_params[key])
  File "C:\Users\Kaue_Martins\Desktop\saka-delivery-kds\backend\venv\Lib\site-packages\sqlalchemy\dialects\sqlite\base.py", line 1068, in process
    raise TypeError(
sqlalchemy.exc.StatementError: (builtins.TypeError) SQLite DateTime type only accepts Python datetime and date objects as input.
[SQL: INSERT INTO users (tenant_id, username, email, full_name, password_hash, role, saldo_credito, is_active, created_at, last_login) VALUES (?, ?, ?, ?, ?, ?, ?, ?, ?, ?)]
[parameters: [{'username': 'emptyuser', 'full_name': 'Empty User', 'is_active': True, 'created_at': '2026-03-19T14:44:53.248826', 'saldo_credito': 0.0, 'password_hash': 'f6d9f2113215503556c05651ee275cb386869e5d7286beb103f20bc390633d8e', 'role': 'SUPER_ADMIN', 'email': None, 'last_login': None, 'tenant_id': None}]]
________________________ test_repasse_multiple_orders _________________________

self = <sqlalchemy.engine.base.Connection object at 0x000001A19FF789B0>
dialect = <sqlalchemy.dialects.sqlite.aiosqlite.SQLiteDialect_aiosqlite object at 0x000001A19FF7A4B0>
constructor = <bound method DefaultExecutionContext._init_compiled of <class 'sqlalchemy.dialects.sqlite.aiosqlite.SQLiteExecutionContext_aiosqlite'>>
statement = <sqlalchemy.dialects.sqlite.base.SQLiteCompiler object at 0x000001A19FF7A150>
parameters = [{'created_at': '2026-03-19T14:44:55.006391', 'email': None, 'full_name': 'Repasse Test User', 'is_active': True, ...}]
execution_options = immutabledict({'compiled_cache': <sqlalchemy.util._collections.LRUCache object at 0x000001A19EA22FC0>})
args = (<sqlalchemy.dialects.sqlite.base.SQLiteCompiler object at 0x000001A19FF7A150>, [{'created_at': '2026-03-19T14:44:55.0...ull_name': 'Repasse Test User', 'is_active': True, ...}], <sqlalchemy.sql.dml.Insert object at 0x000001A19E946E40>, [])
kw = {'cache_hit': <CacheStats.CACHE_MISS: 1>}, yp = None
conn = <sqlalchemy.pool.base._ConnectionFairy object at 0x000001A19E950E30>

    def _execute_context(
        self,
        dialect: Dialect,
        constructor: Callable[..., ExecutionContext],
        statement: Union[str, Compiled],
        parameters: Optional[_AnyMultiExecuteParams],
        execution_options: _ExecuteOptions,
        *args: Any,
        **kw: Any,
    ) -> CursorResult[Any]:
        """Create an :class:`.ExecutionContext` and execute, returning
        a :class:`_engine.CursorResult`."""
    
        if execution_options:
            yp = execution_options.get("yield_per", None)
            if yp:
                execution_options = execution_options.union(
                    {"stream_results": True, "max_row_buffer": yp}
                )
        try:
            conn = self._dbapi_connection
            if conn is None:
                conn = self._revalidate_connection()
    
>           context = constructor(
                dialect, self, conn, execution_options, *args, **kw
            )

venv\Lib\site-packages\sqlalchemy\engine\base.py:1814: 
_ _ _ _ _ _ _ _ _ _ _ _ _ _ _ _ _ _ _ _ _ _ _ _ _ _ _ _ _ _ _ _ _ _ _ _ _ _ _ _
venv\Lib\site-packages\sqlalchemy\engine\default.py:1456: in _init_compiled
    flattened_processors[key](compiled_params[key])
_ _ _ _ _ _ _ _ _ _ _ _ _ _ _ _ _ _ _ _ _ _ _ _ _ _ _ _ _ _ _ _ _ _ _ _ _ _ _ _

value = '2026-03-19T14:44:55.006391'

    def process(value):
        if value is None:
            return None
        elif isinstance(value, datetime_datetime):
            return format_ % {
                "year": value.year,
                "month": value.month,
                "day": value.day,
                "hour": value.hour,
                "minute": value.minute,
                "second": value.second,
                "microsecond": value.microsecond,
            }
        elif isinstance(value, datetime_date):
            return format_ % {
                "year": value.year,
                "month": value.month,
                "day": value.day,
                "hour": 0,
                "minute": 0,
                "second": 0,
                "microsecond": 0,
            }
        else:
>           raise TypeError(
                "SQLite DateTime type only accepts Python "
                "datetime and date objects as input."
            )
E           TypeError: SQLite DateTime type only accepts Python datetime and date objects as input.

venv\Lib\site-packages\sqlalchemy\dialects\sqlite\base.py:1068: TypeError

The above exception was the direct cause of the following exception:

client = <httpx.AsyncClient object at 0x000001A19FF7A2A0>

    @pytest.mark.asyncio
    async def test_repasse_multiple_orders(client: AsyncClient):
        """Testa acumulação de repasses com múltiplos pedidos via_arnaldo."""
>       token = await _setup_user_with_credit(client)
                ^^^^^^^^^^^^^^^^^^^^^^^^^^^^^^^^^^^^^

tests\test_repasse.py:55: 
_ _ _ _ _ _ _ _ _ _ _ _ _ _ _ _ _ _ _ _ _ _ _ _ _ _ _ _ _ _ _ _ _ _ _ _ _ _ _ _
tests\test_repasse.py:10: in _setup_user_with_credit
    await client.post("/auth/register", json={
venv\Lib\site-packages\httpx\_client.py:1877: in post
    return await self.request(
venv\Lib\site-packages\httpx\_client.py:1559: in request
    return await self.send(request, auth=auth, follow_redirects=follow_redirects)
           ^^^^^^^^^^^^^^^^^^^^^^^^^^^^^^^^^^^^^^^^^^^^^^^^^^^^^^^^^^^^^^^^^^^^^^
venv\Lib\site-packages\httpx\_client.py:1646: in send
    response = await self._send_handling_auth(
venv\Lib\site-packages\httpx\_client.py:1674: in _send_handling_auth
    response = await self._send_handling_redirects(
venv\Lib\site-packages\httpx\_client.py:1711: in _send_handling_redirects
    response = await self._send_single_request(request)
               ^^^^^^^^^^^^^^^^^^^^^^^^^^^^^^^^^^^^^^^^
venv\Lib\site-packages\httpx\_client.py:1748: in _send_single_request
    response = await transport.handle_async_request(request)
               ^^^^^^^^^^^^^^^^^^^^^^^^^^^^^^^^^^^^^^^^^^^^^
venv\Lib\site-packages\httpx\_transports\asgi.py:162: in handle_async_request
    await self.app(scope, receive, send)
venv\Lib\site-packages\fastapi\applications.py:1054: in __call__
    await super().__call__(scope, receive, send)
venv\Lib\site-packages\starlette\applications.py:123: in __call__
    await self.middleware_stack(scope, receive, send)
venv\Lib\site-packages\starlette\middleware\errors.py:186: in __call__
    raise exc
venv\Lib\site-packages\starlette\middleware\errors.py:164: in __call__
    await self.app(scope, receive, _send)
venv\Lib\site-packages\starlette\middleware\cors.py:83: in __call__
    await self.app(scope, receive, send)
venv\Lib\site-packages\starlette\middleware\exceptions.py:62: in __call__
    await wrap_app_handling_exceptions(self.app, conn)(scope, receive, send)
venv\Lib\site-packages\starlette\_exception_handler.py:64: in wrapped_app
    raise exc
venv\Lib\site-packages\starlette\_exception_handler.py:53: in wrapped_app
    await app(scope, receive, sender)
venv\Lib\site-packages\starlette\routing.py:762: in __call__
    await self.middleware_stack(scope, receive, send)
venv\Lib\site-packages\starlette\routing.py:782: in app
    await route.handle(scope, receive, send)
venv\Lib\site-packages\starlette\routing.py:297: in handle
    await self.app(scope, receive, send)
venv\Lib\site-packages\starlette\routing.py:77: in app
    await wrap_app_handling_exceptions(app, request)(scope, receive, send)
venv\Lib\site-packages\starlette\_exception_handler.py:64: in wrapped_app
    raise exc
venv\Lib\site-packages\starlette\_exception_handler.py:53: in wrapped_app
    await app(scope, receive, sender)
venv\Lib\site-packages\starlette\routing.py:72: in app
    response = await func(request)
               ^^^^^^^^^^^^^^^^^^^
venv\Lib\site-packages\fastapi\routing.py:299: in app
    raise e
venv\Lib\site-packages\fastapi\routing.py:294: in app
    raw_response = await run_endpoint_function(
venv\Lib\site-packages\fastapi\routing.py:191: in run_endpoint_function
    return await dependant.call(**values)
           ^^^^^^^^^^^^^^^^^^^^^^^^^^^^^^
app\routers\auth.py:60: in register
    user = await user_service.create_user(
app\services\user_service.py:81: in create_user
    user = await user_repo.create(db, obj_in=user_in)
           ^^^^^^^^^^^^^^^^^^^^^^^^^^^^^^^^^^^^^^^^^^
app\repositories\base.py:60: in create
    await db.commit()
venv\Lib\site-packages\sqlalchemy\ext\asyncio\session.py:1011: in commit
    await greenlet_spawn(self.sync_session.commit)
venv\Lib\site-packages\sqlalchemy\util\_concurrency_py3k.py:202: in greenlet_spawn
    result = context.switch(value)
             ^^^^^^^^^^^^^^^^^^^^^
venv\Lib\site-packages\sqlalchemy\orm\session.py:1969: in commit
    trans.commit(_to_root=True)
<string>:2: in commit
    ???
venv\Lib\site-packages\sqlalchemy\orm\state_changes.py:139: in _go
    ret_value = fn(self, *arg, **kw)
                ^^^^^^^^^^^^^^^^^^^^
venv\Lib\site-packages\sqlalchemy\orm\session.py:1256: in commit
    self._prepare_impl()
<string>:2: in _prepare_impl
    ???
venv\Lib\site-packages\sqlalchemy\orm\state_changes.py:139: in _go
    ret_value = fn(self, *arg, **kw)
                ^^^^^^^^^^^^^^^^^^^^
venv\Lib\site-packages\sqlalchemy\orm\session.py:1231: in _prepare_impl
    self.session.flush()
venv\Lib\site-packages\sqlalchemy\orm\session.py:4312: in flush
    self._flush(objects)
venv\Lib\site-packages\sqlalchemy\orm\session.py:4447: in _flush
    with util.safe_reraise():
         ^^^^^^^^^^^^^^^^^^^
venv\Lib\site-packages\sqlalchemy\util\langhelpers.py:146: in __exit__
    raise exc_value.with_traceback(exc_tb)
venv\Lib\site-packages\sqlalchemy\orm\session.py:4408: in _flush
    flush_context.execute()
venv\Lib\site-packages\sqlalchemy\orm\unitofwork.py:466: in execute
    rec.execute(self)
venv\Lib\site-packages\sqlalchemy\orm\unitofwork.py:642: in execute
    util.preloaded.orm_persistence.save_obj(
venv\Lib\site-packages\sqlalchemy\orm\persistence.py:93: in save_obj
    _emit_insert_statements(
venv\Lib\site-packages\sqlalchemy\orm\persistence.py:1227: in _emit_insert_statements
    result = connection.execute(
venv\Lib\site-packages\sqlalchemy\engine\base.py:1416: in execute
    return meth(
venv\Lib\site-packages\sqlalchemy\sql\elements.py:517: in _execute_on_connection
    return connection._execute_clauseelement(
venv\Lib\site-packages\sqlalchemy\engine\base.py:1639: in _execute_clauseelement
    ret = self._execute_context(
venv\Lib\site-packages\sqlalchemy\engine\base.py:1820: in _execute_context
    self._handle_dbapi_exception(
venv\Lib\site-packages\sqlalchemy\engine\base.py:2344: in _handle_dbapi_exception
    raise sqlalchemy_exception.with_traceback(exc_info[2]) from e
venv\Lib\site-packages\sqlalchemy\engine\base.py:1814: in _execute_context
    context = constructor(
venv\Lib\site-packages\sqlalchemy\engine\default.py:1456: in _init_compiled
    flattened_processors[key](compiled_params[key])
_ _ _ _ _ _ _ _ _ _ _ _ _ _ _ _ _ _ _ _ _ _ _ _ _ _ _ _ _ _ _ _ _ _ _ _ _ _ _ _

value = '2026-03-19T14:44:55.006391'

    def process(value):
        if value is None:
            return None
        elif isinstance(value, datetime_datetime):
            return format_ % {
                "year": value.year,
                "month": value.month,
                "day": value.day,
                "hour": value.hour,
                "minute": value.minute,
                "second": value.second,
                "microsecond": value.microsecond,
            }
        elif isinstance(value, datetime_date):
            return format_ % {
                "year": value.year,
                "month": value.month,
                "day": value.day,
                "hour": 0,
                "minute": 0,
                "second": 0,
                "microsecond": 0,
            }
        else:
>           raise TypeError(
                "SQLite DateTime type only accepts Python "
                "datetime and date objects as input."
            )
E           sqlalchemy.exc.StatementError: (builtins.TypeError) SQLite DateTime type only accepts Python datetime and date objects as input.
E           [SQL: INSERT INTO users (tenant_id, username, email, full_name, password_hash, role, saldo_credito, is_active, created_at, last_login) VALUES (?, ?, ?, ?, ?, ?, ?, ?, ?, ?)]
E           [parameters: [{'username': 'repasseuser', 'full_name': 'Repasse Test User', 'is_active': True, 'created_at': '2026-03-19T14:44:55.006391', 'saldo_credito': 0.0, 'pa ... (8 characters truncated) ... ash': 'f6d9f2113215503556c05651ee275cb386869e5d7286beb103f20bc390633d8e', 'role': 'SUPER_ADMIN', 'email': None, 'last_login': None, 'tenant_id': None}]]

venv\Lib\site-packages\sqlalchemy\dialects\sqlite\base.py:1068: StatementError
---------------------------- Captured stderr call -----------------------------
2026-03-19 11:44:55,007 - app.main - ERROR - Unhandled exception on POST /auth/register: (builtins.TypeError) SQLite DateTime type only accepts Python datetime and date objects as input.
[SQL: INSERT INTO users (tenant_id, username, email, full_name, password_hash, role, saldo_credito, is_active, created_at, last_login) VALUES (?, ?, ?, ?, ?, ?, ?, ?, ?, ?)]
[parameters: [{'username': 'repasseuser', 'full_name': 'Repasse Test User', 'is_active': True, 'created_at': '2026-03-19T14:44:55.006391', 'saldo_credito': 0.0, 'pa ... (8 characters truncated) ... ash': 'f6d9f2113215503556c05651ee275cb386869e5d7286beb103f20bc390633d8e', 'role': 'SUPER_ADMIN', 'email': None, 'last_login': None, 'tenant_id': None}]]
Traceback (most recent call last):
  File "C:\Users\Kaue_Martins\Desktop\saka-delivery-kds\backend\venv\Lib\site-packages\sqlalchemy\engine\base.py", line 1814, in _execute_context
    context = constructor(
              ^^^^^^^^^^^^
  File "C:\Users\Kaue_Martins\Desktop\saka-delivery-kds\backend\venv\Lib\site-packages\sqlalchemy\engine\default.py", line 1456, in _init_compiled
    flattened_processors[key](compiled_params[key])
  File "C:\Users\Kaue_Martins\Desktop\saka-delivery-kds\backend\venv\Lib\site-packages\sqlalchemy\dialects\sqlite\base.py", line 1068, in process
    raise TypeError(
TypeError: SQLite DateTime type only accepts Python datetime and date objects as input.

The above exception was the direct cause of the following exception:

Traceback (most recent call last):
  File "C:\Users\Kaue_Martins\Desktop\saka-delivery-kds\backend\venv\Lib\site-packages\starlette\middleware\errors.py", line 164, in __call__
    await self.app(scope, receive, _send)
  File "C:\Users\Kaue_Martins\Desktop\saka-delivery-kds\backend\venv\Lib\site-packages\starlette\middleware\cors.py", line 83, in __call__
    await self.app(scope, receive, send)
  File "C:\Users\Kaue_Martins\Desktop\saka-delivery-kds\backend\venv\Lib\site-packages\starlette\middleware\exceptions.py", line 62, in __call__
    await wrap_app_handling_exceptions(self.app, conn)(scope, receive, send)
  File "C:\Users\Kaue_Martins\Desktop\saka-delivery-kds\backend\venv\Lib\site-packages\starlette\_exception_handler.py", line 64, in wrapped_app
    raise exc
  File "C:\Users\Kaue_Martins\Desktop\saka-delivery-kds\backend\venv\Lib\site-packages\starlette\_exception_handler.py", line 53, in wrapped_app
    await app(scope, receive, sender)
  File "C:\Users\Kaue_Martins\Desktop\saka-delivery-kds\backend\venv\Lib\site-packages\starlette\routing.py", line 762, in __call__
    await self.middleware_stack(scope, receive, send)
  File "C:\Users\Kaue_Martins\Desktop\saka-delivery-kds\backend\venv\Lib\site-packages\starlette\routing.py", line 782, in app
    await route.handle(scope, receive, send)
  File "C:\Users\Kaue_Martins\Desktop\saka-delivery-kds\backend\venv\Lib\site-packages\starlette\routing.py", line 297, in handle
    await self.app(scope, receive, send)
  File "C:\Users\Kaue_Martins\Desktop\saka-delivery-kds\backend\venv\Lib\site-packages\starlette\routing.py", line 77, in app
    await wrap_app_handling_exceptions(app, request)(scope, receive, send)
  File "C:\Users\Kaue_Martins\Desktop\saka-delivery-kds\backend\venv\Lib\site-packages\starlette\_exception_handler.py", line 64, in wrapped_app
    raise exc
  File "C:\Users\Kaue_Martins\Desktop\saka-delivery-kds\backend\venv\Lib\site-packages\starlette\_exception_handler.py", line 53, in wrapped_app
    await app(scope, receive, sender)
  File "C:\Users\Kaue_Martins\Desktop\saka-delivery-kds\backend\venv\Lib\site-packages\starlette\routing.py", line 72, in app
    response = await func(request)
               ^^^^^^^^^^^^^^^^^^^
  File "C:\Users\Kaue_Martins\Desktop\saka-delivery-kds\backend\venv\Lib\site-packages\fastapi\routing.py", line 299, in app
    raise e
  File "C:\Users\Kaue_Martins\Desktop\saka-delivery-kds\backend\venv\Lib\site-packages\fastapi\routing.py", line 294, in app
    raw_response = await run_endpoint_function(
                   ^^^^^^^^^^^^^^^^^^^^^^^^^^^^
  File "C:\Users\Kaue_Martins\Desktop\saka-delivery-kds\backend\venv\Lib\site-packages\fastapi\routing.py", line 191, in run_endpoint_function
    return await dependant.call(**values)
           ^^^^^^^^^^^^^^^^^^^^^^^^^^^^^^
  File "C:\Users\Kaue_Martins\Desktop\saka-delivery-kds\backend\app\routers\auth.py", line 60, in register
    user = await user_service.create_user(
           ^^^^^^^^^^^^^^^^^^^^^^^^^^^^^^^
  File "C:\Users\Kaue_Martins\Desktop\saka-delivery-kds\backend\app\services\user_service.py", line 81, in create_user
    user = await user_repo.create(db, obj_in=user_in)
           ^^^^^^^^^^^^^^^^^^^^^^^^^^^^^^^^^^^^^^^^^^
  File "C:\Users\Kaue_Martins\Desktop\saka-delivery-kds\backend\app\repositories\base.py", line 60, in create
    await db.commit()
  File "C:\Users\Kaue_Martins\Desktop\saka-delivery-kds\backend\venv\Lib\site-packages\sqlalchemy\ext\asyncio\session.py", line 1011, in commit
    await greenlet_spawn(self.sync_session.commit)
  File "C:\Users\Kaue_Martins\Desktop\saka-delivery-kds\backend\venv\Lib\site-packages\sqlalchemy\util\_concurrency_py3k.py", line 202, in greenlet_spawn
    result = context.switch(value)
             ^^^^^^^^^^^^^^^^^^^^^
  File "C:\Users\Kaue_Martins\Desktop\saka-delivery-kds\backend\venv\Lib\site-packages\sqlalchemy\orm\session.py", line 1969, in commit
    trans.commit(_to_root=True)
  File "<string>", line 2, in commit
  File "C:\Users\Kaue_Martins\Desktop\saka-delivery-kds\backend\venv\Lib\site-packages\sqlalchemy\orm\state_changes.py", line 139, in _go
    ret_value = fn(self, *arg, **kw)
                ^^^^^^^^^^^^^^^^^^^^
  File "C:\Users\Kaue_Martins\Desktop\saka-delivery-kds\backend\venv\Lib\site-packages\sqlalchemy\orm\session.py", line 1256, in commit
    self._prepare_impl()
  File "<string>", line 2, in _prepare_impl
  File "C:\Users\Kaue_Martins\Desktop\saka-delivery-kds\backend\venv\Lib\site-packages\sqlalchemy\orm\state_changes.py", line 139, in _go
    ret_value = fn(self, *arg, **kw)
                ^^^^^^^^^^^^^^^^^^^^
  File "C:\Users\Kaue_Martins\Desktop\saka-delivery-kds\backend\venv\Lib\site-packages\sqlalchemy\orm\session.py", line 1231, in _prepare_impl
    self.session.flush()
  File "C:\Users\Kaue_Martins\Desktop\saka-delivery-kds\backend\venv\Lib\site-packages\sqlalchemy\orm\session.py", line 4312, in flush
    self._flush(objects)
  File "C:\Users\Kaue_Martins\Desktop\saka-delivery-kds\backend\venv\Lib\site-packages\sqlalchemy\orm\session.py", line 4447, in _flush
    with util.safe_reraise():
         ^^^^^^^^^^^^^^^^^^^
  File "C:\Users\Kaue_Martins\Desktop\saka-delivery-kds\backend\venv\Lib\site-packages\sqlalchemy\util\langhelpers.py", line 146, in __exit__
    raise exc_value.with_traceback(exc_tb)
  File "C:\Users\Kaue_Martins\Desktop\saka-delivery-kds\backend\venv\Lib\site-packages\sqlalchemy\orm\session.py", line 4408, in _flush
    flush_context.execute()
  File "C:\Users\Kaue_Martins\Desktop\saka-delivery-kds\backend\venv\Lib\site-packages\sqlalchemy\orm\unitofwork.py", line 466, in execute
    rec.execute(self)
  File "C:\Users\Kaue_Martins\Desktop\saka-delivery-kds\backend\venv\Lib\site-packages\sqlalchemy\orm\unitofwork.py", line 642, in execute
    util.preloaded.orm_persistence.save_obj(
  File "C:\Users\Kaue_Martins\Desktop\saka-delivery-kds\backend\venv\Lib\site-packages\sqlalchemy\orm\persistence.py", line 93, in save_obj
    _emit_insert_statements(
  File "C:\Users\Kaue_Martins\Desktop\saka-delivery-kds\backend\venv\Lib\site-packages\sqlalchemy\orm\persistence.py", line 1227, in _emit_insert_statements
    result = connection.execute(
             ^^^^^^^^^^^^^^^^^^^
  File "C:\Users\Kaue_Martins\Desktop\saka-delivery-kds\backend\venv\Lib\site-packages\sqlalchemy\engine\base.py", line 1416, in execute
    return meth(
           ^^^^^
  File "C:\Users\Kaue_Martins\Desktop\saka-delivery-kds\backend\venv\Lib\site-packages\sqlalchemy\sql\elements.py", line 517, in _execute_on_connection
    return connection._execute_clauseelement(
           ^^^^^^^^^^^^^^^^^^^^^^^^^^^^^^^^^^
  File "C:\Users\Kaue_Martins\Desktop\saka-delivery-kds\backend\venv\Lib\site-packages\sqlalchemy\engine\base.py", line 1639, in _execute_clauseelement
    ret = self._execute_context(
          ^^^^^^^^^^^^^^^^^^^^^^
  File "C:\Users\Kaue_Martins\Desktop\saka-delivery-kds\backend\venv\Lib\site-packages\sqlalchemy\engine\base.py", line 1820, in _execute_context
    self._handle_dbapi_exception(
  File "C:\Users\Kaue_Martins\Desktop\saka-delivery-kds\backend\venv\Lib\site-packages\sqlalchemy\engine\base.py", line 2344, in _handle_dbapi_exception
    raise sqlalchemy_exception.with_traceback(exc_info[2]) from e
  File "C:\Users\Kaue_Martins\Desktop\saka-delivery-kds\backend\venv\Lib\site-packages\sqlalchemy\engine\base.py", line 1814, in _execute_context
    context = constructor(
              ^^^^^^^^^^^^
  File "C:\Users\Kaue_Martins\Desktop\saka-delivery-kds\backend\venv\Lib\site-packages\sqlalchemy\engine\default.py", line 1456, in _init_compiled
    flattened_processors[key](compiled_params[key])
  File "C:\Users\Kaue_Martins\Desktop\saka-delivery-kds\backend\venv\Lib\site-packages\sqlalchemy\dialects\sqlite\base.py", line 1068, in process
    raise TypeError(
sqlalchemy.exc.StatementError: (builtins.TypeError) SQLite DateTime type only accepts Python datetime and date objects as input.
[SQL: INSERT INTO users (tenant_id, username, email, full_name, password_hash, role, saldo_credito, is_active, created_at, last_login) VALUES (?, ?, ?, ?, ?, ?, ?, ?, ?, ?)]
[parameters: [{'username': 'repasseuser', 'full_name': 'Repasse Test User', 'is_active': True, 'created_at': '2026-03-19T14:44:55.006391', 'saldo_credito': 0.0, 'pa ... (8 characters truncated) ... ash': 'f6d9f2113215503556c05651ee275cb386869e5d7286beb103f20bc390633d8e', 'role': 'SUPER_ADMIN', 'email': None, 'last_login': None, 'tenant_id': None}]]
------------------------------ Captured log call ------------------------------
ERROR    app.main:main.py:101 Unhandled exception on POST /auth/register: (builtins.TypeError) SQLite DateTime type only accepts Python datetime and date objects as input.
[SQL: INSERT INTO users (tenant_id, username, email, full_name, password_hash, role, saldo_credito, is_active, created_at, last_login) VALUES (?, ?, ?, ?, ?, ?, ?, ?, ?, ?)]
[parameters: [{'username': 'repasseuser', 'full_name': 'Repasse Test User', 'is_active': True, 'created_at': '2026-03-19T14:44:55.006391', 'saldo_credito': 0.0, 'pa ... (8 characters truncated) ... ash': 'f6d9f2113215503556c05651ee275cb386869e5d7286beb103f20bc390633d8e', 'role': 'SUPER_ADMIN', 'email': None, 'last_login': None, 'tenant_id': None}]]
Traceback (most recent call last):
  File "C:\Users\Kaue_Martins\Desktop\saka-delivery-kds\backend\venv\Lib\site-packages\sqlalchemy\engine\base.py", line 1814, in _execute_context
    context = constructor(
              ^^^^^^^^^^^^
  File "C:\Users\Kaue_Martins\Desktop\saka-delivery-kds\backend\venv\Lib\site-packages\sqlalchemy\engine\default.py", line 1456, in _init_compiled
    flattened_processors[key](compiled_params[key])
  File "C:\Users\Kaue_Martins\Desktop\saka-delivery-kds\backend\venv\Lib\site-packages\sqlalchemy\dialects\sqlite\base.py", line 1068, in process
    raise TypeError(
TypeError: SQLite DateTime type only accepts Python datetime and date objects as input.

The above exception was the direct cause of the following exception:

Traceback (most recent call last):
  File "C:\Users\Kaue_Martins\Desktop\saka-delivery-kds\backend\venv\Lib\site-packages\starlette\middleware\errors.py", line 164, in __call__
    await self.app(scope, receive, _send)
  File "C:\Users\Kaue_Martins\Desktop\saka-delivery-kds\backend\venv\Lib\site-packages\starlette\middleware\cors.py", line 83, in __call__
    await self.app(scope, receive, send)
  File "C:\Users\Kaue_Martins\Desktop\saka-delivery-kds\backend\venv\Lib\site-packages\starlette\middleware\exceptions.py", line 62, in __call__
    await wrap_app_handling_exceptions(self.app, conn)(scope, receive, send)
  File "C:\Users\Kaue_Martins\Desktop\saka-delivery-kds\backend\venv\Lib\site-packages\starlette\_exception_handler.py", line 64, in wrapped_app
    raise exc
  File "C:\Users\Kaue_Martins\Desktop\saka-delivery-kds\backend\venv\Lib\site-packages\starlette\_exception_handler.py", line 53, in wrapped_app
    await app(scope, receive, sender)
  File "C:\Users\Kaue_Martins\Desktop\saka-delivery-kds\backend\venv\Lib\site-packages\starlette\routing.py", line 762, in __call__
    await self.middleware_stack(scope, receive, send)
  File "C:\Users\Kaue_Martins\Desktop\saka-delivery-kds\backend\venv\Lib\site-packages\starlette\routing.py", line 782, in app
    await route.handle(scope, receive, send)
  File "C:\Users\Kaue_Martins\Desktop\saka-delivery-kds\backend\venv\Lib\site-packages\starlette\routing.py", line 297, in handle
    await self.app(scope, receive, send)
  File "C:\Users\Kaue_Martins\Desktop\saka-delivery-kds\backend\venv\Lib\site-packages\starlette\routing.py", line 77, in app
    await wrap_app_handling_exceptions(app, request)(scope, receive, send)
  File "C:\Users\Kaue_Martins\Desktop\saka-delivery-kds\backend\venv\Lib\site-packages\starlette\_exception_handler.py", line 64, in wrapped_app
    raise exc
  File "C:\Users\Kaue_Martins\Desktop\saka-delivery-kds\backend\venv\Lib\site-packages\starlette\_exception_handler.py", line 53, in wrapped_app
    await app(scope, receive, sender)
  File "C:\Users\Kaue_Martins\Desktop\saka-delivery-kds\backend\venv\Lib\site-packages\starlette\routing.py", line 72, in app
    response = await func(request)
               ^^^^^^^^^^^^^^^^^^^
  File "C:\Users\Kaue_Martins\Desktop\saka-delivery-kds\backend\venv\Lib\site-packages\fastapi\routing.py", line 299, in app
    raise e
  File "C:\Users\Kaue_Martins\Desktop\saka-delivery-kds\backend\venv\Lib\site-packages\fastapi\routing.py", line 294, in app
    raw_response = await run_endpoint_function(
                   ^^^^^^^^^^^^^^^^^^^^^^^^^^^^
  File "C:\Users\Kaue_Martins\Desktop\saka-delivery-kds\backend\venv\Lib\site-packages\fastapi\routing.py", line 191, in run_endpoint_function
    return await dependant.call(**values)
           ^^^^^^^^^^^^^^^^^^^^^^^^^^^^^^
  File "C:\Users\Kaue_Martins\Desktop\saka-delivery-kds\backend\app\routers\auth.py", line 60, in register
    user = await user_service.create_user(
           ^^^^^^^^^^^^^^^^^^^^^^^^^^^^^^^
  File "C:\Users\Kaue_Martins\Desktop\saka-delivery-kds\backend\app\services\user_service.py", line 81, in create_user
    user = await user_repo.create(db, obj_in=user_in)
           ^^^^^^^^^^^^^^^^^^^^^^^^^^^^^^^^^^^^^^^^^^
  File "C:\Users\Kaue_Martins\Desktop\saka-delivery-kds\backend\app\repositories\base.py", line 60, in create
    await db.commit()
  File "C:\Users\Kaue_Martins\Desktop\saka-delivery-kds\backend\venv\Lib\site-packages\sqlalchemy\ext\asyncio\session.py", line 1011, in commit
    await greenlet_spawn(self.sync_session.commit)
  File "C:\Users\Kaue_Martins\Desktop\saka-delivery-kds\backend\venv\Lib\site-packages\sqlalchemy\util\_concurrency_py3k.py", line 202, in greenlet_spawn
    result = context.switch(value)
             ^^^^^^^^^^^^^^^^^^^^^
  File "C:\Users\Kaue_Martins\Desktop\saka-delivery-kds\backend\venv\Lib\site-packages\sqlalchemy\orm\session.py", line 1969, in commit
    trans.commit(_to_root=True)
  File "<string>", line 2, in commit
  File "C:\Users\Kaue_Martins\Desktop\saka-delivery-kds\backend\venv\Lib\site-packages\sqlalchemy\orm\state_changes.py", line 139, in _go
    ret_value = fn(self, *arg, **kw)
                ^^^^^^^^^^^^^^^^^^^^
  File "C:\Users\Kaue_Martins\Desktop\saka-delivery-kds\backend\venv\Lib\site-packages\sqlalchemy\orm\session.py", line 1256, in commit
    self._prepare_impl()
  File "<string>", line 2, in _prepare_impl
  File "C:\Users\Kaue_Martins\Desktop\saka-delivery-kds\backend\venv\Lib\site-packages\sqlalchemy\orm\state_changes.py", line 139, in _go
    ret_value = fn(self, *arg, **kw)
                ^^^^^^^^^^^^^^^^^^^^
  File "C:\Users\Kaue_Martins\Desktop\saka-delivery-kds\backend\venv\Lib\site-packages\sqlalchemy\orm\session.py", line 1231, in _prepare_impl
    self.session.flush()
  File "C:\Users\Kaue_Martins\Desktop\saka-delivery-kds\backend\venv\Lib\site-packages\sqlalchemy\orm\session.py", line 4312, in flush
    self._flush(objects)
  File "C:\Users\Kaue_Martins\Desktop\saka-delivery-kds\backend\venv\Lib\site-packages\sqlalchemy\orm\session.py", line 4447, in _flush
    with util.safe_reraise():
         ^^^^^^^^^^^^^^^^^^^
  File "C:\Users\Kaue_Martins\Desktop\saka-delivery-kds\backend\venv\Lib\site-packages\sqlalchemy\util\langhelpers.py", line 146, in __exit__
    raise exc_value.with_traceback(exc_tb)
  File "C:\Users\Kaue_Martins\Desktop\saka-delivery-kds\backend\venv\Lib\site-packages\sqlalchemy\orm\session.py", line 4408, in _flush
    flush_context.execute()
  File "C:\Users\Kaue_Martins\Desktop\saka-delivery-kds\backend\venv\Lib\site-packages\sqlalchemy\orm\unitofwork.py", line 466, in execute
    rec.execute(self)
  File "C:\Users\Kaue_Martins\Desktop\saka-delivery-kds\backend\venv\Lib\site-packages\sqlalchemy\orm\unitofwork.py", line 642, in execute
    util.preloaded.orm_persistence.save_obj(
  File "C:\Users\Kaue_Martins\Desktop\saka-delivery-kds\backend\venv\Lib\site-packages\sqlalchemy\orm\persistence.py", line 93, in save_obj
    _emit_insert_statements(
  File "C:\Users\Kaue_Martins\Desktop\saka-delivery-kds\backend\venv\Lib\site-packages\sqlalchemy\orm\persistence.py", line 1227, in _emit_insert_statements
    result = connection.execute(
             ^^^^^^^^^^^^^^^^^^^
  File "C:\Users\Kaue_Martins\Desktop\saka-delivery-kds\backend\venv\Lib\site-packages\sqlalchemy\engine\base.py", line 1416, in execute
    return meth(
           ^^^^^
  File "C:\Users\Kaue_Martins\Desktop\saka-delivery-kds\backend\venv\Lib\site-packages\sqlalchemy\sql\elements.py", line 517, in _execute_on_connection
    return connection._execute_clauseelement(
           ^^^^^^^^^^^^^^^^^^^^^^^^^^^^^^^^^^
  File "C:\Users\Kaue_Martins\Desktop\saka-delivery-kds\backend\venv\Lib\site-packages\sqlalchemy\engine\base.py", line 1639, in _execute_clauseelement
    ret = self._execute_context(
          ^^^^^^^^^^^^^^^^^^^^^^
  File "C:\Users\Kaue_Martins\Desktop\saka-delivery-kds\backend\venv\Lib\site-packages\sqlalchemy\engine\base.py", line 1820, in _execute_context
    self._handle_dbapi_exception(
  File "C:\Users\Kaue_Martins\Desktop\saka-delivery-kds\backend\venv\Lib\site-packages\sqlalchemy\engine\base.py", line 2344, in _handle_dbapi_exception
    raise sqlalchemy_exception.with_traceback(exc_info[2]) from e
  File "C:\Users\Kaue_Martins\Desktop\saka-delivery-kds\backend\venv\Lib\site-packages\sqlalchemy\engine\base.py", line 1814, in _execute_context
    context = constructor(
              ^^^^^^^^^^^^
  File "C:\Users\Kaue_Martins\Desktop\saka-delivery-kds\backend\venv\Lib\site-packages\sqlalchemy\engine\default.py", line 1456, in _init_compiled
    flattened_processors[key](compiled_params[key])
  File "C:\Users\Kaue_Martins\Desktop\saka-delivery-kds\backend\venv\Lib\site-packages\sqlalchemy\dialects\sqlite\base.py", line 1068, in process
    raise TypeError(
sqlalchemy.exc.StatementError: (builtins.TypeError) SQLite DateTime type only accepts Python datetime and date objects as input.
[SQL: INSERT INTO users (tenant_id, username, email, full_name, password_hash, role, saldo_credito, is_active, created_at, last_login) VALUES (?, ?, ?, ?, ?, ?, ?, ?, ?, ?)]
[parameters: [{'username': 'repasseuser', 'full_name': 'Repasse Test User', 'is_active': True, 'created_at': '2026-03-19T14:44:55.006391', 'saldo_credito': 0.0, 'pa ... (8 characters truncated) ... ash': 'f6d9f2113215503556c05651ee275cb386869e5d7286beb103f20bc390633d8e', 'role': 'SUPER_ADMIN', 'email': None, 'last_login': None, 'tenant_id': None}]]
________________________ test_marcar_repasse_como_pago ________________________

self = <sqlalchemy.engine.base.Connection object at 0x000001A1A000B1D0>
dialect = <sqlalchemy.dialects.sqlite.aiosqlite.SQLiteDialect_aiosqlite object at 0x000001A19EC672C0>
constructor = <bound method DefaultExecutionContext._init_compiled of <class 'sqlalchemy.dialects.sqlite.aiosqlite.SQLiteExecutionContext_aiosqlite'>>
statement = <sqlalchemy.dialects.sqlite.base.SQLiteCompiler object at 0x000001A19EC65610>
parameters = [{'created_at': '2026-03-19T14:44:56.581595', 'email': None, 'full_name': 'Repasse Test User', 'is_active': True, ...}]
execution_options = immutabledict({'compiled_cache': <sqlalchemy.util._collections.LRUCache object at 0x000001A19EA22FC0>})
args = (<sqlalchemy.dialects.sqlite.base.SQLiteCompiler object at 0x000001A19EC65610>, [{'created_at': '2026-03-19T14:44:56.5...ull_name': 'Repasse Test User', 'is_active': True, ...}], <sqlalchemy.sql.dml.Insert object at 0x000001A19E946E40>, [])
kw = {'cache_hit': <CacheStats.CACHE_MISS: 1>}, yp = None
conn = <sqlalchemy.pool.base._ConnectionFairy object at 0x000001A1A00016D0>

    def _execute_context(
        self,
        dialect: Dialect,
        constructor: Callable[..., ExecutionContext],
        statement: Union[str, Compiled],
        parameters: Optional[_AnyMultiExecuteParams],
        execution_options: _ExecuteOptions,
        *args: Any,
        **kw: Any,
    ) -> CursorResult[Any]:
        """Create an :class:`.ExecutionContext` and execute, returning
        a :class:`_engine.CursorResult`."""
    
        if execution_options:
            yp = execution_options.get("yield_per", None)
            if yp:
                execution_options = execution_options.union(
                    {"stream_results": True, "max_row_buffer": yp}
                )
        try:
            conn = self._dbapi_connection
            if conn is None:
                conn = self._revalidate_connection()
    
>           context = constructor(
                dialect, self, conn, execution_options, *args, **kw
            )

venv\Lib\site-packages\sqlalchemy\engine\base.py:1814: 
_ _ _ _ _ _ _ _ _ _ _ _ _ _ _ _ _ _ _ _ _ _ _ _ _ _ _ _ _ _ _ _ _ _ _ _ _ _ _ _
venv\Lib\site-packages\sqlalchemy\engine\default.py:1456: in _init_compiled
    flattened_processors[key](compiled_params[key])
_ _ _ _ _ _ _ _ _ _ _ _ _ _ _ _ _ _ _ _ _ _ _ _ _ _ _ _ _ _ _ _ _ _ _ _ _ _ _ _

value = '2026-03-19T14:44:56.581595'

    def process(value):
        if value is None:
            return None
        elif isinstance(value, datetime_datetime):
            return format_ % {
                "year": value.year,
                "month": value.month,
                "day": value.day,
                "hour": value.hour,
                "minute": value.minute,
                "second": value.second,
                "microsecond": value.microsecond,
            }
        elif isinstance(value, datetime_date):
            return format_ % {
                "year": value.year,
                "month": value.month,
                "day": value.day,
                "hour": 0,
                "minute": 0,
                "second": 0,
                "microsecond": 0,
            }
        else:
>           raise TypeError(
                "SQLite DateTime type only accepts Python "
                "datetime and date objects as input."
            )
E           TypeError: SQLite DateTime type only accepts Python datetime and date objects as input.

venv\Lib\site-packages\sqlalchemy\dialects\sqlite\base.py:1068: TypeError

The above exception was the direct cause of the following exception:

client = <httpx.AsyncClient object at 0x000001A19ED1F530>

    @pytest.mark.asyncio
    async def test_marcar_repasse_como_pago(client: AsyncClient):
        """Testa marcação de repasses como pagos."""
>       token = await _setup_user_with_credit(client)
                ^^^^^^^^^^^^^^^^^^^^^^^^^^^^^^^^^^^^^

tests\test_repasse.py:72: 
_ _ _ _ _ _ _ _ _ _ _ _ _ _ _ _ _ _ _ _ _ _ _ _ _ _ _ _ _ _ _ _ _ _ _ _ _ _ _ _
tests\test_repasse.py:10: in _setup_user_with_credit
    await client.post("/auth/register", json={
venv\Lib\site-packages\httpx\_client.py:1877: in post
    return await self.request(
venv\Lib\site-packages\httpx\_client.py:1559: in request
    return await self.send(request, auth=auth, follow_redirects=follow_redirects)
           ^^^^^^^^^^^^^^^^^^^^^^^^^^^^^^^^^^^^^^^^^^^^^^^^^^^^^^^^^^^^^^^^^^^^^^
venv\Lib\site-packages\httpx\_client.py:1646: in send
    response = await self._send_handling_auth(
venv\Lib\site-packages\httpx\_client.py:1674: in _send_handling_auth
    response = await self._send_handling_redirects(
venv\Lib\site-packages\httpx\_client.py:1711: in _send_handling_redirects
    response = await self._send_single_request(request)
               ^^^^^^^^^^^^^^^^^^^^^^^^^^^^^^^^^^^^^^^^
venv\Lib\site-packages\httpx\_client.py:1748: in _send_single_request
    response = await transport.handle_async_request(request)
               ^^^^^^^^^^^^^^^^^^^^^^^^^^^^^^^^^^^^^^^^^^^^^
venv\Lib\site-packages\httpx\_transports\asgi.py:162: in handle_async_request
    await self.app(scope, receive, send)
venv\Lib\site-packages\fastapi\applications.py:1054: in __call__
    await super().__call__(scope, receive, send)
venv\Lib\site-packages\starlette\applications.py:123: in __call__
    await self.middleware_stack(scope, receive, send)
venv\Lib\site-packages\starlette\middleware\errors.py:186: in __call__
    raise exc
venv\Lib\site-packages\starlette\middleware\errors.py:164: in __call__
    await self.app(scope, receive, _send)
venv\Lib\site-packages\starlette\middleware\cors.py:83: in __call__
    await self.app(scope, receive, send)
venv\Lib\site-packages\starlette\middleware\exceptions.py:62: in __call__
    await wrap_app_handling_exceptions(self.app, conn)(scope, receive, send)
venv\Lib\site-packages\starlette\_exception_handler.py:64: in wrapped_app
    raise exc
venv\Lib\site-packages\starlette\_exception_handler.py:53: in wrapped_app
    await app(scope, receive, sender)
venv\Lib\site-packages\starlette\routing.py:762: in __call__
    await self.middleware_stack(scope, receive, send)
venv\Lib\site-packages\starlette\routing.py:782: in app
    await route.handle(scope, receive, send)
venv\Lib\site-packages\starlette\routing.py:297: in handle
    await self.app(scope, receive, send)
venv\Lib\site-packages\starlette\routing.py:77: in app
    await wrap_app_handling_exceptions(app, request)(scope, receive, send)
venv\Lib\site-packages\starlette\_exception_handler.py:64: in wrapped_app
    raise exc
venv\Lib\site-packages\starlette\_exception_handler.py:53: in wrapped_app
    await app(scope, receive, sender)
venv\Lib\site-packages\starlette\routing.py:72: in app
    response = await func(request)
               ^^^^^^^^^^^^^^^^^^^
venv\Lib\site-packages\fastapi\routing.py:299: in app
    raise e
venv\Lib\site-packages\fastapi\routing.py:294: in app
    raw_response = await run_endpoint_function(
venv\Lib\site-packages\fastapi\routing.py:191: in run_endpoint_function
    return await dependant.call(**values)
           ^^^^^^^^^^^^^^^^^^^^^^^^^^^^^^
app\routers\auth.py:60: in register
    user = await user_service.create_user(
app\services\user_service.py:81: in create_user
    user = await user_repo.create(db, obj_in=user_in)
           ^^^^^^^^^^^^^^^^^^^^^^^^^^^^^^^^^^^^^^^^^^
app\repositories\base.py:60: in create
    await db.commit()
venv\Lib\site-packages\sqlalchemy\ext\asyncio\session.py:1011: in commit
    await greenlet_spawn(self.sync_session.commit)
venv\Lib\site-packages\sqlalchemy\util\_concurrency_py3k.py:202: in greenlet_spawn
    result = context.switch(value)
             ^^^^^^^^^^^^^^^^^^^^^
venv\Lib\site-packages\sqlalchemy\orm\session.py:1969: in commit
    trans.commit(_to_root=True)
<string>:2: in commit
    ???
venv\Lib\site-packages\sqlalchemy\orm\state_changes.py:139: in _go
    ret_value = fn(self, *arg, **kw)
                ^^^^^^^^^^^^^^^^^^^^
venv\Lib\site-packages\sqlalchemy\orm\session.py:1256: in commit
    self._prepare_impl()
<string>:2: in _prepare_impl
    ???
venv\Lib\site-packages\sqlalchemy\orm\state_changes.py:139: in _go
    ret_value = fn(self, *arg, **kw)
                ^^^^^^^^^^^^^^^^^^^^
venv\Lib\site-packages\sqlalchemy\orm\session.py:1231: in _prepare_impl
    self.session.flush()
venv\Lib\site-packages\sqlalchemy\orm\session.py:4312: in flush
    self._flush(objects)
venv\Lib\site-packages\sqlalchemy\orm\session.py:4447: in _flush
    with util.safe_reraise():
         ^^^^^^^^^^^^^^^^^^^
venv\Lib\site-packages\sqlalchemy\util\langhelpers.py:146: in __exit__
    raise exc_value.with_traceback(exc_tb)
venv\Lib\site-packages\sqlalchemy\orm\session.py:4408: in _flush
    flush_context.execute()
venv\Lib\site-packages\sqlalchemy\orm\unitofwork.py:466: in execute
    rec.execute(self)
venv\Lib\site-packages\sqlalchemy\orm\unitofwork.py:642: in execute
    util.preloaded.orm_persistence.save_obj(
venv\Lib\site-packages\sqlalchemy\orm\persistence.py:93: in save_obj
    _emit_insert_statements(
venv\Lib\site-packages\sqlalchemy\orm\persistence.py:1227: in _emit_insert_statements
    result = connection.execute(
venv\Lib\site-packages\sqlalchemy\engine\base.py:1416: in execute
    return meth(
venv\Lib\site-packages\sqlalchemy\sql\elements.py:517: in _execute_on_connection
    return connection._execute_clauseelement(
venv\Lib\site-packages\sqlalchemy\engine\base.py:1639: in _execute_clauseelement
    ret = self._execute_context(
venv\Lib\site-packages\sqlalchemy\engine\base.py:1820: in _execute_context
    self._handle_dbapi_exception(
venv\Lib\site-packages\sqlalchemy\engine\base.py:2344: in _handle_dbapi_exception
    raise sqlalchemy_exception.with_traceback(exc_info[2]) from e
venv\Lib\site-packages\sqlalchemy\engine\base.py:1814: in _execute_context
    context = constructor(
venv\Lib\site-packages\sqlalchemy\engine\default.py:1456: in _init_compiled
    flattened_processors[key](compiled_params[key])
_ _ _ _ _ _ _ _ _ _ _ _ _ _ _ _ _ _ _ _ _ _ _ _ _ _ _ _ _ _ _ _ _ _ _ _ _ _ _ _

value = '2026-03-19T14:44:56.581595'

    def process(value):
        if value is None:
            return None
        elif isinstance(value, datetime_datetime):
            return format_ % {
                "year": value.year,
                "month": value.month,
                "day": value.day,
                "hour": value.hour,
                "minute": value.minute,
                "second": value.second,
                "microsecond": value.microsecond,
            }
        elif isinstance(value, datetime_date):
            return format_ % {
                "year": value.year,
                "month": value.month,
                "day": value.day,
                "hour": 0,
                "minute": 0,
                "second": 0,
                "microsecond": 0,
            }
        else:
>           raise TypeError(
                "SQLite DateTime type only accepts Python "
                "datetime and date objects as input."
            )
E           sqlalchemy.exc.StatementError: (builtins.TypeError) SQLite DateTime type only accepts Python datetime and date objects as input.
E           [SQL: INSERT INTO users (tenant_id, username, email, full_name, password_hash, role, saldo_credito, is_active, created_at, last_login) VALUES (?, ?, ?, ?, ?, ?, ?, ?, ?, ?)]
E           [parameters: [{'username': 'repasseuser', 'full_name': 'Repasse Test User', 'is_active': True, 'created_at': '2026-03-19T14:44:56.581595', 'saldo_credito': 0.0, 'pa ... (8 characters truncated) ... ash': 'f6d9f2113215503556c05651ee275cb386869e5d7286beb103f20bc390633d8e', 'role': 'SUPER_ADMIN', 'email': None, 'last_login': None, 'tenant_id': None}]]

venv\Lib\site-packages\sqlalchemy\dialects\sqlite\base.py:1068: StatementError
---------------------------- Captured stderr call -----------------------------
2026-03-19 11:44:56,584 - app.main - ERROR - Unhandled exception on POST /auth/register: (builtins.TypeError) SQLite DateTime type only accepts Python datetime and date objects as input.
[SQL: INSERT INTO users (tenant_id, username, email, full_name, password_hash, role, saldo_credito, is_active, created_at, last_login) VALUES (?, ?, ?, ?, ?, ?, ?, ?, ?, ?)]
[parameters: [{'username': 'repasseuser', 'full_name': 'Repasse Test User', 'is_active': True, 'created_at': '2026-03-19T14:44:56.581595', 'saldo_credito': 0.0, 'pa ... (8 characters truncated) ... ash': 'f6d9f2113215503556c05651ee275cb386869e5d7286beb103f20bc390633d8e', 'role': 'SUPER_ADMIN', 'email': None, 'last_login': None, 'tenant_id': None}]]
Traceback (most recent call last):
  File "C:\Users\Kaue_Martins\Desktop\saka-delivery-kds\backend\venv\Lib\site-packages\sqlalchemy\engine\base.py", line 1814, in _execute_context
    context = constructor(
              ^^^^^^^^^^^^
  File "C:\Users\Kaue_Martins\Desktop\saka-delivery-kds\backend\venv\Lib\site-packages\sqlalchemy\engine\default.py", line 1456, in _init_compiled
    flattened_processors[key](compiled_params[key])
  File "C:\Users\Kaue_Martins\Desktop\saka-delivery-kds\backend\venv\Lib\site-packages\sqlalchemy\dialects\sqlite\base.py", line 1068, in process
    raise TypeError(
TypeError: SQLite DateTime type only accepts Python datetime and date objects as input.

The above exception was the direct cause of the following exception:

Traceback (most recent call last):
  File "C:\Users\Kaue_Martins\Desktop\saka-delivery-kds\backend\venv\Lib\site-packages\starlette\middleware\errors.py", line 164, in __call__
    await self.app(scope, receive, _send)
  File "C:\Users\Kaue_Martins\Desktop\saka-delivery-kds\backend\venv\Lib\site-packages\starlette\middleware\cors.py", line 83, in __call__
    await self.app(scope, receive, send)
  File "C:\Users\Kaue_Martins\Desktop\saka-delivery-kds\backend\venv\Lib\site-packages\starlette\middleware\exceptions.py", line 62, in __call__
    await wrap_app_handling_exceptions(self.app, conn)(scope, receive, send)
  File "C:\Users\Kaue_Martins\Desktop\saka-delivery-kds\backend\venv\Lib\site-packages\starlette\_exception_handler.py", line 64, in wrapped_app
    raise exc
  File "C:\Users\Kaue_Martins\Desktop\saka-delivery-kds\backend\venv\Lib\site-packages\starlette\_exception_handler.py", line 53, in wrapped_app
    await app(scope, receive, sender)
  File "C:\Users\Kaue_Martins\Desktop\saka-delivery-kds\backend\venv\Lib\site-packages\starlette\routing.py", line 762, in __call__
    await self.middleware_stack(scope, receive, send)
  File "C:\Users\Kaue_Martins\Desktop\saka-delivery-kds\backend\venv\Lib\site-packages\starlette\routing.py", line 782, in app
    await route.handle(scope, receive, send)
  File "C:\Users\Kaue_Martins\Desktop\saka-delivery-kds\backend\venv\Lib\site-packages\starlette\routing.py", line 297, in handle
    await self.app(scope, receive, send)
  File "C:\Users\Kaue_Martins\Desktop\saka-delivery-kds\backend\venv\Lib\site-packages\starlette\routing.py", line 77, in app
    await wrap_app_handling_exceptions(app, request)(scope, receive, send)
  File "C:\Users\Kaue_Martins\Desktop\saka-delivery-kds\backend\venv\Lib\site-packages\starlette\_exception_handler.py", line 64, in wrapped_app
    raise exc
  File "C:\Users\Kaue_Martins\Desktop\saka-delivery-kds\backend\venv\Lib\site-packages\starlette\_exception_handler.py", line 53, in wrapped_app
    await app(scope, receive, sender)
  File "C:\Users\Kaue_Martins\Desktop\saka-delivery-kds\backend\venv\Lib\site-packages\starlette\routing.py", line 72, in app
    response = await func(request)
               ^^^^^^^^^^^^^^^^^^^
  File "C:\Users\Kaue_Martins\Desktop\saka-delivery-kds\backend\venv\Lib\site-packages\fastapi\routing.py", line 299, in app
    raise e
  File "C:\Users\Kaue_Martins\Desktop\saka-delivery-kds\backend\venv\Lib\site-packages\fastapi\routing.py", line 294, in app
    raw_response = await run_endpoint_function(
                   ^^^^^^^^^^^^^^^^^^^^^^^^^^^^
  File "C:\Users\Kaue_Martins\Desktop\saka-delivery-kds\backend\venv\Lib\site-packages\fastapi\routing.py", line 191, in run_endpoint_function
    return await dependant.call(**values)
           ^^^^^^^^^^^^^^^^^^^^^^^^^^^^^^
  File "C:\Users\Kaue_Martins\Desktop\saka-delivery-kds\backend\app\routers\auth.py", line 60, in register
    user = await user_service.create_user(
           ^^^^^^^^^^^^^^^^^^^^^^^^^^^^^^^
  File "C:\Users\Kaue_Martins\Desktop\saka-delivery-kds\backend\app\services\user_service.py", line 81, in create_user
    user = await user_repo.create(db, obj_in=user_in)
           ^^^^^^^^^^^^^^^^^^^^^^^^^^^^^^^^^^^^^^^^^^
  File "C:\Users\Kaue_Martins\Desktop\saka-delivery-kds\backend\app\repositories\base.py", line 60, in create
    await db.commit()
  File "C:\Users\Kaue_Martins\Desktop\saka-delivery-kds\backend\venv\Lib\site-packages\sqlalchemy\ext\asyncio\session.py", line 1011, in commit
    await greenlet_spawn(self.sync_session.commit)
  File "C:\Users\Kaue_Martins\Desktop\saka-delivery-kds\backend\venv\Lib\site-packages\sqlalchemy\util\_concurrency_py3k.py", line 202, in greenlet_spawn
    result = context.switch(value)
             ^^^^^^^^^^^^^^^^^^^^^
  File "C:\Users\Kaue_Martins\Desktop\saka-delivery-kds\backend\venv\Lib\site-packages\sqlalchemy\orm\session.py", line 1969, in commit
    trans.commit(_to_root=True)
  File "<string>", line 2, in commit
  File "C:\Users\Kaue_Martins\Desktop\saka-delivery-kds\backend\venv\Lib\site-packages\sqlalchemy\orm\state_changes.py", line 139, in _go
    ret_value = fn(self, *arg, **kw)
                ^^^^^^^^^^^^^^^^^^^^
  File "C:\Users\Kaue_Martins\Desktop\saka-delivery-kds\backend\venv\Lib\site-packages\sqlalchemy\orm\session.py", line 1256, in commit
    self._prepare_impl()
  File "<string>", line 2, in _prepare_impl
  File "C:\Users\Kaue_Martins\Desktop\saka-delivery-kds\backend\venv\Lib\site-packages\sqlalchemy\orm\state_changes.py", line 139, in _go
    ret_value = fn(self, *arg, **kw)
                ^^^^^^^^^^^^^^^^^^^^
  File "C:\Users\Kaue_Martins\Desktop\saka-delivery-kds\backend\venv\Lib\site-packages\sqlalchemy\orm\session.py", line 1231, in _prepare_impl
    self.session.flush()
  File "C:\Users\Kaue_Martins\Desktop\saka-delivery-kds\backend\venv\Lib\site-packages\sqlalchemy\orm\session.py", line 4312, in flush
    self._flush(objects)
  File "C:\Users\Kaue_Martins\Desktop\saka-delivery-kds\backend\venv\Lib\site-packages\sqlalchemy\orm\session.py", line 4447, in _flush
    with util.safe_reraise():
         ^^^^^^^^^^^^^^^^^^^
  File "C:\Users\Kaue_Martins\Desktop\saka-delivery-kds\backend\venv\Lib\site-packages\sqlalchemy\util\langhelpers.py", line 146, in __exit__
    raise exc_value.with_traceback(exc_tb)
  File "C:\Users\Kaue_Martins\Desktop\saka-delivery-kds\backend\venv\Lib\site-packages\sqlalchemy\orm\session.py", line 4408, in _flush
    flush_context.execute()
  File "C:\Users\Kaue_Martins\Desktop\saka-delivery-kds\backend\venv\Lib\site-packages\sqlalchemy\orm\unitofwork.py", line 466, in execute
    rec.execute(self)
  File "C:\Users\Kaue_Martins\Desktop\saka-delivery-kds\backend\venv\Lib\site-packages\sqlalchemy\orm\unitofwork.py", line 642, in execute
    util.preloaded.orm_persistence.save_obj(
  File "C:\Users\Kaue_Martins\Desktop\saka-delivery-kds\backend\venv\Lib\site-packages\sqlalchemy\orm\persistence.py", line 93, in save_obj
    _emit_insert_statements(
  File "C:\Users\Kaue_Martins\Desktop\saka-delivery-kds\backend\venv\Lib\site-packages\sqlalchemy\orm\persistence.py", line 1227, in _emit_insert_statements
    result = connection.execute(
             ^^^^^^^^^^^^^^^^^^^
  File "C:\Users\Kaue_Martins\Desktop\saka-delivery-kds\backend\venv\Lib\site-packages\sqlalchemy\engine\base.py", line 1416, in execute
    return meth(
           ^^^^^
  File "C:\Users\Kaue_Martins\Desktop\saka-delivery-kds\backend\venv\Lib\site-packages\sqlalchemy\sql\elements.py", line 517, in _execute_on_connection
    return connection._execute_clauseelement(
           ^^^^^^^^^^^^^^^^^^^^^^^^^^^^^^^^^^
  File "C:\Users\Kaue_Martins\Desktop\saka-delivery-kds\backend\venv\Lib\site-packages\sqlalchemy\engine\base.py", line 1639, in _execute_clauseelement
    ret = self._execute_context(
          ^^^^^^^^^^^^^^^^^^^^^^
  File "C:\Users\Kaue_Martins\Desktop\saka-delivery-kds\backend\venv\Lib\site-packages\sqlalchemy\engine\base.py", line 1820, in _execute_context
    self._handle_dbapi_exception(
  File "C:\Users\Kaue_Martins\Desktop\saka-delivery-kds\backend\venv\Lib\site-packages\sqlalchemy\engine\base.py", line 2344, in _handle_dbapi_exception
    raise sqlalchemy_exception.with_traceback(exc_info[2]) from e
  File "C:\Users\Kaue_Martins\Desktop\saka-delivery-kds\backend\venv\Lib\site-packages\sqlalchemy\engine\base.py", line 1814, in _execute_context
    context = constructor(
              ^^^^^^^^^^^^
  File "C:\Users\Kaue_Martins\Desktop\saka-delivery-kds\backend\venv\Lib\site-packages\sqlalchemy\engine\default.py", line 1456, in _init_compiled
    flattened_processors[key](compiled_params[key])
  File "C:\Users\Kaue_Martins\Desktop\saka-delivery-kds\backend\venv\Lib\site-packages\sqlalchemy\dialects\sqlite\base.py", line 1068, in process
    raise TypeError(
sqlalchemy.exc.StatementError: (builtins.TypeError) SQLite DateTime type only accepts Python datetime and date objects as input.
[SQL: INSERT INTO users (tenant_id, username, email, full_name, password_hash, role, saldo_credito, is_active, created_at, last_login) VALUES (?, ?, ?, ?, ?, ?, ?, ?, ?, ?)]
[parameters: [{'username': 'repasseuser', 'full_name': 'Repasse Test User', 'is_active': True, 'created_at': '2026-03-19T14:44:56.581595', 'saldo_credito': 0.0, 'pa ... (8 characters truncated) ... ash': 'f6d9f2113215503556c05651ee275cb386869e5d7286beb103f20bc390633d8e', 'role': 'SUPER_ADMIN', 'email': None, 'last_login': None, 'tenant_id': None}]]
------------------------------ Captured log call ------------------------------
ERROR    app.main:main.py:101 Unhandled exception on POST /auth/register: (builtins.TypeError) SQLite DateTime type only accepts Python datetime and date objects as input.
[SQL: INSERT INTO users (tenant_id, username, email, full_name, password_hash, role, saldo_credito, is_active, created_at, last_login) VALUES (?, ?, ?, ?, ?, ?, ?, ?, ?, ?)]
[parameters: [{'username': 'repasseuser', 'full_name': 'Repasse Test User', 'is_active': True, 'created_at': '2026-03-19T14:44:56.581595', 'saldo_credito': 0.0, 'pa ... (8 characters truncated) ... ash': 'f6d9f2113215503556c05651ee275cb386869e5d7286beb103f20bc390633d8e', 'role': 'SUPER_ADMIN', 'email': None, 'last_login': None, 'tenant_id': None}]]
Traceback (most recent call last):
  File "C:\Users\Kaue_Martins\Desktop\saka-delivery-kds\backend\venv\Lib\site-packages\sqlalchemy\engine\base.py", line 1814, in _execute_context
    context = constructor(
              ^^^^^^^^^^^^
  File "C:\Users\Kaue_Martins\Desktop\saka-delivery-kds\backend\venv\Lib\site-packages\sqlalchemy\engine\default.py", line 1456, in _init_compiled
    flattened_processors[key](compiled_params[key])
  File "C:\Users\Kaue_Martins\Desktop\saka-delivery-kds\backend\venv\Lib\site-packages\sqlalchemy\dialects\sqlite\base.py", line 1068, in process
    raise TypeError(
TypeError: SQLite DateTime type only accepts Python datetime and date objects as input.

The above exception was the direct cause of the following exception:

Traceback (most recent call last):
  File "C:\Users\Kaue_Martins\Desktop\saka-delivery-kds\backend\venv\Lib\site-packages\starlette\middleware\errors.py", line 164, in __call__
    await self.app(scope, receive, _send)
  File "C:\Users\Kaue_Martins\Desktop\saka-delivery-kds\backend\venv\Lib\site-packages\starlette\middleware\cors.py", line 83, in __call__
    await self.app(scope, receive, send)
  File "C:\Users\Kaue_Martins\Desktop\saka-delivery-kds\backend\venv\Lib\site-packages\starlette\middleware\exceptions.py", line 62, in __call__
    await wrap_app_handling_exceptions(self.app, conn)(scope, receive, send)
  File "C:\Users\Kaue_Martins\Desktop\saka-delivery-kds\backend\venv\Lib\site-packages\starlette\_exception_handler.py", line 64, in wrapped_app
    raise exc
  File "C:\Users\Kaue_Martins\Desktop\saka-delivery-kds\backend\venv\Lib\site-packages\starlette\_exception_handler.py", line 53, in wrapped_app
    await app(scope, receive, sender)
  File "C:\Users\Kaue_Martins\Desktop\saka-delivery-kds\backend\venv\Lib\site-packages\starlette\routing.py", line 762, in __call__
    await self.middleware_stack(scope, receive, send)
  File "C:\Users\Kaue_Martins\Desktop\saka-delivery-kds\backend\venv\Lib\site-packages\starlette\routing.py", line 782, in app
    await route.handle(scope, receive, send)
  File "C:\Users\Kaue_Martins\Desktop\saka-delivery-kds\backend\venv\Lib\site-packages\starlette\routing.py", line 297, in handle
    await self.app(scope, receive, send)
  File "C:\Users\Kaue_Martins\Desktop\saka-delivery-kds\backend\venv\Lib\site-packages\starlette\routing.py", line 77, in app
    await wrap_app_handling_exceptions(app, request)(scope, receive, send)
  File "C:\Users\Kaue_Martins\Desktop\saka-delivery-kds\backend\venv\Lib\site-packages\starlette\_exception_handler.py", line 64, in wrapped_app
    raise exc
  File "C:\Users\Kaue_Martins\Desktop\saka-delivery-kds\backend\venv\Lib\site-packages\starlette\_exception_handler.py", line 53, in wrapped_app
    await app(scope, receive, sender)
  File "C:\Users\Kaue_Martins\Desktop\saka-delivery-kds\backend\venv\Lib\site-packages\starlette\routing.py", line 72, in app
    response = await func(request)
               ^^^^^^^^^^^^^^^^^^^
  File "C:\Users\Kaue_Martins\Desktop\saka-delivery-kds\backend\venv\Lib\site-packages\fastapi\routing.py", line 299, in app
    raise e
  File "C:\Users\Kaue_Martins\Desktop\saka-delivery-kds\backend\venv\Lib\site-packages\fastapi\routing.py", line 294, in app
    raw_response = await run_endpoint_function(
                   ^^^^^^^^^^^^^^^^^^^^^^^^^^^^
  File "C:\Users\Kaue_Martins\Desktop\saka-delivery-kds\backend\venv\Lib\site-packages\fastapi\routing.py", line 191, in run_endpoint_function
    return await dependant.call(**values)
           ^^^^^^^^^^^^^^^^^^^^^^^^^^^^^^
  File "C:\Users\Kaue_Martins\Desktop\saka-delivery-kds\backend\app\routers\auth.py", line 60, in register
    user = await user_service.create_user(
           ^^^^^^^^^^^^^^^^^^^^^^^^^^^^^^^
  File "C:\Users\Kaue_Martins\Desktop\saka-delivery-kds\backend\app\services\user_service.py", line 81, in create_user
    user = await user_repo.create(db, obj_in=user_in)
           ^^^^^^^^^^^^^^^^^^^^^^^^^^^^^^^^^^^^^^^^^^
  File "C:\Users\Kaue_Martins\Desktop\saka-delivery-kds\backend\app\repositories\base.py", line 60, in create
    await db.commit()
  File "C:\Users\Kaue_Martins\Desktop\saka-delivery-kds\backend\venv\Lib\site-packages\sqlalchemy\ext\asyncio\session.py", line 1011, in commit
    await greenlet_spawn(self.sync_session.commit)
  File "C:\Users\Kaue_Martins\Desktop\saka-delivery-kds\backend\venv\Lib\site-packages\sqlalchemy\util\_concurrency_py3k.py", line 202, in greenlet_spawn
    result = context.switch(value)
             ^^^^^^^^^^^^^^^^^^^^^
  File "C:\Users\Kaue_Martins\Desktop\saka-delivery-kds\backend\venv\Lib\site-packages\sqlalchemy\orm\session.py", line 1969, in commit
    trans.commit(_to_root=True)
  File "<string>", line 2, in commit
  File "C:\Users\Kaue_Martins\Desktop\saka-delivery-kds\backend\venv\Lib\site-packages\sqlalchemy\orm\state_changes.py", line 139, in _go
    ret_value = fn(self, *arg, **kw)
                ^^^^^^^^^^^^^^^^^^^^
  File "C:\Users\Kaue_Martins\Desktop\saka-delivery-kds\backend\venv\Lib\site-packages\sqlalchemy\orm\session.py", line 1256, in commit
    self._prepare_impl()
  File "<string>", line 2, in _prepare_impl
  File "C:\Users\Kaue_Martins\Desktop\saka-delivery-kds\backend\venv\Lib\site-packages\sqlalchemy\orm\state_changes.py", line 139, in _go
    ret_value = fn(self, *arg, **kw)
                ^^^^^^^^^^^^^^^^^^^^
  File "C:\Users\Kaue_Martins\Desktop\saka-delivery-kds\backend\venv\Lib\site-packages\sqlalchemy\orm\session.py", line 1231, in _prepare_impl
    self.session.flush()
  File "C:\Users\Kaue_Martins\Desktop\saka-delivery-kds\backend\venv\Lib\site-packages\sqlalchemy\orm\session.py", line 4312, in flush
    self._flush(objects)
  File "C:\Users\Kaue_Martins\Desktop\saka-delivery-kds\backend\venv\Lib\site-packages\sqlalchemy\orm\session.py", line 4447, in _flush
    with util.safe_reraise():
         ^^^^^^^^^^^^^^^^^^^
  File "C:\Users\Kaue_Martins\Desktop\saka-delivery-kds\backend\venv\Lib\site-packages\sqlalchemy\util\langhelpers.py", line 146, in __exit__
    raise exc_value.with_traceback(exc_tb)
  File "C:\Users\Kaue_Martins\Desktop\saka-delivery-kds\backend\venv\Lib\site-packages\sqlalchemy\orm\session.py", line 4408, in _flush
    flush_context.execute()
  File "C:\Users\Kaue_Martins\Desktop\saka-delivery-kds\backend\venv\Lib\site-packages\sqlalchemy\orm\unitofwork.py", line 466, in execute
    rec.execute(self)
  File "C:\Users\Kaue_Martins\Desktop\saka-delivery-kds\backend\venv\Lib\site-packages\sqlalchemy\orm\unitofwork.py", line 642, in execute
    util.preloaded.orm_persistence.save_obj(
  File "C:\Users\Kaue_Martins\Desktop\saka-delivery-kds\backend\venv\Lib\site-packages\sqlalchemy\orm\persistence.py", line 93, in save_obj
    _emit_insert_statements(
  File "C:\Users\Kaue_Martins\Desktop\saka-delivery-kds\backend\venv\Lib\site-packages\sqlalchemy\orm\persistence.py", line 1227, in _emit_insert_statements
    result = connection.execute(
             ^^^^^^^^^^^^^^^^^^^
  File "C:\Users\Kaue_Martins\Desktop\saka-delivery-kds\backend\venv\Lib\site-packages\sqlalchemy\engine\base.py", line 1416, in execute
    return meth(
           ^^^^^
  File "C:\Users\Kaue_Martins\Desktop\saka-delivery-kds\backend\venv\Lib\site-packages\sqlalchemy\sql\elements.py", line 517, in _execute_on_connection
    return connection._execute_clauseelement(
           ^^^^^^^^^^^^^^^^^^^^^^^^^^^^^^^^^^
  File "C:\Users\Kaue_Martins\Desktop\saka-delivery-kds\backend\venv\Lib\site-packages\sqlalchemy\engine\base.py", line 1639, in _execute_clauseelement
    ret = self._execute_context(
          ^^^^^^^^^^^^^^^^^^^^^^
  File "C:\Users\Kaue_Martins\Desktop\saka-delivery-kds\backend\venv\Lib\site-packages\sqlalchemy\engine\base.py", line 1820, in _execute_context
    self._handle_dbapi_exception(
  File "C:\Users\Kaue_Martins\Desktop\saka-delivery-kds\backend\venv\Lib\site-packages\sqlalchemy\engine\base.py", line 2344, in _handle_dbapi_exception
    raise sqlalchemy_exception.with_traceback(exc_info[2]) from e
  File "C:\Users\Kaue_Martins\Desktop\saka-delivery-kds\backend\venv\Lib\site-packages\sqlalchemy\engine\base.py", line 1814, in _execute_context
    context = constructor(
              ^^^^^^^^^^^^
  File "C:\Users\Kaue_Martins\Desktop\saka-delivery-kds\backend\venv\Lib\site-packages\sqlalchemy\engine\default.py", line 1456, in _init_compiled
    flattened_processors[key](compiled_params[key])
  File "C:\Users\Kaue_Martins\Desktop\saka-delivery-kds\backend\venv\Lib\site-packages\sqlalchemy\dialects\sqlite\base.py", line 1068, in process
    raise TypeError(
sqlalchemy.exc.StatementError: (builtins.TypeError) SQLite DateTime type only accepts Python datetime and date objects as input.
[SQL: INSERT INTO users (tenant_id, username, email, full_name, password_hash, role, saldo_credito, is_active, created_at, last_login) VALUES (?, ?, ?, ?, ?, ?, ?, ?, ?, ?)]
[parameters: [{'username': 'repasseuser', 'full_name': 'Repasse Test User', 'is_active': True, 'created_at': '2026-03-19T14:44:56.581595', 'saldo_credito': 0.0, 'pa ... (8 characters truncated) ... ash': 'f6d9f2113215503556c05651ee275cb386869e5d7286beb103f20bc390633d8e', 'role': 'SUPER_ADMIN', 'email': None, 'last_login': None, 'tenant_id': None}]]
___________ TestVerifyWebhookSignature.test_no_secret_returns_true ____________

self = <tests.test_webhook.TestVerifyWebhookSignature object at 0x000001A19E970BC0>

    def test_no_secret_returns_true(self):
        """Testa que sem segredo configurado retorna True."""
        from fastapi import Request
        from unittest.mock import MagicMock
    
        mock_request = MagicMock(spec=Request)
        mock_request.headers.get.return_value = ""
    
        # Função síncrona agora
        result = verify_webhook_signature(mock_request, "", b"")
    
>       assert result is True
E       assert False is True

tests\test_webhook.py:135: AssertionError
---------------------------- Captured stdout call -----------------------------
\n============================================================\n[VERIFY] VERIFICACAO DE ASSINATURA DO WEBHOOK MERCADO PAGO\n============================================================\nDEBUG - Headers Recebidos: {}\nDEBUG - Body Recebido: b''\n\u2705 DEBUG - Secret lida do .env: e0efdafb...\n\U0001f4e5 DEBUG - x-signature-v1: \n\U0001f4e5 DEBUG - x-signature-ts: \n\U0001f4e5 DEBUG - x-request-id: \n[ERROR] Cabe\xe7alho x-signature-v1 ausente
_________ TestVerifyWebhookSignature.test_valid_signature_components __________

self = <tests.test_webhook.TestVerifyWebhookSignature object at 0x000001A19E9711C0>

    def test_valid_signature_components(self):
        """Testa que com componentes válidos retorna True."""
        from fastapi import Request
        from unittest.mock import MagicMock
    
        # Criar mock com headers como dict
        headers = {
            "x-signature": "id=123,timestamp=456,signature=abc",
            "x-request-id": "req-123"
        }
        mock_request = MagicMock(spec=Request)
        mock_request.headers = MagicMock()
        mock_request.headers.get = lambda key, default=None: headers.get(key, default)
    
        result = verify_webhook_signature(mock_request, "secret", b"")
    
>       assert result is True
E       assert False is True

tests\test_webhook.py:165: AssertionError
---------------------------- Captured stdout call -----------------------------
\n============================================================\n[VERIFY] VERIFICACAO DE ASSINATURA DO WEBHOOK MERCADO PAGO\n============================================================\nDEBUG - Headers Recebidos: {}\nDEBUG - Body Recebido: b''\n\u2705 DEBUG - Secret lida do .env: e0efdafb...\n\U0001f4e5 DEBUG - x-signature-v1: \n\U0001f4e5 DEBUG - x-signature-ts: \n\U0001f4e5 DEBUG - x-request-id: req-123\n[ERROR] Cabe\xe7alho x-signature-v1 ausente
_____________ TestWebhookEndpoint.test_webhook_missing_payment_id _____________

self = <tests.test_webhook.TestWebhookEndpoint object at 0x000001A19E9704A0>
client = <httpx.AsyncClient object at 0x000001A1A06BD7C0>

    @pytest.mark.asyncio
    async def test_webhook_missing_payment_id(self, client: AsyncClient):
        """Testa webhook com payment ID ausente."""
        # Agora retorna 401 porque a assinatura é verificada
        # Precisamos mockar ou usar um segredo vazio para teste
        response = await client.post(
            "/webhook/mercadopago",
            json={
                "type": "payment",
                "action": "payment.created",
                "data": {}
            },
            headers={"x-signature": "id=test,timestamp=123,signature=abc"}
        )
        # A validação de assinatura pode falhar, mas o important é que processa
>       assert response.status_code in [200, 400, 401]
E       assert 403 in [200, 400, 401]
E        +  where 403 = <Response [403 Forbidden]>.status_code

tests\test_webhook.py:312: AssertionError
---------------------------- Captured stdout call -----------------------------
\n\n>>> ALGO CHEGOU NO WEBHOOK! <<<\nHeaders recebidos: {'host': 'test', 'accept': '*/*', 'accept-encoding': 'gzip, deflate', 'connection': 'keep-alive', 'user-agent': 'python-httpx/0.26.0', 'x-signature': 'id=test,timestamp=123,signature=abc', 'content-length': '60', 'content-type': 'application/json'}\n\n============================================================\n[VERIFY] VERIFICACAO DE ASSINATURA DO WEBHOOK MERCADO PAGO\n============================================================\nDEBUG - Headers Recebidos: {'host': 'test', 'accept': '*/*', 'accept-encoding': 'gzip, deflate', 'connection': 'keep-alive', 'user-agent': 'python-httpx/0.26.0', 'x-signature': 'id=test,timestamp=123,signature=abc', 'content-length': '60', 'content-type': 'application/json'}\nDEBUG - Body Recebido: {'type': 'payment', 'action': 'payment.created', 'data': {}}\n\u2705 DEBUG - Secret lida do .env: e0efdafb...\n\U0001f4e5 DEBUG - x-signature-v1: \n\U0001f4e5 DEBUG - x-signature-ts: \n\U0001f4e5 DEBUG - x-request-id: \n[ERROR] Cabe\xe7alho x-signature-v1 ausente\nASSINATURA INVALIDA
---------------------------- Captured stderr call -----------------------------
2026-03-19 11:45:02 | INFO     | app.routers.webhook_pagamento | webhook_mercadopago:651 | Iniciando processamento de webhook - webhook_id=local_1773931502, request_id=unknown
2026-03-19 11:45:02,406 - app.routers.webhook_pagamento - INFO - Iniciando processamento de webhook - webhook_id=local_1773931502, request_id=unknown
2026-03-19 11:45:02 | INFO     | app.routers.webhook_pagamento | webhook_mercadopago:662 | Payload recebido - webhook_id=local_1773931502, type=payment, action=payment.created
2026-03-19 11:45:02,407 - app.routers.webhook_pagamento - INFO - Payload recebido - webhook_id=local_1773931502, type=payment, action=payment.created
2026-03-19 11:45:02 | WARNING  | app.routers.webhook_pagamento | webhook_mercadopago:697 | Assinatura de webhook inválida - request_id=unknown, webhook_id=local_1773931502
2026-03-19 11:45:02,408 - app.routers.webhook_pagamento - WARNING - Assinatura de webhook inválida - request_id=unknown, webhook_id=local_1773931502
2026-03-19 11:45:02 | INFO     | app.routers.webhook_pagamento | log_webhook_event:597 | Log de webhook criado - id=1, webhook_id=local_1773931502, status=error
2026-03-19 11:45:02,440 - app.routers.webhook_pagamento - INFO - Log de webhook criado - id=1, webhook_id=local_1773931502, status=error
2026-03-19 11:45:02,441 - httpx - INFO - HTTP Request: POST http://test/webhook/mercadopago "HTTP/1.1 403 Forbidden"
------------------------------ Captured log call ------------------------------
INFO     app.routers.webhook_pagamento:webhook_pagamento.py:651 Iniciando processamento de webhook - webhook_id=local_1773931502, request_id=unknown
INFO     app.routers.webhook_pagamento:webhook_pagamento.py:662 Payload recebido - webhook_id=local_1773931502, type=payment, action=payment.created
WARNING  app.routers.webhook_pagamento:webhook_pagamento.py:697 Assinatura de webhook inválida - request_id=unknown, webhook_id=local_1773931502
INFO     app.routers.webhook_pagamento:webhook_pagamento.py:597 Log de webhook criado - id=1, webhook_id=local_1773931502, status=error
INFO     httpx:_client.py:1758 HTTP Request: POST http://test/webhook/mercadopago "HTTP/1.1 403 Forbidden"
______________ TestWebhookEndpoint.test_webhook_unsupported_type ______________

self = <tests.test_webhook.TestWebhookEndpoint object at 0x000001A19E971DF0>
client = <httpx.AsyncClient object at 0x000001A19FF83A70>

    @pytest.mark.asyncio
    async def test_webhook_unsupported_type(self, client: AsyncClient):
        """Testa webhook com tipo não suportado."""
        # Agora retorna 401 porque a assinatura é verificada
        # Precisamos fornecer uma assinatura válida para passar
        response = await client.post(
            "/webhook/mercadopago",
            json={
                "type": "unknown",
                "action": "test",
                "data": {"id": 123}
            },
            headers={"x-signature": "id=test,timestamp=123,signature=abc"}
        )
        # Com assinatura, deve retornar 200 (ignored) ou 400
>       assert response.status_code in [200, 400, 401]
E       assert 403 in [200, 400, 401]
E        +  where 403 = <Response [403 Forbidden]>.status_code

tests\test_webhook.py:339: AssertionError
---------------------------- Captured stdout call -----------------------------
\n\n>>> ALGO CHEGOU NO WEBHOOK! <<<\nHeaders recebidos: {'host': 'test', 'accept': '*/*', 'accept-encoding': 'gzip, deflate', 'connection': 'keep-alive', 'user-agent': 'python-httpx/0.26.0', 'x-signature': 'id=test,timestamp=123,signature=abc', 'content-length': '58', 'content-type': 'application/json'}\n\n============================================================\n[VERIFY] VERIFICACAO DE ASSINATURA DO WEBHOOK MERCADO PAGO\n============================================================\nDEBUG - Headers Recebidos: {'host': 'test', 'accept': '*/*', 'accept-encoding': 'gzip, deflate', 'connection': 'keep-alive', 'user-agent': 'python-httpx/0.26.0', 'x-signature': 'id=test,timestamp=123,signature=abc', 'content-length': '58', 'content-type': 'application/json'}\nDEBUG - Body Recebido: {'type': 'unknown', 'action': 'test', 'data': {'id': 123}}\n\u2705 DEBUG - Secret lida do .env: e0efdafb...\n\U0001f4e5 DEBUG - x-signature-v1: \n\U0001f4e5 DEBUG - x-signature-ts: \n\U0001f4e5 DEBUG - x-request-id: \n[ERROR] Cabe\xe7alho x-signature-v1 ausente\nASSINATURA INVALIDA
---------------------------- Captured stderr call -----------------------------
2026-03-19 11:45:03 | INFO     | app.routers.webhook_pagamento | webhook_mercadopago:651 | Iniciando processamento de webhook - webhook_id=local_1773931503, request_id=unknown
2026-03-19 11:45:03,766 - app.routers.webhook_pagamento - INFO - Iniciando processamento de webhook - webhook_id=local_1773931503, request_id=unknown
2026-03-19 11:45:03 | INFO     | app.routers.webhook_pagamento | webhook_mercadopago:662 | Payload recebido - webhook_id=local_1773931503, type=unknown, action=test
2026-03-19 11:45:03,768 - app.routers.webhook_pagamento - INFO - Payload recebido - webhook_id=local_1773931503, type=unknown, action=test
2026-03-19 11:45:03 | WARNING  | app.routers.webhook_pagamento | webhook_mercadopago:697 | Assinatura de webhook inválida - request_id=unknown, webhook_id=local_1773931503
2026-03-19 11:45:03,769 - app.routers.webhook_pagamento - WARNING - Assinatura de webhook inválida - request_id=unknown, webhook_id=local_1773931503
2026-03-19 11:45:03 | INFO     | app.routers.webhook_pagamento | log_webhook_event:597 | Log de webhook criado - id=1, webhook_id=local_1773931503, status=error
2026-03-19 11:45:03,912 - app.routers.webhook_pagamento - INFO - Log de webhook criado - id=1, webhook_id=local_1773931503, status=error
2026-03-19 11:45:03,913 - httpx - INFO - HTTP Request: POST http://test/webhook/mercadopago "HTTP/1.1 403 Forbidden"
------------------------------ Captured log call ------------------------------
INFO     app.routers.webhook_pagamento:webhook_pagamento.py:651 Iniciando processamento de webhook - webhook_id=local_1773931503, request_id=unknown
INFO     app.routers.webhook_pagamento:webhook_pagamento.py:662 Payload recebido - webhook_id=local_1773931503, type=unknown, action=test
WARNING  app.routers.webhook_pagamento:webhook_pagamento.py:697 Assinatura de webhook inválida - request_id=unknown, webhook_id=local_1773931503
INFO     app.routers.webhook_pagamento:webhook_pagamento.py:597 Log de webhook criado - id=1, webhook_id=local_1773931503, status=error
INFO     httpx:_client.py:1758 HTTP Request: POST http://test/webhook/mercadopago "HTTP/1.1 403 Forbidden"
___________ TestWebhookIntegration.test_full_webhook_flow_with_user ___________

self = <tests.test_webhook.TestWebhookIntegration object at 0x000001A19E9722A0>
client = <httpx.AsyncClient object at 0x000001A1A00123C0>
db_session = <sqlalchemy.ext.asyncio.session.AsyncSession object at 0x000001A19FF81E50>

    @pytest.mark.asyncio
    async def test_full_webhook_flow_with_user(self, client: AsyncClient, db_session: AsyncSession):
        """Testa o fluxo completo do webhook com usuário existente."""
        # Cria usuário primeiro
        user = User(
            username="webhookuser",
            email="webhook@example.com",
            full_name="Webhook User",
            password_hash="hash",
            saldo_credito=Decimal("0.00")
        )
        db_session.add(user)
        await db_session.commit()
    
        # Simula chamada ao webhook (sem validação de assinatura para teste)
        with patch('app.routers.webhook_pagamento.validate_payment_mercadopago_with_retry') as mock_validate:
            mock_validate.return_value = {
                "id": 123456,
                "status": "approved",
                "status_detail": "accredited",
                "transaction_amount": 100.00,
                "currency_id": "BRL",
                "external_reference": str(user.id),
                "payment_method_id": "pix"
            }
    
            response = await client.post(
                "/webhook/mercadopago",
                json={
                    "type": "payment",
                    "action": "payment.created",
                    "data": {"id": 123456}
                }
            )
    
            # O teste deve retornar erro 400 porque não tem token configurado corretamente
            # ou retorno de validação de assinatura
            # Isso é esperado em ambiente de teste
>           assert response.status_code in [200, 400, 401]
E           assert 403 in [200, 400, 401]
E            +  where 403 = <Response [403 Forbidden]>.status_code

tests\test_webhook.py:383: AssertionError
---------------------------- Captured stdout call -----------------------------
\n\n>>> ALGO CHEGOU NO WEBHOOK! <<<\nHeaders recebidos: {'host': 'test', 'accept': '*/*', 'accept-encoding': 'gzip, deflate', 'connection': 'keep-alive', 'user-agent': 'python-httpx/0.26.0', 'content-length': '72', 'content-type': 'application/json'}\n\n============================================================\n[VERIFY] VERIFICACAO DE ASSINATURA DO WEBHOOK MERCADO PAGO\n============================================================\nDEBUG - Headers Recebidos: {'host': 'test', 'accept': '*/*', 'accept-encoding': 'gzip, deflate', 'connection': 'keep-alive', 'user-agent': 'python-httpx/0.26.0', 'content-length': '72', 'content-type': 'application/json'}\nDEBUG - Body Recebido: {'type': 'payment', 'action': 'payment.created', 'data': {'id': 123456}}\n\u2705 DEBUG - Secret lida do .env: e0efdafb...\n\U0001f4e5 DEBUG - x-signature-v1: \n\U0001f4e5 DEBUG - x-signature-ts: \n\U0001f4e5 DEBUG - x-request-id: \n[ERROR] Cabe\xe7alho x-signature-v1 ausente\nASSINATURA INVALIDA
---------------------------- Captured stderr call -----------------------------
2026-03-19 11:45:04 | INFO     | app.routers.webhook_pagamento | webhook_mercadopago:651 | Iniciando processamento de webhook - webhook_id=local_1773931504, request_id=unknown
2026-03-19 11:45:04,642 - app.routers.webhook_pagamento - INFO - Iniciando processamento de webhook - webhook_id=local_1773931504, request_id=unknown
2026-03-19 11:45:04 | INFO     | app.routers.webhook_pagamento | webhook_mercadopago:662 | Payload recebido - webhook_id=local_1773931504, type=payment, action=payment.created
2026-03-19 11:45:04,642 - app.routers.webhook_pagamento - INFO - Payload recebido - webhook_id=local_1773931504, type=payment, action=payment.created
2026-03-19 11:45:04 | WARNING  | app.routers.webhook_pagamento | webhook_mercadopago:697 | Assinatura de webhook inválida - request_id=unknown, webhook_id=local_1773931504
2026-03-19 11:45:04,643 - app.routers.webhook_pagamento - WARNING - Assinatura de webhook inválida - request_id=unknown, webhook_id=local_1773931504
2026-03-19 11:45:04 | INFO     | app.routers.webhook_pagamento | log_webhook_event:597 | Log de webhook criado - id=1, webhook_id=local_1773931504, status=error
2026-03-19 11:45:04,671 - app.routers.webhook_pagamento - INFO - Log de webhook criado - id=1, webhook_id=local_1773931504, status=error
2026-03-19 11:45:04,671 - httpx - INFO - HTTP Request: POST http://test/webhook/mercadopago "HTTP/1.1 403 Forbidden"
------------------------------ Captured log call ------------------------------
INFO     app.routers.webhook_pagamento:webhook_pagamento.py:651 Iniciando processamento de webhook - webhook_id=local_1773931504, request_id=unknown
INFO     app.routers.webhook_pagamento:webhook_pagamento.py:662 Payload recebido - webhook_id=local_1773931504, type=payment, action=payment.created
WARNING  app.routers.webhook_pagamento:webhook_pagamento.py:697 Assinatura de webhook inválida - request_id=unknown, webhook_id=local_1773931504
INFO     app.routers.webhook_pagamento:webhook_pagamento.py:597 Log de webhook criado - id=1, webhook_id=local_1773931504, status=error
INFO     httpx:_client.py:1758 HTTP Request: POST http://test/webhook/mercadopago "HTTP/1.1 403 Forbidden"
============================== warnings summary ===============================
venv\Lib\site-packages\pydantic\_internal\_config.py:271: 13 warnings
  C:\Users\Kaue_Martins\Desktop\saka-delivery-kds\backend\venv\Lib\site-packages\pydantic\_internal\_config.py:271: PydanticDeprecatedSince20: Support for class-based `config` is deprecated, use ConfigDict instead. Deprecated in Pydantic V2.0 to be removed in V3.0. See Pydantic V2 Migration Guide at https://errors.pydantic.dev/2.5/migration/
    warnings.warn(DEPRECATION_MESSAGE, DeprecationWarning)

tests/test_auth.py: 4 warnings
tests/test_credito.py: 4 warnings
tests/test_repasse.py: 3 warnings
  C:\Users\Kaue_Martins\Desktop\saka-delivery-kds\backend\app\services\user_service.py:78: DeprecationWarning: datetime.datetime.utcnow() is deprecated and scheduled for removal in a future version. Use timezone-aware objects to represent datetimes in UTC: datetime.datetime.now(datetime.UTC).
    "created_at": datetime.utcnow()

tests/test_webhook.py::TestCheckIdempotency::test_duplicate_found
tests/test_webhook.py::TestLogWebhookEvent::test_create_log_entry
tests/test_webhook.py::TestAddCreditToUser::test_add_credit_success
tests/test_webhook.py::TestWebhookEndpoint::test_webhook_missing_payment_id
tests/test_webhook.py::TestWebhookEndpoint::test_webhook_invalid_payload
tests/test_webhook.py::TestWebhookEndpoint::test_webhook_unsupported_type
tests/test_webhook.py::TestWebhookIntegration::test_full_webhook_flow_with_user
tests/test_webhook.py::TestWebhookIntegration::test_full_webhook_flow_with_user
  C:\Users\Kaue_Martins\Desktop\saka-delivery-kds\backend\venv\Lib\site-packages\sqlalchemy\sql\schema.py:3593: DeprecationWarning: datetime.datetime.utcnow() is deprecated and scheduled for removal in a future version. Use timezone-aware objects to represent datetimes in UTC: datetime.datetime.now(datetime.UTC).
    return util.wrap_callable(lambda ctx: fn(), fn)  # type: ignore

tests/test_webhook.py::TestLogWebhookEvent::test_create_log_entry
tests/test_webhook.py::TestWebhookEndpoint::test_webhook_missing_payment_id
tests/test_webhook.py::TestWebhookEndpoint::test_webhook_invalid_payload
tests/test_webhook.py::TestWebhookEndpoint::test_webhook_unsupported_type
tests/test_webhook.py::TestWebhookIntegration::test_full_webhook_flow_with_user
  C:\Users\Kaue_Martins\Desktop\saka-delivery-kds\backend\app\routers\webhook_pagamento.py:590: DeprecationWarning: datetime.datetime.utcnow() is deprecated and scheduled for removal in a future version. Use timezone-aware objects to represent datetimes in UTC: datetime.datetime.now(datetime.UTC).
    processed_at=datetime.utcnow() if status in ["success", "error", "duplicate", "ignored"] else None

-- Docs: https://docs.pytest.org/en/stable/how-to/capture-warnings.html
=========================== short test summary info ===========================
FAILED tests/test_auth.py::test_register_user - sqlalchemy.exc.StatementError...
FAILED tests/test_auth.py::test_register_duplicate_username - sqlalchemy.exc....
FAILED tests/test_auth.py::test_login_success - sqlalchemy.exc.StatementError...
FAILED tests/test_auth.py::test_get_me_authenticated - sqlalchemy.exc.Stateme...
FAILED tests/test_credito.py::test_insufficient_credit - sqlalchemy.exc.State...
FAILED tests/test_credito.py::test_comprar_pacote_and_create_order - sqlalche...
FAILED tests/test_credito.py::test_via_arnaldo_creates_repasse - sqlalchemy.e...
FAILED tests/test_credito.py::test_credit_deduction_sequential - sqlalchemy.e...
FAILED tests/test_repasse.py::test_repasse_mensal_empty - sqlalchemy.exc.Stat...
FAILED tests/test_repasse.py::test_repasse_multiple_orders - sqlalchemy.exc.S...
FAILED tests/test_repasse.py::test_marcar_repasse_como_pago - sqlalchemy.exc....
FAILED tests/test_webhook.py::TestVerifyWebhookSignature::test_no_secret_returns_true
FAILED tests/test_webhook.py::TestVerifyWebhookSignature::test_valid_signature_components
FAILED tests/test_webhook.py::TestWebhookEndpoint::test_webhook_missing_payment_id
FAILED tests/test_webhook.py::TestWebhookEndpoint::test_webhook_unsupported_type
FAILED tests/test_webhook.py::TestWebhookIntegration::test_full_webhook_flow_with_user
================= 16 failed, 20 passed, 37 warnings in 25.94s =================
